12-18 22:07:37.118 14214 14214 D BaseDepthController: shouldBlurWorkspace: false targetState: Normal currentStableState: Normal mCurrentBlur: 0 mLauncher.getDepthBlurTargets(): [com.android.launcher3.Workspace{b2b721b V.ED..... ........ 0,0-1080,2400 #7f0a049d app:id/workspace}, com.android.launcher3.Hotseat{a25ffb8 V.ED..... ........ 0,1905-1080,2400 #7f0a01ee app:id/hotseat}]
12-18 22:07:37.115 13531 13629 I libprocessgroup: Removed cgroup /sys/fs/cgroup/apps/uid_10218/pid_18169
12-18 22:07:37.135 14214 14214 V BaseDepthController: Applying blur: 0 to Surface(name=com.google.android.apps.nexuslauncher/com.google.android.apps.nexuslauncher.NexusLauncherActivity#566)/@0x474e5b7 applyImmediately: false
12-18 22:07:37.135 14214 14214 D BaseDepthController: shouldBlurWorkspace: false targetState: Normal currentStableState: Normal mCurrentBlur: 0 mLauncher.getDepthBlurTargets(): [com.android.launcher3.Workspace{b2b721b V.ED..... ........ 0,0-1080,2400 #7f0a049d app:id/workspace}, com.android.launcher3.Hotseat{a25ffb8 V.ED..... ........ 0,1905-1080,2400 #7f0a01ee app:id/hotseat}]
12-18 22:07:37.139 15908 18194 W GmsWeatherProviderContr: Failed to fetch weather tile
12-18 22:07:37.139 15908 18194 W GmsWeatherProviderContr: ihoc: INVALID_ARGUMENT: Application credential header not valid. Please fix the client to pass a valid application credential header.
12-18 22:07:37.139 15908 18194 W GmsWeatherProviderContr: 	at bcyb.s(:com.google.android.gms@254732035@25.47.32 (260400-838947801):31)
12-18 22:07:37.139 15908 18194 W GmsWeatherProviderContr: 	at bcyb.f(:com.google.android.gms@254732035@25.47.32 (260400-838947801):90)
12-18 22:07:37.139 15908 18194 W GmsWeatherProviderContr: 	at gazz.a(:com.google.android.gms@254732035@25.47.32 (260400-838947801):45)
12-18 22:07:37.139 15908 18194 W GmsWeatherProviderContr: 	at gazt.b(:com.google.android.gms@254732035@25.47.32 (260400-838947801):277)
12-18 22:07:37.139 15908 18194 W GmsWeatherProviderContr: 	at gccb.g(:com.google.android.gms@254732035@25.47.32 (260400-838947801):15)
12-18 22:07:37.139 15908 18194 W GmsWeatherProviderContr: 	at gcbx.run(:com.google.android.gms@254732035@25.47.32 (260400-838947801):163)
12-18 22:07:37.139 15908 18194 W GmsWeatherProviderContr: 	at bden.c(:com.google.android.gms@254732035@25.47.32 (260400-838947801):50)
12-18 22:07:37.139 15908 18194 W GmsWeatherProviderContr: 	at bden.run(:com.google.android.gms@254732035@25.47.32 (260400-838947801):73)
12-18 22:07:37.139 15908 18194 W GmsWeatherProviderContr: 	at java.util.concurrent.ThreadPoolExecutor.runWorker(ThreadPoolExecutor.java:1154)
12-18 22:07:37.139 15908 18194 W GmsWeatherProviderContr: 	at java.util.concurrent.ThreadPoolExecutor$Worker.run(ThreadPoolExecutor.java:652)
12-18 22:07:37.139 15908 18194 W GmsWeatherProviderContr: 	at bdke.run(:com.google.android.gms@254732035@25.47.32 (260400-838947801):8)
12-18 22:07:37.139 15908 18194 W GmsWeatherProviderContr: 	at java.lang.Thread.run(Thread.java:1563)
12-18 22:07:37.145 13531 13903 D UwbCountryCode: Set location country code to: US
12-18 22:07:37.146 13531 13903 I UwbCountryCode: Ignoring already set country code: US
12-18 22:07:37.152 14214 14214 V BaseDepthController: Applying blur: 0 to Surface(name=com.google.android.apps.nexuslauncher/com.google.android.apps.nexuslauncher.NexusLauncherActivity#566)/@0x474e5b7 applyImmediately: false
12-18 22:07:37.152 14214 14214 D BaseDepthController: shouldBlurWorkspace: false targetState: Normal currentStableState: Normal mCurrentBlur: 0 mLauncher.getDepthBlurTargets(): [com.android.launcher3.Workspace{b2b721b V.ED..... ........ 0,0-1080,2400 #7f0a049d app:id/workspace}, com.android.launcher3.Hotseat{a25ffb8 V.ED..... ........ 0,1905-1080,2400 #7f0a01ee app:id/hotseat}]
12-18 22:07:37.170 14214 14214 V BaseDepthController: Applying blur: 0 to Surface(name=com.google.android.apps.nexuslauncher/com.google.android.apps.nexuslauncher.NexusLauncherActivity#566)/@0x474e5b7 applyImmediately: false
12-18 22:07:37.170 14214 14214 D BaseDepthController: shouldBlurWorkspace: false targetState: Normal currentStableState: Normal mCurrentBlur: 0 mLauncher.getDepthBlurTargets(): [com.android.launcher3.Workspace{b2b721b V.ED..... ........ 0,0-1080,2400 #7f0a049d app:id/workspace}, com.android.launcher3.Hotseat{a25ffb8 V.ED..... ........ 0,1905-1080,2400 #7f0a01ee app:id/hotseat}]
12-18 22:07:37.185 14214 14214 V BaseDepthController: Applying blur: 0 to Surface(name=com.google.android.apps.nexuslauncher/com.google.android.apps.nexuslauncher.NexusLauncherActivity#566)/@0x474e5b7 applyImmediately: false
12-18 22:07:37.185 14214 14214 D BaseDepthController: shouldBlurWorkspace: false targetState: Normal currentStableState: Normal mCurrentBlur: 0 mLauncher.getDepthBlurTargets(): [com.android.launcher3.Workspace{b2b721b V.ED..... ........ 0,0-1080,2400 #7f0a049d app:id/workspace}, com.android.launcher3.Hotseat{a25ffb8 V.ED..... ........ 0,1905-1080,2400 #7f0a01ee app:id/hotseat}]
12-18 22:07:37.201 14214 14214 V BaseDepthController: Applying blur: 0 to Surface(name=com.google.android.apps.nexuslauncher/com.google.android.apps.nexuslauncher.NexusLauncherActivity#566)/@0x474e5b7 applyImmediately: false
12-18 22:07:37.201 14214 14214 D BaseDepthController: shouldBlurWorkspace: false targetState: Normal currentStableState: Normal mCurrentBlur: 0 mLauncher.getDepthBlurTargets(): [com.android.launcher3.Workspace{b2b721b V.ED..... ........ 0,0-1080,2400 #7f0a049d app:id/workspace}, com.android.launcher3.Hotseat{a25ffb8 V.ED..... ........ 0,1905-1080,2400 #7f0a01ee app:id/hotseat}]
12-18 22:07:37.219 14214 14214 V BaseDepthController: Applying blur: 0 to Surface(name=com.google.android.apps.nexuslauncher/com.google.android.apps.nexuslauncher.NexusLauncherActivity#566)/@0x474e5b7 applyImmediately: false
12-18 22:07:37.219 14214 14214 D BaseDepthController: shouldBlurWorkspace: false targetState: Normal currentStableState: Normal mCurrentBlur: 0 mLauncher.getDepthBlurTargets(): [com.android.launcher3.Workspace{b2b721b V.ED..... ........ 0,0-1080,2400 #7f0a049d app:id/workspace}, com.android.launcher3.Hotseat{a25ffb8 V.ED..... ........ 0,1905-1080,2400 #7f0a01ee app:id/hotseat}]
12-18 22:07:37.254 14214 14214 V BaseDepthController: Applying blur: 0 to Surface(name=com.google.android.apps.nexuslauncher/com.google.android.apps.nexuslauncher.NexusLauncherActivity#566)/@0x474e5b7 applyImmediately: false
12-18 22:07:37.254 14214 14214 D BaseDepthController: shouldBlurWorkspace: false targetState: Normal currentStableState: Normal mCurrentBlur: 0 mLauncher.getDepthBlurTargets(): [com.android.launcher3.Workspace{b2b721b V.ED..... ........ 0,0-1080,2400 #7f0a049d app:id/workspace}, com.android.launcher3.Hotseat{a25ffb8 V.ED..... ........ 0,1905-1080,2400 #7f0a01ee app:id/hotseat}]
12-18 22:07:37.281 14214 14214 V BaseDepthController: Applying blur: 0 to Surface(name=com.google.android.apps.nexuslauncher/com.google.android.apps.nexuslauncher.NexusLauncherActivity#566)/@0x474e5b7 applyImmediately: false
12-18 22:07:37.281 14214 14214 D BaseDepthController: shouldBlurWorkspace: false targetState: Normal currentStableState: Normal mCurrentBlur: 0 mLauncher.getDepthBlurTargets(): [com.android.launcher3.Workspace{b2b721b V.ED..... ........ 0,0-1080,2400 #7f0a049d app:id/workspace}, com.android.launcher3.Hotseat{a25ffb8 V.ED..... ........ 0,1905-1080,2400 #7f0a01ee app:id/hotseat}]
12-18 22:07:37.303 14214 14214 V BaseDepthController: Applying blur: 0 to Surface(name=com.google.android.apps.nexuslauncher/com.google.android.apps.nexuslauncher.NexusLauncherActivity#566)/@0x474e5b7 applyImmediately: false
12-18 22:07:37.303 14214 14214 D BaseDepthController: shouldBlurWorkspace: false targetState: Normal currentStableState: Normal mCurrentBlur: 0 mLauncher.getDepthBlurTargets(): [com.android.launcher3.Workspace{b2b721b V.ED..... ........ 0,0-1080,2400 #7f0a049d app:id/workspace}, com.android.launcher3.Hotseat{a25ffb8 V.ED..... ........ 0,1905-1080,2400 #7f0a01ee app:id/hotseat}]
12-18 22:07:37.336 14214 14214 V BaseDepthController: Applying blur: 0 to Surface(name=com.google.android.apps.nexuslauncher/com.google.android.apps.nexuslauncher.NexusLauncherActivity#566)/@0x474e5b7 applyImmediately: false
12-18 22:07:37.336 14214 14214 D BaseDepthController: shouldBlurWorkspace: false targetState: Normal currentStableState: Normal mCurrentBlur: 0 mLauncher.getDepthBlurTargets(): [com.android.launcher3.Workspace{b2b721b V.ED..... ........ 0,0-1080,2400 #7f0a049d app:id/workspace}, com.android.launcher3.Hotseat{a25ffb8 V.ED..... ........ 0,1905-1080,2400 #7f0a01ee app:id/hotseat}]
12-18 22:07:37.377 18239 18239 W libbinder.BackendUnifiedServiceManager: Thread Pool max thread count is 0. Cannot cache binder as linkToDeath cannot be implemented. serviceName: package
12-18 22:07:37.387 14214 14214 V BaseDepthController: Applying blur: 0 to Surface(name=com.google.android.apps.nexuslauncher/com.google.android.apps.nexuslauncher.NexusLauncherActivity#566)/@0x474e5b7 applyImmediately: false
12-18 22:07:37.387 14214 14214 D BaseDepthController: shouldBlurWorkspace: false targetState: Normal currentStableState: Normal mCurrentBlur: 0 mLauncher.getDepthBlurTargets(): [com.android.launcher3.Workspace{b2b721b V.ED..... ........ 0,0-1080,2400 #7f0a049d app:id/workspace}, com.android.launcher3.Hotseat{a25ffb8 V.ED..... ........ 0,1905-1080,2400 #7f0a01ee app:id/hotseat}]
12-18 22:07:37.453 14214 14214 V BaseDepthController: Applying blur: 0 to Surface(name=com.google.android.apps.nexuslauncher/com.google.android.apps.nexuslauncher.NexusLauncherActivity#566)/@0x474e5b7 applyImmediately: false
12-18 22:07:37.453 14214 14214 D BaseDepthController: setEarlyWakeup: false
12-18 22:07:37.453 14214 14214 D BaseDepthController: shouldBlurWorkspace: false targetState: Normal currentStableState: Normal mCurrentBlur: 0 mLauncher.getDepthBlurTargets(): [com.android.launcher3.Workspace{b2b721b V.ED..... ........ 0,0-1080,2400 #7f0a049d app:id/workspace}, com.android.launcher3.Hotseat{a25ffb8 V.ED..... ........ 0,1905-1080,2400 #7f0a01ee app:id/hotseat}]
12-18 22:07:37.521 13801 13805 I artd    : GetBestInfo: odex next to the dex file (/data/app/~~TCt0WREUSANv1r6ZJzk6mQ==/com.google.android.gms-a1Qy08zQYjdnRKNiFAW7Jw==/oat/arm64/base.odex) is kOatUpToDate with filter 'speed-profile' executable 'false'
12-18 22:07:37.530 13801 13805 I artd    : GetBestInfo: odex next to the dex file (/data/app/~~TCt0WREUSANv1r6ZJzk6mQ==/com.google.android.gms-a1Qy08zQYjdnRKNiFAW7Jw==/oat/arm64/split_AdsDynamite_installtime.odex) is kOatUpToDate with filter 'speed' executable 'false'
12-18 22:07:37.535 13801 13803 I artd    : GetBestInfo: odex next to the dex file (/data/app/~~TCt0WREUSANv1r6ZJzk6mQ==/com.google.android.gms-a1Qy08zQYjdnRKNiFAW7Jw==/oat/arm64/split_CronetDynamite_installtime.odex) is kOatUpToDate with filter 'speed-profile' executable 'false'
12-18 22:07:37.539 13801 13805 I artd    : GetBestInfo: odex next to the dex file (/data/app/~~TCt0WREUSANv1r6ZJzk6mQ==/com.google.android.gms-a1Qy08zQYjdnRKNiFAW7Jw==/oat/arm64/split_DynamiteLoader_installtime.odex) is kOatUpToDate with filter 'speed' executable 'false'
12-18 22:07:37.540 13801 13803 I artd    : GetBestInfo: odex next to the dex file (/data/app/~~TCt0WREUSANv1r6ZJzk6mQ==/com.google.android.gms-a1Qy08zQYjdnRKNiFAW7Jw==/oat/arm64/split_DynamiteModulesA_installtime.odex) is kOatUpToDate with filter 'speed' executable 'false'
12-18 22:07:37.542 13801 13803 I artd    : GetBestInfo: odex next to the dex file (/data/app/~~TCt0WREUSANv1r6ZJzk6mQ==/com.google.android.gms-a1Qy08zQYjdnRKNiFAW7Jw==/oat/arm64/split_DynamiteModulesC_installtime.odex) is kOatUpToDate with filter 'speed' executable 'false'
12-18 22:07:37.545 13801 13803 I artd    : GetBestInfo: odex next to the dex file (/data/app/~~TCt0WREUSANv1r6ZJzk6mQ==/com.google.android.gms-a1Qy08zQYjdnRKNiFAW7Jw==/oat/arm64/split_GoogleCertificates_installtime.odex) is kOatUpToDate with filter 'speed' executable 'false'
12-18 22:07:37.548 13801 13805 I artd    : GetBestInfo: odex next to the dex file (/data/app/~~TCt0WREUSANv1r6ZJzk6mQ==/com.google.android.gms-a1Qy08zQYjdnRKNiFAW7Jw==/oat/arm64/split_MapsDynamite_installtime.odex) is kOatUpToDate with filter 'speed' executable 'false'
12-18 22:07:37.559 13801 13803 I artd    : GetBestInfo: odex next to the dex file (/data/app/~~TCt0WREUSANv1r6ZJzk6mQ==/com.google.android.gms-a1Qy08zQYjdnRKNiFAW7Jw==/oat/arm64/split_MeasurementDynamite_installtime.odex) is kOatUpToDate with filter 'speed' executable 'false'
12-18 22:07:37.562 13801 13803 I artd    : GetBestInfo: vdex next to the dex file (/data/user/0/com.google.android.gms/app_dg_cache/981325FE712DE8A8AB83655EBBCFB0558EA27BAD/oat/arm64/the.vdex) is kOatUpToDate with filter 'verify' executable 'false'
12-18 22:07:37.563 13801 13805 I artd    : GetBestInfo: /data/user_de/0/com.google.android.gms/app_chimera/m/00000001/CronetDynamite.apk has no usable artifacts
12-18 22:07:37.563 13801 13803 I artd    : GetBestInfo: /data/user_de/0/com.google.android.gms/app_chimera/m/00000002/DynamiteLoader.apk has no usable artifacts
12-18 22:07:37.563 13801 13804 I artd    : GetBestInfo: /data/user_de/0/com.google.android.gms/app_chimera/m/0000000b/dl-TfliteDynamiteDynamite.integ_243930802100400.apk has no usable artifacts
12-18 22:07:37.564 13801 13804 I artd    : GetBestInfo: /data/user_de/0/com.google.android.gms/app_chimera/m/00000005/GoogleCertificates.apk has no usable artifacts
12-18 22:07:37.564 13801 13804 W artd    : Could not get dex checksums for location /data/app/~~ljFPUmcFvKBB3g5sSCWbKw==/com.google.android.gms-Im9KHeNObUZnKEFRFXC_Ww==/base.apk, fd=-1
12-18 22:07:37.565 13801 13804 I artd    : GetBestInfo: /data/user_de/0/com.google.android.gms/app_chimera/m/00000012/dl-MlkitOcrCommon.optional_254732100400.apk has no usable artifacts
12-18 22:07:37.565 13801 13803 W artd    : Could not get dex checksums for location /data/app/~~ljFPUmcFvKBB3g5sSCWbKw==/com.google.android.gms-Im9KHeNObUZnKEFRFXC_Ww==/base.apk, fd=-1
12-18 22:07:37.568 13801 13805 W artd    : Could not get dex checksums for location /data/app/~~ljFPUmcFvKBB3g5sSCWbKw==/com.google.android.gms-Im9KHeNObUZnKEFRFXC_Ww==/base.apk, fd=-1
12-18 22:07:37.569 13801 13803 I artd    : GetBestInfo: /data/user_de/0/com.google.android.gms/app_chimera/m/00000016/dl-PlayCloudSearch.optional_254732100000.apk has no usable artifacts
12-18 22:07:37.570 13801 13805 W artd    : Could not get dex checksums for location /data/app/~~ljFPUmcFvKBB3g5sSCWbKw==/com.google.android.gms-Im9KHeNObUZnKEFRFXC_Ww==/base.apk, fd=-1
12-18 22:07:37.570 13801 13805 W artd    : Could not get dex checksums for location /data/app/~~ljFPUmcFvKBB3g5sSCWbKw==/com.google.android.gms-Im9KHeNObUZnKEFRFXC_Ww==/base.apk, fd=-1
12-18 22:07:37.576 13801 13803 I artd    : GetBestInfo: /data/user_de/0/com.google.android.gms/app_chimera/m/00000010/dl-MlkitBarcodeUi.optional_254732100400.apk has no usable artifacts
12-18 22:07:37.577 13801 13805 W artd    : Could not get dex checksums for location /data/app/~~ljFPUmcFvKBB3g5sSCWbKw==/com.google.android.gms-Im9KHeNObUZnKEFRFXC_Ww==/base.apk, fd=-1
12-18 22:07:37.579 13801 13804 I artd    : GetBestInfo: vdex next to the dex file (/data/user/0/com.google.android.gms/app_dg_cache/BC758ED5E7D6BDB04AA7A99271131838E0308423/oat/arm64/the.vdex) is kOatUpToDate with filter 'verify' executable 'false'
12-18 22:07:37.580 13801 17177 I artd    : GetBestInfo: /data/user_de/0/com.google.android.gms/app_chimera/m/00000013/dl-VisionOcr.optional_254732100000.apk has no usable artifacts
12-18 22:07:37.580 13801 13805 W artd    : Could not get dex checksums for location /data/app/~~ljFPUmcFvKBB3g5sSCWbKw==/com.google.android.gms-Im9KHeNObUZnKEFRFXC_Ww==/base.apk, fd=-1
12-18 22:07:37.580 13801 17177 W artd    : Could not get dex checksums for location /data/app/~~ljFPUmcFvKBB3g5sSCWbKw==/com.google.android.gms-Im9KHeNObUZnKEFRFXC_Ww==/base.apk, fd=-1
12-18 22:07:37.580 13801 13805 W artd    : Could not get dex checksums for location /data/app/~~fQmKSnLB3za7FNubmGpQkQ==/com.android.vending-H-eZGuQgujfAE5AwvBMNDA==/base.apk, fd=-1
12-18 22:07:37.581 13801 17177 I artd    : GetBestInfo: /data/user_de/0/com.google.android.gms/app_chimera/m/00000014/dl-Appsearch.optional_254732100400.apk has no usable artifacts
12-18 22:07:37.581 13801 13805 W artd    : Could not get dex checksums for location /data/app/~~ljFPUmcFvKBB3g5sSCWbKw==/com.google.android.gms-Im9KHeNObUZnKEFRFXC_Ww==/base.apk, fd=-1
12-18 22:07:37.620 14214 14214 D ScalingWorkspaceRevealAnim: onAnimationEnd, workspace and hotseat are visible
12-18 22:07:37.620 14214 14214 V BaseDepthController: Applying blur: 0 to Surface(name=com.google.android.apps.nexuslauncher/com.google.android.apps.nexuslauncher.NexusLauncherActivity#566)/@0x474e5b7 applyImmediately: false
12-18 22:07:37.620 14214 14214 D BaseDepthController: shouldBlurWorkspace: false targetState: Normal currentStableState: Normal mCurrentBlur: 0 mLauncher.getDepthBlurTargets(): [com.android.launcher3.Workspace{b2b721b V.ED..... ......ID 0,0-1080,2400 #7f0a049d app:id/workspace}, com.android.launcher3.Hotseat{a25ffb8 V.ED..... ......ID 0,1905-1080,2400 #7f0a01ee app:id/hotseat}]
12-18 22:07:37.621 17674 17769 V WindowManagerShell: Received remote transition finished callback for (#25)
12-18 22:07:37.621 17674 17712 V WindowManagerShell: Transition animation finished (aborted=false), notifying core (#25) android.os.BinderProxy@55ad691@0
12-18 22:07:37.628 13531 13556 V WindowManager: Finish Transition (#25): created at 12-18 22:07:35.497 collect-started=0.179ms request-sent=4.115ms started=251.96ms ready=504.881ms sent=787.288ms commit=316.583ms finished=2131.552ms
12-18 22:07:37.646 17674 17712 V WindowManagerShell: Track 0 became idle
12-18 22:07:37.646 17674 17712 V WindowManagerShell: All active transition animations finished
12-18 22:07:37.740 13531 13892 W ImageReader_JNI: Unable to acquire a buffer item, very likely client tried to acquire more than maxImages buffers
12-18 22:07:37.802 14214 14214 D RecentsView: onTaskRemoved: 22, not handling task stack changes
12-18 22:07:37.806 14214 14214 D RecentsView: onTaskRemoved: 22, not handling task stack changes
12-18 22:07:37.815 17674 17712 V ShellTaskOrganizer: Task vanished taskId=22
12-18 22:07:37.815 17674 17712 V ShellTaskOrganizer: Fullscreen Task Vanished: #22
12-18 22:07:37.824 17674 17712 D ShellDesktopMode: AppToWebRepository: Task 22 is vanishing. Removing task data from repository
12-18 22:07:37.832 14214 14214 D b/417220811: invalidateLoadedTasks - previous requestLoadId: -1
12-18 22:07:38.147 13531 13816 I HalDevMgr: bestIfaceCreationProposal is null, requestIface=STA, existingIface=[name=wlan0 type=STA]
12-18 22:07:40.638 13531 14627 E TaskPersister: File error accessing recents directory (directory doesn't exist?).
12-18 22:07:41.153 13531 13816 I HalDevMgr: bestIfaceCreationProposal is null, requestIface=STA, existingIface=[name=wlan0 type=STA]
12-18 22:07:41.748 13531 14081 D OomAdjuster: Not killing cached processes
12-18 22:07:42.634 15148 15240 D SatelliteController: iisInCarrierRoamingNbIotNtn: satellite is disabled
12-18 22:07:42.653 15148 15240 D SatelliteController: getCarrierRoamingNtnConnectType: Falling back to global carrier config connect type: 0
12-18 22:07:44.157 13531 13816 I HalDevMgr: bestIfaceCreationProposal is null, requestIface=STA, existingIface=[name=wlan0 type=STA]
12-18 22:07:47.164 13531 13816 I HalDevMgr: bestIfaceCreationProposal is null, requestIface=STA, existingIface=[name=wlan0 type=STA]
12-18 22:07:47.363 18242 18242 W libbinder.BackendUnifiedServiceManager: Thread Pool max thread count is 0. Cannot cache binder as linkToDeath cannot be implemented. serviceName: package
12-18 22:07:47.468 15908 15908 D BoundBrokerSvc: onUnbind: Intent { act=com.google.android.gms.auth.service.START xflg=0x4 pkg=com.google.android.gms }
12-18 22:07:47.479 13531 14081 D OomAdjuster: Not killing cached processes
12-18 22:07:47.528 13801 17177 I artd    : GetBestInfo: odex next to the dex file (/data/app/~~TCt0WREUSANv1r6ZJzk6mQ==/com.google.android.gms-a1Qy08zQYjdnRKNiFAW7Jw==/oat/arm64/base.odex) is kOatUpToDate with filter 'speed-profile' executable 'false'
12-18 22:07:47.532 13801 13805 I artd    : GetBestInfo: odex next to the dex file (/data/app/~~TCt0WREUSANv1r6ZJzk6mQ==/com.google.android.gms-a1Qy08zQYjdnRKNiFAW7Jw==/oat/arm64/split_AdsDynamite_installtime.odex) is kOatUpToDate with filter 'speed' executable 'false'
12-18 22:07:47.536 13801 17177 I artd    : GetBestInfo: odex next to the dex file (/data/app/~~TCt0WREUSANv1r6ZJzk6mQ==/com.google.android.gms-a1Qy08zQYjdnRKNiFAW7Jw==/oat/arm64/split_CronetDynamite_installtime.odex) is kOatUpToDate with filter 'speed-profile' executable 'false'
12-18 22:07:47.538 13801 13805 I artd    : GetBestInfo: odex next to the dex file (/data/app/~~TCt0WREUSANv1r6ZJzk6mQ==/com.google.android.gms-a1Qy08zQYjdnRKNiFAW7Jw==/oat/arm64/split_DynamiteLoader_installtime.odex) is kOatUpToDate with filter 'speed' executable 'false'
12-18 22:07:47.545 13801 17177 I artd    : GetBestInfo: odex next to the dex file (/data/app/~~TCt0WREUSANv1r6ZJzk6mQ==/com.google.android.gms-a1Qy08zQYjdnRKNiFAW7Jw==/oat/arm64/split_DynamiteModulesA_installtime.odex) is kOatUpToDate with filter 'speed' executable 'false'
12-18 22:07:47.547 13801 13805 I artd    : GetBestInfo: odex next to the dex file (/data/app/~~TCt0WREUSANv1r6ZJzk6mQ==/com.google.android.gms-a1Qy08zQYjdnRKNiFAW7Jw==/oat/arm64/split_DynamiteModulesC_installtime.odex) is kOatUpToDate with filter 'speed' executable 'false'
12-18 22:07:47.550 13801 13803 I artd    : GetBestInfo: odex next to the dex file (/data/app/~~TCt0WREUSANv1r6ZJzk6mQ==/com.google.android.gms-a1Qy08zQYjdnRKNiFAW7Jw==/oat/arm64/split_GoogleCertificates_installtime.odex) is kOatUpToDate with filter 'speed' executable 'false'
12-18 22:07:47.553 13801 17177 I artd    : GetBestInfo: odex next to the dex file (/data/app/~~TCt0WREUSANv1r6ZJzk6mQ==/com.google.android.gms-a1Qy08zQYjdnRKNiFAW7Jw==/oat/arm64/split_MapsDynamite_installtime.odex) is kOatUpToDate with filter 'speed' executable 'false'
12-18 22:07:47.558 13801 13803 I artd    : GetBestInfo: odex next to the dex file (/data/app/~~TCt0WREUSANv1r6ZJzk6mQ==/com.google.android.gms-a1Qy08zQYjdnRKNiFAW7Jw==/oat/arm64/split_MeasurementDynamite_installtime.odex) is kOatUpToDate with filter 'speed' executable 'false'
12-18 22:07:47.563 13801 17177 I artd    : GetBestInfo: vdex next to the dex file (/data/user/0/com.google.android.gms/app_dg_cache/981325FE712DE8A8AB83655EBBCFB0558EA27BAD/oat/arm64/the.vdex) is kOatUpToDate with filter 'verify' executable 'false'
12-18 22:07:47.563 13801 13803 I artd    : GetBestInfo: /data/user_de/0/com.google.android.gms/app_chimera/m/00000001/CronetDynamite.apk has no usable artifacts
12-18 22:07:47.563 13801 17177 I artd    : GetBestInfo: /data/user_de/0/com.google.android.gms/app_chimera/m/00000002/DynamiteLoader.apk has no usable artifacts
12-18 22:07:47.568 13801 17177 I artd    : GetBestInfo: /data/user_de/0/com.google.android.gms/app_chimera/m/0000000b/dl-TfliteDynamiteDynamite.integ_243930802100400.apk has no usable artifacts
12-18 22:07:47.569 13801 13803 I artd    : GetBestInfo: /data/user_de/0/com.google.android.gms/app_chimera/m/00000005/GoogleCertificates.apk has no usable artifacts
12-18 22:07:47.569 13801 13805 W artd    : Could not get dex checksums for location /data/app/~~ljFPUmcFvKBB3g5sSCWbKw==/com.google.android.gms-Im9KHeNObUZnKEFRFXC_Ww==/base.apk, fd=-1
12-18 22:07:47.571 13801 13803 I artd    : GetBestInfo: /data/user_de/0/com.google.android.gms/app_chimera/m/00000012/dl-MlkitOcrCommon.optional_254732100400.apk has no usable artifacts
12-18 22:07:47.572 13801 13805 W artd    : Could not get dex checksums for location /data/app/~~ljFPUmcFvKBB3g5sSCWbKw==/com.google.android.gms-Im9KHeNObUZnKEFRFXC_Ww==/base.apk, fd=-1
12-18 22:07:47.573 13801 13805 W artd    : Could not get dex checksums for location /data/app/~~ljFPUmcFvKBB3g5sSCWbKw==/com.google.android.gms-Im9KHeNObUZnKEFRFXC_Ww==/base.apk, fd=-1
12-18 22:07:47.582 13801 13803 I artd    : GetBestInfo: /data/user_de/0/com.google.android.gms/app_chimera/m/00000016/dl-PlayCloudSearch.optional_254732100000.apk has no usable artifacts
12-18 22:07:47.586 13801 13803 W artd    : Could not get dex checksums for location /data/app/~~ljFPUmcFvKBB3g5sSCWbKw==/com.google.android.gms-Im9KHeNObUZnKEFRFXC_Ww==/base.apk, fd=-1
12-18 22:07:47.589 13801 13805 W artd    : Could not get dex checksums for location /data/app/~~ljFPUmcFvKBB3g5sSCWbKw==/com.google.android.gms-Im9KHeNObUZnKEFRFXC_Ww==/base.apk, fd=-1
12-18 22:07:47.593 13801 13805 I artd    : GetBestInfo: /data/user_de/0/com.google.android.gms/app_chimera/m/00000010/dl-MlkitBarcodeUi.optional_254732100400.apk has no usable artifacts
12-18 22:07:47.594 13801 13803 W artd    : Could not get dex checksums for location /data/app/~~ljFPUmcFvKBB3g5sSCWbKw==/com.google.android.gms-Im9KHeNObUZnKEFRFXC_Ww==/base.apk, fd=-1
12-18 22:07:47.598 13801 17177 I artd    : GetBestInfo: vdex next to the dex file (/data/user/0/com.google.android.gms/app_dg_cache/BC758ED5E7D6BDB04AA7A99271131838E0308423/oat/arm64/the.vdex) is kOatUpToDate with filter 'verify' executable 'false'
12-18 22:07:47.600 13801 13805 I artd    : GetBestInfo: /data/user_de/0/com.google.android.gms/app_chimera/m/00000013/dl-VisionOcr.optional_254732100000.apk has no usable artifacts
12-18 22:07:47.600 13801 17177 W artd    : Could not get dex checksums for location /data/app/~~ljFPUmcFvKBB3g5sSCWbKw==/com.google.android.gms-Im9KHeNObUZnKEFRFXC_Ww==/base.apk, fd=-1
12-18 22:07:47.602 13801 13803 W artd    : Could not get dex checksums for location /data/app/~~ljFPUmcFvKBB3g5sSCWbKw==/com.google.android.gms-Im9KHeNObUZnKEFRFXC_Ww==/base.apk, fd=-1
12-18 22:07:47.602 13801 13803 W artd    : Could not get dex checksums for location /data/app/~~fQmKSnLB3za7FNubmGpQkQ==/com.android.vending-H-eZGuQgujfAE5AwvBMNDA==/base.apk, fd=-1
12-18 22:07:47.605 13801 13805 I artd    : GetBestInfo: /data/user_de/0/com.google.android.gms/app_chimera/m/00000014/dl-Appsearch.optional_254732100400.apk has no usable artifacts
12-18 22:07:47.605 13801 17177 W artd    : Could not get dex checksums for location /data/app/~~ljFPUmcFvKBB3g5sSCWbKw==/com.google.android.gms-Im9KHeNObUZnKEFRFXC_Ww==/base.apk, fd=-1
12-18 22:07:48.991 13531 15615 D WifiNl80211Manager: Scan result ready event
12-18 22:07:48.992 13531 15615 D WifiNative: Scan result ready event
12-18 22:07:49.003 15908 15939 I WifiScanner: onFullResults
12-18 22:07:49.006 15908 15937 I WifiScanner: onFullResults
12-18 22:07:49.012 13531 13816 I HalDevMgr: bestIfaceCreationProposal is null, requestIface=STA, existingIface=[name=wlan0 type=STA]
12-18 22:07:49.991 13531 13752 D ActivityManager: freezing 16929 com.google.android.gms.unstable
12-18 22:07:50.182 13531 13816 I HalDevMgr: bestIfaceCreationProposal is null, requestIface=STA, existingIface=[name=wlan0 type=STA]
12-18 22:07:52.636 15148 15240 D SatelliteController: iisInCarrierRoamingNbIotNtn: satellite is disabled
12-18 22:07:52.644 15148 15240 D SatelliteController: getCarrierRoamingNtnConnectType: Falling back to global carrier config connect type: 0
12-18 22:07:53.190 13531 13816 I HalDevMgr: bestIfaceCreationProposal is null, requestIface=STA, existingIface=[name=wlan0 type=STA]
12-18 22:07:56.201 13531 13816 I HalDevMgr: bestIfaceCreationProposal is null, requestIface=STA, existingIface=[name=wlan0 type=STA]
12-18 22:07:57.394 18245 18245 W libbinder.BackendUnifiedServiceManager: Thread Pool max thread count is 0. Cannot cache binder as linkToDeath cannot be implemented. serviceName: package
12-18 22:07:57.604 13801 13805 I artd    : GetBestInfo: odex next to the dex file (/data/app/~~TCt0WREUSANv1r6ZJzk6mQ==/com.google.android.gms-a1Qy08zQYjdnRKNiFAW7Jw==/oat/arm64/base.odex) is kOatUpToDate with filter 'speed-profile' executable 'false'
12-18 22:07:57.615 13801 13805 I artd    : GetBestInfo: odex next to the dex file (/data/app/~~TCt0WREUSANv1r6ZJzk6mQ==/com.google.android.gms-a1Qy08zQYjdnRKNiFAW7Jw==/oat/arm64/split_AdsDynamite_installtime.odex) is kOatUpToDate with filter 'speed' executable 'false'
12-18 22:07:57.632 13801 13805 I artd    : GetBestInfo: odex next to the dex file (/data/app/~~TCt0WREUSANv1r6ZJzk6mQ==/com.google.android.gms-a1Qy08zQYjdnRKNiFAW7Jw==/oat/arm64/split_CronetDynamite_installtime.odex) is kOatUpToDate with filter 'speed-profile' executable 'false'
12-18 22:07:57.641 13801 13805 I artd    : GetBestInfo: odex next to the dex file (/data/app/~~TCt0WREUSANv1r6ZJzk6mQ==/com.google.android.gms-a1Qy08zQYjdnRKNiFAW7Jw==/oat/arm64/split_DynamiteLoader_installtime.odex) is kOatUpToDate with filter 'speed' executable 'false'
12-18 22:07:57.650 13801 13805 I artd    : GetBestInfo: odex next to the dex file (/data/app/~~TCt0WREUSANv1r6ZJzk6mQ==/com.google.android.gms-a1Qy08zQYjdnRKNiFAW7Jw==/oat/arm64/split_DynamiteModulesA_installtime.odex) is kOatUpToDate with filter 'speed' executable 'false'
12-18 22:07:57.657 13801 13805 I artd    : GetBestInfo: odex next to the dex file (/data/app/~~TCt0WREUSANv1r6ZJzk6mQ==/com.google.android.gms-a1Qy08zQYjdnRKNiFAW7Jw==/oat/arm64/split_DynamiteModulesC_installtime.odex) is kOatUpToDate with filter 'speed' executable 'false'
12-18 22:07:57.670 13801 13805 I artd    : GetBestInfo: odex next to the dex file (/data/app/~~TCt0WREUSANv1r6ZJzk6mQ==/com.google.android.gms-a1Qy08zQYjdnRKNiFAW7Jw==/oat/arm64/split_GoogleCertificates_installtime.odex) is kOatUpToDate with filter 'speed' executable 'false'
12-18 22:07:57.678 13801 13805 I artd    : GetBestInfo: odex next to the dex file (/data/app/~~TCt0WREUSANv1r6ZJzk6mQ==/com.google.android.gms-a1Qy08zQYjdnRKNiFAW7Jw==/oat/arm64/split_MapsDynamite_installtime.odex) is kOatUpToDate with filter 'speed' executable 'false'
12-18 22:07:57.685 13801 13805 I artd    : GetBestInfo: odex next to the dex file (/data/app/~~TCt0WREUSANv1r6ZJzk6mQ==/com.google.android.gms-a1Qy08zQYjdnRKNiFAW7Jw==/oat/arm64/split_MeasurementDynamite_installtime.odex) is kOatUpToDate with filter 'speed' executable 'false'
12-18 22:07:57.697 13801 13805 I artd    : GetBestInfo: vdex next to the dex file (/data/user/0/com.google.android.gms/app_dg_cache/981325FE712DE8A8AB83655EBBCFB0558EA27BAD/oat/arm64/the.vdex) is kOatUpToDate with filter 'verify' executable 'false'
12-18 22:07:57.702 13801 13805 I artd    : GetBestInfo: /data/user_de/0/com.google.android.gms/app_chimera/m/00000001/CronetDynamite.apk has no usable artifacts
12-18 22:07:57.706 13801 13805 I artd    : GetBestInfo: /data/user_de/0/com.google.android.gms/app_chimera/m/00000002/DynamiteLoader.apk has no usable artifacts
12-18 22:07:57.709 13801 13805 I artd    : GetBestInfo: /data/user_de/0/com.google.android.gms/app_chimera/m/0000000b/dl-TfliteDynamiteDynamite.integ_243930802100400.apk has no usable artifacts
12-18 22:07:57.719 13801 13805 I artd    : GetBestInfo: /data/user_de/0/com.google.android.gms/app_chimera/m/00000005/GoogleCertificates.apk has no usable artifacts
12-18 22:07:57.720 13801 13805 W artd    : Could not get dex checksums for location /data/app/~~ljFPUmcFvKBB3g5sSCWbKw==/com.google.android.gms-Im9KHeNObUZnKEFRFXC_Ww==/base.apk, fd=-1
12-18 22:07:57.727 13801 13805 I artd    : GetBestInfo: /data/user_de/0/com.google.android.gms/app_chimera/m/00000012/dl-MlkitOcrCommon.optional_254732100400.apk has no usable artifacts
12-18 22:07:57.731 13801 13805 W artd    : Could not get dex checksums for location /data/app/~~ljFPUmcFvKBB3g5sSCWbKw==/com.google.android.gms-Im9KHeNObUZnKEFRFXC_Ww==/base.apk, fd=-1
12-18 22:07:57.732 13801 13805 W artd    : Could not get dex checksums for location /data/app/~~ljFPUmcFvKBB3g5sSCWbKw==/com.google.android.gms-Im9KHeNObUZnKEFRFXC_Ww==/base.apk, fd=-1
12-18 22:07:57.735 13801 13805 I artd    : GetBestInfo: /data/user_de/0/com.google.android.gms/app_chimera/m/00000016/dl-PlayCloudSearch.optional_254732100000.apk has no usable artifacts
12-18 22:07:57.739 13801 13805 W artd    : Could not get dex checksums for location /data/app/~~ljFPUmcFvKBB3g5sSCWbKw==/com.google.android.gms-Im9KHeNObUZnKEFRFXC_Ww==/base.apk, fd=-1
12-18 22:07:57.745 13801 13805 W artd    : Could not get dex checksums for location /data/app/~~ljFPUmcFvKBB3g5sSCWbKw==/com.google.android.gms-Im9KHeNObUZnKEFRFXC_Ww==/base.apk, fd=-1
12-18 22:07:57.747 13801 13805 I artd    : GetBestInfo: /data/user_de/0/com.google.android.gms/app_chimera/m/00000010/dl-MlkitBarcodeUi.optional_254732100400.apk has no usable artifacts
12-18 22:07:57.751 13801 13805 W artd    : Could not get dex checksums for location /data/app/~~ljFPUmcFvKBB3g5sSCWbKw==/com.google.android.gms-Im9KHeNObUZnKEFRFXC_Ww==/base.apk, fd=-1
12-18 22:07:57.753 13801 13805 I artd    : GetBestInfo: vdex next to the dex file (/data/user/0/com.google.android.gms/app_dg_cache/BC758ED5E7D6BDB04AA7A99271131838E0308423/oat/arm64/the.vdex) is kOatUpToDate with filter 'verify' executable 'false'
12-18 22:07:57.757 13801 17177 I artd    : GetBestInfo: /data/user_de/0/com.google.android.gms/app_chimera/m/00000013/dl-VisionOcr.optional_254732100000.apk has no usable artifacts
12-18 22:07:57.763 13801 17177 W artd    : Could not get dex checksums for location /data/app/~~ljFPUmcFvKBB3g5sSCWbKw==/com.google.android.gms-Im9KHeNObUZnKEFRFXC_Ww==/base.apk, fd=-1
12-18 22:07:57.765 13801 17177 W artd    : Could not get dex checksums for location /data/app/~~ljFPUmcFvKBB3g5sSCWbKw==/com.google.android.gms-Im9KHeNObUZnKEFRFXC_Ww==/base.apk, fd=-1
12-18 22:07:57.767 13801 17177 W artd    : Could not get dex checksums for location /data/app/~~fQmKSnLB3za7FNubmGpQkQ==/com.android.vending-H-eZGuQgujfAE5AwvBMNDA==/base.apk, fd=-1
12-18 22:07:57.775 13801 13805 I artd    : GetBestInfo: /data/user_de/0/com.google.android.gms/app_chimera/m/00000014/dl-Appsearch.optional_254732100400.apk has no usable artifacts
12-18 22:07:57.777 13801 13805 W artd    : Could not get dex checksums for location /data/app/~~ljFPUmcFvKBB3g5sSCWbKw==/com.google.android.gms-Im9KHeNObUZnKEFRFXC_Ww==/base.apk, fd=-1
12-18 22:07:57.864 13531 13541 I system_server: Background young concurrent mark compact GC freed 24MB AllocSpace bytes, 11(204KB) LOS objects, 41% free, 33MB/56MB, paused 2.055ms,3.803ms total 396.624ms
12-18 22:07:59.209 13531 13816 I HalDevMgr: bestIfaceCreationProposal is null, requestIface=STA, existingIface=[name=wlan0 type=STA]
12-18 22:08:02.225 13531 13816 I HalDevMgr: bestIfaceCreationProposal is null, requestIface=STA, existingIface=[name=wlan0 type=STA]
12-18 22:08:02.668 15148 15240 D SatelliteController: iisInCarrierRoamingNbIotNtn: satellite is disabled
12-18 22:08:02.679 15148 15240 D SatelliteController: getCarrierRoamingNtnConnectType: Falling back to global carrier config connect type: 0
12-18 22:08:02.723 13889 13889 W ot-daemon: [WARN]-UTILS---: Some telemetries are not populated
12-18 22:08:05.233 13531 13816 I HalDevMgr: bestIfaceCreationProposal is null, requestIface=STA, existingIface=[name=wlan0 type=STA]
12-18 22:08:07.475 18248 18248 W libbinder.BackendUnifiedServiceManager: Thread Pool max thread count is 0. Cannot cache binder as linkToDeath cannot be implemented. serviceName: package
12-18 22:08:07.650 13801 13805 I artd    : GetBestInfo: odex next to the dex file (/data/app/~~TCt0WREUSANv1r6ZJzk6mQ==/com.google.android.gms-a1Qy08zQYjdnRKNiFAW7Jw==/oat/arm64/base.odex) is kOatUpToDate with filter 'speed-profile' executable 'false'
12-18 22:08:07.655 13801 17177 I artd    : GetBestInfo: odex next to the dex file (/data/app/~~TCt0WREUSANv1r6ZJzk6mQ==/com.google.android.gms-a1Qy08zQYjdnRKNiFAW7Jw==/oat/arm64/split_AdsDynamite_installtime.odex) is kOatUpToDate with filter 'speed' executable 'false'
12-18 22:08:07.660 13801 13805 I artd    : GetBestInfo: odex next to the dex file (/data/app/~~TCt0WREUSANv1r6ZJzk6mQ==/com.google.android.gms-a1Qy08zQYjdnRKNiFAW7Jw==/oat/arm64/split_CronetDynamite_installtime.odex) is kOatUpToDate with filter 'speed-profile' executable 'false'
12-18 22:08:07.665 13801 17177 I artd    : GetBestInfo: odex next to the dex file (/data/app/~~TCt0WREUSANv1r6ZJzk6mQ==/com.google.android.gms-a1Qy08zQYjdnRKNiFAW7Jw==/oat/arm64/split_DynamiteLoader_installtime.odex) is kOatUpToDate with filter 'speed' executable 'false'
12-18 22:08:07.667 13801 13805 I artd    : GetBestInfo: odex next to the dex file (/data/app/~~TCt0WREUSANv1r6ZJzk6mQ==/com.google.android.gms-a1Qy08zQYjdnRKNiFAW7Jw==/oat/arm64/split_DynamiteModulesA_installtime.odex) is kOatUpToDate with filter 'speed' executable 'false'
12-18 22:08:07.672 13801 17177 I artd    : GetBestInfo: odex next to the dex file (/data/app/~~TCt0WREUSANv1r6ZJzk6mQ==/com.google.android.gms-a1Qy08zQYjdnRKNiFAW7Jw==/oat/arm64/split_DynamiteModulesC_installtime.odex) is kOatUpToDate with filter 'speed' executable 'false'
12-18 22:08:07.676 13801 13805 I artd    : GetBestInfo: odex next to the dex file (/data/app/~~TCt0WREUSANv1r6ZJzk6mQ==/com.google.android.gms-a1Qy08zQYjdnRKNiFAW7Jw==/oat/arm64/split_GoogleCertificates_installtime.odex) is kOatUpToDate with filter 'speed' executable 'false'
12-18 22:08:07.687 13801 17177 I artd    : GetBestInfo: odex next to the dex file (/data/app/~~TCt0WREUSANv1r6ZJzk6mQ==/com.google.android.gms-a1Qy08zQYjdnRKNiFAW7Jw==/oat/arm64/split_MapsDynamite_installtime.odex) is kOatUpToDate with filter 'speed' executable 'false'
12-18 22:08:07.691 13801 13805 I artd    : GetBestInfo: odex next to the dex file (/data/app/~~TCt0WREUSANv1r6ZJzk6mQ==/com.google.android.gms-a1Qy08zQYjdnRKNiFAW7Jw==/oat/arm64/split_MeasurementDynamite_installtime.odex) is kOatUpToDate with filter 'speed' executable 'false'
12-18 22:08:07.697 13801 17177 I artd    : GetBestInfo: vdex next to the dex file (/data/user/0/com.google.android.gms/app_dg_cache/981325FE712DE8A8AB83655EBBCFB0558EA27BAD/oat/arm64/the.vdex) is kOatUpToDate with filter 'verify' executable 'false'
12-18 22:08:07.697 13801 13805 I artd    : GetBestInfo: /data/user_de/0/com.google.android.gms/app_chimera/m/00000001/CronetDynamite.apk has no usable artifacts
12-18 22:08:07.699 13801 13803 I artd    : GetBestInfo: /data/user_de/0/com.google.android.gms/app_chimera/m/00000002/DynamiteLoader.apk has no usable artifacts
12-18 22:08:07.702 13801 13805 I artd    : GetBestInfo: /data/user_de/0/com.google.android.gms/app_chimera/m/0000000b/dl-TfliteDynamiteDynamite.integ_243930802100400.apk has no usable artifacts
12-18 22:08:07.703 13801 17177 I artd    : GetBestInfo: /data/user_de/0/com.google.android.gms/app_chimera/m/00000005/GoogleCertificates.apk has no usable artifacts
12-18 22:08:07.703 13801 17177 W artd    : Could not get dex checksums for location /data/app/~~ljFPUmcFvKBB3g5sSCWbKw==/com.google.android.gms-Im9KHeNObUZnKEFRFXC_Ww==/base.apk, fd=-1
12-18 22:08:07.707 13801 13803 I artd    : GetBestInfo: /data/user_de/0/com.google.android.gms/app_chimera/m/00000012/dl-MlkitOcrCommon.optional_254732100400.apk has no usable artifacts
12-18 22:08:07.708 13801 13805 W artd    : Could not get dex checksums for location /data/app/~~ljFPUmcFvKBB3g5sSCWbKw==/com.google.android.gms-Im9KHeNObUZnKEFRFXC_Ww==/base.apk, fd=-1
12-18 22:08:07.709 13801 13805 W artd    : Could not get dex checksums for location /data/app/~~ljFPUmcFvKBB3g5sSCWbKw==/com.google.android.gms-Im9KHeNObUZnKEFRFXC_Ww==/base.apk, fd=-1
12-18 22:08:07.712 13801 13803 I artd    : GetBestInfo: /data/user_de/0/com.google.android.gms/app_chimera/m/00000016/dl-PlayCloudSearch.optional_254732100000.apk has no usable artifacts
12-18 22:08:07.713 13801 13805 W artd    : Could not get dex checksums for location /data/app/~~ljFPUmcFvKBB3g5sSCWbKw==/com.google.android.gms-Im9KHeNObUZnKEFRFXC_Ww==/base.apk, fd=-1
12-18 22:08:07.715 13801 13805 W artd    : Could not get dex checksums for location /data/app/~~ljFPUmcFvKBB3g5sSCWbKw==/com.google.android.gms-Im9KHeNObUZnKEFRFXC_Ww==/base.apk, fd=-1
12-18 22:08:07.718 13801 13803 I artd    : GetBestInfo: /data/user_de/0/com.google.android.gms/app_chimera/m/00000010/dl-MlkitBarcodeUi.optional_254732100400.apk has no usable artifacts
12-18 22:08:07.719 13801 13805 W artd    : Could not get dex checksums for location /data/app/~~ljFPUmcFvKBB3g5sSCWbKw==/com.google.android.gms-Im9KHeNObUZnKEFRFXC_Ww==/base.apk, fd=-1
12-18 22:08:07.729 13801 17177 I artd    : GetBestInfo: vdex next to the dex file (/data/user/0/com.google.android.gms/app_dg_cache/BC758ED5E7D6BDB04AA7A99271131838E0308423/oat/arm64/the.vdex) is kOatUpToDate with filter 'verify' executable 'false'
12-18 22:08:07.735 13801 13805 I artd    : GetBestInfo: /data/user_de/0/com.google.android.gms/app_chimera/m/00000013/dl-VisionOcr.optional_254732100000.apk has no usable artifacts
12-18 22:08:07.741 13801 17177 W artd    : Could not get dex checksums for location /data/app/~~ljFPUmcFvKBB3g5sSCWbKw==/com.google.android.gms-Im9KHeNObUZnKEFRFXC_Ww==/base.apk, fd=-1
12-18 22:08:07.743 13801 13805 W artd    : Could not get dex checksums for location /data/app/~~ljFPUmcFvKBB3g5sSCWbKw==/com.google.android.gms-Im9KHeNObUZnKEFRFXC_Ww==/base.apk, fd=-1
12-18 22:08:07.745 13801 17177 W artd    : Could not get dex checksums for location /data/app/~~fQmKSnLB3za7FNubmGpQkQ==/com.android.vending-H-eZGuQgujfAE5AwvBMNDA==/base.apk, fd=-1
12-18 22:08:07.749 13801 13805 I artd    : GetBestInfo: /data/user_de/0/com.google.android.gms/app_chimera/m/00000014/dl-Appsearch.optional_254732100400.apk has no usable artifacts
12-18 22:08:07.751 13801 17177 W artd    : Could not get dex checksums for location /data/app/~~ljFPUmcFvKBB3g5sSCWbKw==/com.google.android.gms-Im9KHeNObUZnKEFRFXC_Ww==/base.apk, fd=-1
12-18 22:08:08.243 13531 13816 I HalDevMgr: bestIfaceCreationProposal is null, requestIface=STA, existingIface=[name=wlan0 type=STA]
12-18 22:08:11.263 13531 13816 I HalDevMgr: bestIfaceCreationProposal is null, requestIface=STA, existingIface=[name=wlan0 type=STA]
12-18 22:08:12.645 15148 15240 D SatelliteController: iisInCarrierRoamingNbIotNtn: satellite is disabled
12-18 22:08:12.664 15148 15240 D SatelliteController: getCarrierRoamingNtnConnectType: Falling back to global carrier config connect type: 0
12-18 22:08:14.266 13531 13816 I HalDevMgr: bestIfaceCreationProposal is null, requestIface=STA, existingIface=[name=wlan0 type=STA]
12-18 22:08:17.268 13531 13816 I HalDevMgr: bestIfaceCreationProposal is null, requestIface=STA, existingIface=[name=wlan0 type=STA]
12-18 22:08:17.363 18251 18251 W libbinder.BackendUnifiedServiceManager: Thread Pool max thread count is 0. Cannot cache binder as linkToDeath cannot be implemented. serviceName: package
12-18 22:08:17.495 13801 17177 I artd    : GetBestInfo: odex next to the dex file (/data/app/~~TCt0WREUSANv1r6ZJzk6mQ==/com.google.android.gms-a1Qy08zQYjdnRKNiFAW7Jw==/oat/arm64/base.odex) is kOatUpToDate with filter 'speed-profile' executable 'false'
12-18 22:08:17.510 13801 13805 I artd    : GetBestInfo: odex next to the dex file (/data/app/~~TCt0WREUSANv1r6ZJzk6mQ==/com.google.android.gms-a1Qy08zQYjdnRKNiFAW7Jw==/oat/arm64/split_AdsDynamite_installtime.odex) is kOatUpToDate with filter 'speed' executable 'false'
12-18 22:08:17.513 13801 17177 I artd    : GetBestInfo: odex next to the dex file (/data/app/~~TCt0WREUSANv1r6ZJzk6mQ==/com.google.android.gms-a1Qy08zQYjdnRKNiFAW7Jw==/oat/arm64/split_CronetDynamite_installtime.odex) is kOatUpToDate with filter 'speed-profile' executable 'false'
12-18 22:08:17.515 13801 13805 I artd    : GetBestInfo: odex next to the dex file (/data/app/~~TCt0WREUSANv1r6ZJzk6mQ==/com.google.android.gms-a1Qy08zQYjdnRKNiFAW7Jw==/oat/arm64/split_DynamiteLoader_installtime.odex) is kOatUpToDate with filter 'speed' executable 'false'
12-18 22:08:17.517 13801 13805 I artd    : GetBestInfo: odex next to the dex file (/data/app/~~TCt0WREUSANv1r6ZJzk6mQ==/com.google.android.gms-a1Qy08zQYjdnRKNiFAW7Jw==/oat/arm64/split_DynamiteModulesA_installtime.odex) is kOatUpToDate with filter 'speed' executable 'false'
12-18 22:08:17.519 13801 17177 I artd    : GetBestInfo: odex next to the dex file (/data/app/~~TCt0WREUSANv1r6ZJzk6mQ==/com.google.android.gms-a1Qy08zQYjdnRKNiFAW7Jw==/oat/arm64/split_DynamiteModulesC_installtime.odex) is kOatUpToDate with filter 'speed' executable 'false'
12-18 22:08:17.523 13801 13805 I artd    : GetBestInfo: odex next to the dex file (/data/app/~~TCt0WREUSANv1r6ZJzk6mQ==/com.google.android.gms-a1Qy08zQYjdnRKNiFAW7Jw==/oat/arm64/split_GoogleCertificates_installtime.odex) is kOatUpToDate with filter 'speed' executable 'false'
12-18 22:08:17.526 13801 17177 I artd    : GetBestInfo: odex next to the dex file (/data/app/~~TCt0WREUSANv1r6ZJzk6mQ==/com.google.android.gms-a1Qy08zQYjdnRKNiFAW7Jw==/oat/arm64/split_MapsDynamite_installtime.odex) is kOatUpToDate with filter 'speed' executable 'false'
12-18 22:08:17.530 13801 13805 I artd    : GetBestInfo: odex next to the dex file (/data/app/~~TCt0WREUSANv1r6ZJzk6mQ==/com.google.android.gms-a1Qy08zQYjdnRKNiFAW7Jw==/oat/arm64/split_MeasurementDynamite_installtime.odex) is kOatUpToDate with filter 'speed' executable 'false'
12-18 22:08:17.535 13801 17177 I artd    : GetBestInfo: vdex next to the dex file (/data/user/0/com.google.android.gms/app_dg_cache/981325FE712DE8A8AB83655EBBCFB0558EA27BAD/oat/arm64/the.vdex) is kOatUpToDate with filter 'verify' executable 'false'
12-18 22:08:17.535 13801 13805 I artd    : GetBestInfo: /data/user_de/0/com.google.android.gms/app_chimera/m/00000001/CronetDynamite.apk has no usable artifacts
12-18 22:08:17.535 13801 13805 I artd    : GetBestInfo: /data/user_de/0/com.google.android.gms/app_chimera/m/00000002/DynamiteLoader.apk has no usable artifacts
12-18 22:08:17.540 13801 13805 I artd    : GetBestInfo: /data/user_de/0/com.google.android.gms/app_chimera/m/0000000b/dl-TfliteDynamiteDynamite.integ_243930802100400.apk has no usable artifacts
12-18 22:08:17.541 13801 17177 I artd    : GetBestInfo: /data/user_de/0/com.google.android.gms/app_chimera/m/00000005/GoogleCertificates.apk has no usable artifacts
12-18 22:08:17.541 13801 17177 W artd    : Could not get dex checksums for location /data/app/~~ljFPUmcFvKBB3g5sSCWbKw==/com.google.android.gms-Im9KHeNObUZnKEFRFXC_Ww==/base.apk, fd=-1
12-18 22:08:17.544 13801 13805 I artd    : GetBestInfo: /data/user_de/0/com.google.android.gms/app_chimera/m/00000012/dl-MlkitOcrCommon.optional_254732100400.apk has no usable artifacts
12-18 22:08:17.545 13801 17177 W artd    : Could not get dex checksums for location /data/app/~~ljFPUmcFvKBB3g5sSCWbKw==/com.google.android.gms-Im9KHeNObUZnKEFRFXC_Ww==/base.apk, fd=-1
12-18 22:08:17.546 13801 13803 W artd    : Could not get dex checksums for location /data/app/~~ljFPUmcFvKBB3g5sSCWbKw==/com.google.android.gms-Im9KHeNObUZnKEFRFXC_Ww==/base.apk, fd=-1
12-18 22:08:17.548 13801 13803 I artd    : GetBestInfo: /data/user_de/0/com.google.android.gms/app_chimera/m/00000016/dl-PlayCloudSearch.optional_254732100000.apk has no usable artifacts
12-18 22:08:17.548 13801 17177 W artd    : Could not get dex checksums for location /data/app/~~ljFPUmcFvKBB3g5sSCWbKw==/com.google.android.gms-Im9KHeNObUZnKEFRFXC_Ww==/base.apk, fd=-1
12-18 22:08:17.549 13801 17177 W artd    : Could not get dex checksums for location /data/app/~~ljFPUmcFvKBB3g5sSCWbKw==/com.google.android.gms-Im9KHeNObUZnKEFRFXC_Ww==/base.apk, fd=-1
12-18 22:08:17.550 13801 13803 I artd    : GetBestInfo: /data/user_de/0/com.google.android.gms/app_chimera/m/00000010/dl-MlkitBarcodeUi.optional_254732100400.apk has no usable artifacts
12-18 22:08:17.551 13801 17177 W artd    : Could not get dex checksums for location /data/app/~~ljFPUmcFvKBB3g5sSCWbKw==/com.google.android.gms-Im9KHeNObUZnKEFRFXC_Ww==/base.apk, fd=-1
12-18 22:08:17.554 13801 13803 I artd    : GetBestInfo: vdex next to the dex file (/data/user/0/com.google.android.gms/app_dg_cache/BC758ED5E7D6BDB04AA7A99271131838E0308423/oat/arm64/the.vdex) is kOatUpToDate with filter 'verify' executable 'false'
12-18 22:08:17.555 13801 17177 I artd    : GetBestInfo: /data/user_de/0/com.google.android.gms/app_chimera/m/00000013/dl-VisionOcr.optional_254732100000.apk has no usable artifacts
12-18 22:08:17.556 13801 13805 W artd    : Could not get dex checksums for location /data/app/~~ljFPUmcFvKBB3g5sSCWbKw==/com.google.android.gms-Im9KHeNObUZnKEFRFXC_Ww==/base.apk, fd=-1
12-18 22:08:17.557 13801 13803 W artd    : Could not get dex checksums for location /data/app/~~ljFPUmcFvKBB3g5sSCWbKw==/com.google.android.gms-Im9KHeNObUZnKEFRFXC_Ww==/base.apk, fd=-1
12-18 22:08:17.558 13801 13804 W artd    : Could not get dex checksums for location /data/app/~~fQmKSnLB3za7FNubmGpQkQ==/com.android.vending-H-eZGuQgujfAE5AwvBMNDA==/base.apk, fd=-1
12-18 22:08:17.559 13801 17177 I artd    : GetBestInfo: /data/user_de/0/com.google.android.gms/app_chimera/m/00000014/dl-Appsearch.optional_254732100400.apk has no usable artifacts
12-18 22:08:17.560 13801 13804 W artd    : Could not get dex checksums for location /data/app/~~ljFPUmcFvKBB3g5sSCWbKw==/com.google.android.gms-Im9KHeNObUZnKEFRFXC_Ww==/base.apk, fd=-1
12-18 22:08:20.286 13531 13816 I HalDevMgr: bestIfaceCreationProposal is null, requestIface=STA, existingIface=[name=wlan0 type=STA]
12-18 22:08:20.358 14085 14280 W AlarmManager: Unrecognized alarm listener com.android.networkstack.android.net.ip.IpClientLinkObserver$Dhcp6PdPreferredPrefixAlarmListener@7bd4b53
12-18 22:08:20.368 14085 14280 D ApfFilter: (wlan0): Adding RA fe80::2 -> ff02::1 1800s fec0::/64 86400s/14400s 
12-18 22:08:22.642 15148 15240 D SatelliteController: iisInCarrierRoamingNbIotNtn: satellite is disabled
12-18 22:08:22.647 15148 15240 D SatelliteController: getCarrierRoamingNtnConnectType: Falling back to global carrier config connect type: 0
12-18 22:08:23.297 13531 13816 I HalDevMgr: bestIfaceCreationProposal is null, requestIface=STA, existingIface=[name=wlan0 type=STA]
12-18 22:08:26.306 13531 13816 I HalDevMgr: bestIfaceCreationProposal is null, requestIface=STA, existingIface=[name=wlan0 type=STA]
