12-18 22:07:35.390 18169 18198 E AndroidRuntime: 	at com.facebook.react.bridge.queue.MessageQueueThreadImpl$Companion.startNewBackgroundThread$lambda$1(MessageQueueThreadImpl.kt:175)
12-18 22:07:35.390 18169 18198 E AndroidRuntime: 	at com.facebook.react.bridge.queue.MessageQueueThreadImpl$Companion.$r8$lambda$ldnZnqelhYFctGaUKkOKYj5rxo4(Unknown Source:0)
12-18 22:07:35.390 18169 18198 E AndroidRuntime: 	at com.facebook.react.bridge.queue.MessageQueueThreadImpl$Companion$$ExternalSyntheticLambda0.run(D8$$SyntheticClass:0)
12-18 22:07:35.390 18169 18198 E AndroidRuntime: 	at java.lang.Thread.run(Thread.java:1563)
12-18 22:07:35.408 18169 18197 E ReactNativeJS: [TypeError: Cannot read property 'CheckFrequency' of undefined]
12-18 22:07:35.416 18169 18175 W m.tomghdev.voco: userfaultfd: MOVE ioctl seems unsupported: Connection timed out
12-18 22:07:35.419 18169 18197 E ReactNativeJS: [TypeError: Cannot read property 'CheckFrequency' of undefined]
12-18 22:07:35.445 18169 18197 E ReactNativeJS: { [TypeError: Cannot read property 'ErrorBoundary' of undefined]
12-18 22:07:35.445 18169 18197 E ReactNativeJS:   componentStack: '\n    at ContextNavigator (address at index.android.bundle:1:1140126)\n    at ExpoRoot (address at index.android.bundle:1:1139769)\n    at App (<anonymous>)\n    at RCTView (<anonymous>)\n    at View (address at index.android.bundle:1:484102)\n    at AppContainer (address at index.android.bundle:1:483430)',
12-18 22:07:35.445 18169 18197 E ReactNativeJS:   isComponentError: true }
12-18 22:07:35.484 13531 15904 W ActivityTaskManager:   Force finishing activity com.tomghdev.voco/.MainActivity
12-18 22:07:35.508 17674 17712 V WindowManagerShell: Transition requested (#25): android.os.BinderProxy@55ad691 TransitionRequestInfo { type = CLOSE, triggerTask = TaskInfo{userId=0 taskId=22 effectiveUid=10218 displayId=0 isRunning=true baseIntent=Intent { act=android.intent.action.MAIN cat=[android.intent.category.LAUNCHER] flg=0x10200000 cmp=com.tomghdev.voco/.MainActivity } baseActivity=ComponentInfo{com.tomghdev.voco/com.tomghdev.voco.MainActivity} topActivity=ComponentInfo{com.tomghdev.voco/com.tomghdev.voco.MainActivity} origActivity=null realActivity=ComponentInfo{com.tomghdev.voco/com.tomghdev.voco.MainActivity} numActivities=1 lastActiveTime=5341208 supportsMultiWindow=true resizeMode=1 isResizeable=true minWidth=-1 minHeight=-1 defaultMinSize=220 token=WCT{android.os.BinderProxy@ebfea5e} topActivityType=1 pictureInPictureParams=null shouldDockBigOverlays=false launchIntoPipHostTaskId=-1 lastParentTaskIdBeforePip=-1 displayCutoutSafeInsets=Rect(0, 0 - 0, 0) topActivityInfo=ActivityInfo{a33b9f6 com.tomghdev.voco.MainActivity} launchCookies=[] positionInParent=Point(0, 0) parentTaskId=-1 isFocused=true isVisible=true isVisibleRequested=true isTopActivityNoDisplay=false isSleeping=false locusId=null displayAreaFeatureId=1 isTopActivityTransparent=false isActivityStackTransparent=false lastNonFullscreenBounds=null capturedLink=null capturedLinkTimestamp=0 requestedVisibleTypes=503 topActivityRequestOpenInBrowserEducationTimestamp=0 appCompatTaskInfo=AppCompatTaskInfo { topActivityInSizeCompat=false isLeafTask= true eligibleForLetterboxEducation= false isLetterboxEducationEnabled= true isLetterboxDoubleTapEnabled= false eligibleForUserAspectRatioButton= false topActivityBoundsLetterboxed= false isFromLetterboxDoubleTap= false topActivityLetterboxVerticalPosition= -1 topActivityLetterboxHorizontalPosition= -1 topActivityLetterboxWidth=-1 topActivityLetterboxHeight=-1 topActivityAppBounds=Rect(0, 0 - 1080, 2400) isUserFullscreenOverrideEnabled=false isSystemFullscreenOverrideEnabled=false hasMinAspectRatioOverride=false topActivityLetterboxBounds=null cameraCompatTaskInfo=CameraCompatTaskInfo { cameraCompatMode=inactive0} topNonResizableActivityAspectRatio=-1.0} topActivityMainWindowFrame=null isAppBubble=false}, pipChange = null, remoteTransition = null, displayChange = null, requestedLocation = null, userChange = null, windowingLayerChange = null, flags = 16, debugId = 25 }
12-18 22:07:35.515 13531 15904 W TransitionChain: Combining AR.finish-force-crash into #25(CLOSE|R|0x10) from finishTopCrash
12-18 22:07:35.624 14214 14214 D VRI[NexusLauncherActivity]: visibilityChanged oldVisibility=false newVisibility=true
12-18 22:07:35.638 14214 14214 D NexusLauncherModelDelegate: notifySmartspaceEvent: SmartspaceTargetEvent{mSmartspaceTarget=null, mSmartspaceActionId='null', mEventType=6}
12-18 22:07:35.640 18169 18175 I m.tomghdev.voco: Background concurrent mark compact GC freed 5719KB AllocSpace bytes, 29(1700KB) LOS objects, 49% free, 3373KB/6746KB, paused 1.944ms,962us total 1.002s
12-18 22:07:35.696 13531 15904 V WindowManager: Defer transition id=25 for TaskFragmentTransaction=android.os.Binder@3436516
12-18 22:07:35.697 13531 15904 V WindowManager: deferTransitionReady deferReadyDepth=1 stack=com.android.server.wm.TransitionController.deferTransitionReady:1061 com.android.server.wm.TaskFragmentOrganizerController$TaskFragmentOrganizerState.dispatchTransaction:517 com.android.server.wm.TaskFragmentOrganizerController.dispatchPendingEvents:1259 com.android.server.wm.TaskFragmentOrganizerController.dispatchPendingEvents:1228 com.android.server.wm.RootWindowContainer.performSurfacePlacement:777 
12-18 22:07:35.878 13531 13904 V WindowManager: Continue transition id=25 for TaskFragmentTransaction=android.os.Binder@3436516
12-18 22:07:35.878 13531 13904 V WindowManager: continueTransitionReady deferReadyDepth=0 stack=com.android.server.wm.TransitionController.continueTransitionReady:1071 com.android.server.wm.TaskFragmentOrganizerController$TaskFragmentOrganizerState.onTransactionFinished:546 com.android.server.wm.TaskFragmentOrganizerController.onTransactionHandled:740 android.window.ITaskFragmentOrganizerController$Stub.onTransact:225 android.os.Binder.execTransactInternal:1473 
12-18 22:07:35.919 18169 18169 W unknown:BridgelessReact: ReactHost{0}.onHostPause(activity)
12-18 22:07:35.920 18169 18169 W unknown:BridgelessReact: ReactContext.onHostPause()
12-18 22:07:35.940 15908 18187 W GmsUrlRequestImpl: [https://android.googleapis.com/auth/devicekey] Content-Type header is overwritten.
12-18 22:07:36.029 13531 13557 W Looper  : Slow delivery took 205ms android.ui app=system_server main=false group=TOP_APP h=com.android.server.am.ActivityManagerService$UiHandler c=null m=1
12-18 22:07:36.040 18169 18198 I Process : Sending signal. PID: 18169 SIG: 9
12-18 22:07:36.059 13531 13557 W Looper  : Slow dispatch took 122ms android.ui app=system_server main=false group=TOP_APP h=com.android.server.am.ActivityManagerService$UiHandler c=null m=1
12-18 22:07:36.085 13531 13870 D BackgroundInstallControlService: Package event received: 0
12-18 22:07:36.102 13531 13559 D OomAdjuster: Not killing cached processes
12-18 22:07:36.116 13531 13870 D BackgroundInstallControlService: Package event received: 0
12-18 22:07:36.116 13531 13870 D BackgroundInstallControlService: Package event received: 0
12-18 22:07:36.186 14214 14284 E FrameEvents: addRelease: Did not find frame.
12-18 22:07:36.187 14214 14214 D b/417220811: invalidateLoadedTasks - previous requestLoadId: -1
12-18 22:07:36.187 14214 14214 D BaseActivity: Launcher flags updated: [state_started|state_resumed|state_user_active] +[state_resumed|state_user_active]
12-18 22:07:36.188 14214 14214 D BaseActivity: Launcher flags updated: [state_started|state_resumed|state_deferred_resumed|state_user_active] +[state_deferred_resumed]
12-18 22:07:36.188 14214 14214 D StatsLog: LAUNCHER_ONRESUME
12-18 22:07:36.200   545   659 I libbinder.BpBinder: onLastStrongRef automatically unlinking death recipients for descriptor: '(not cached)'
12-18 22:07:36.203 17674 17712 D WindowManagerShell: setLauncherKeepClearAreaHeight: visible=true, height=495
12-18 22:07:36.228 17674 17782 D WallpaperService: onVisibilityChanged(true): com.android.systemui.wallpapers.ImageWallpaper$CanvasEngine@15896e0
12-18 22:07:36.230 13531 13557 W Looper  : Drained
12-18 22:07:36.268 14214 14214 D b/417220811: invalidateLoadedTasks - previous requestLoadId: -1
12-18 22:07:36.360 13531 13556 V WindowManager: Sent Transition (#25) createdAt=12-18 22:07:35.497 via request=TransitionRequestInfo { type = CLOSE, triggerTask = TaskInfo{userId=0 taskId=22 effectiveUid=10218 displayId=0 isRunning=true baseIntent=Intent { act=android.intent.action.MAIN cat=[android.intent.category.LAUNCHER] flg=0x10200000 cmp=com.tomghdev.voco/.MainActivity } baseActivity=ComponentInfo{com.tomghdev.voco/com.tomghdev.voco.MainActivity} topActivity=ComponentInfo{com.tomghdev.voco/com.tomghdev.voco.MainActivity} origActivity=null realActivity=ComponentInfo{com.tomghdev.voco/com.tomghdev.voco.MainActivity} numActivities=1 lastActiveTime=5341208 supportsMultiWindow=true resizeMode=1 isResizeable=true minWidth=-1 minHeight=-1 defaultMinSize=220 token=WCT{RemoteToken{b58ac45 Task{253ae60 #22 type=standard A=10218:com.tomghdev.voco}}} topActivityType=1 pictureInPictureParams=null shouldDockBigOverlays=false launchIntoPipHostTaskId=-1 lastParentTaskIdBeforePip=-1 displayCutoutSafeInsets=Rect(0, 0 - 0, 0) topActivityInfo=ActivityInfo{b9c8f9a com.tomghdev.voco.MainActivity} launchCookies=[] positionInParent=Point(0, 0) parentTaskId=-1 isFocused=true isVisible=true isVisibleRequested=true isTopActivityNoDisplay=false isSleeping=false locusId=null displayAreaFeatureId=1 isTopActivityTransparent=false isActivityStackTransparent=false lastNonFullscreenBounds=null capturedLink=null capturedLinkTimestamp=0 requestedVisibleTypes=503 topActivityRequestOpenInBrowserEducationTimestamp=0 appCompatTaskInfo=AppCompatTaskInfo { topActivityInSizeCompat=false isLeafTask= true eligibleForLetterboxEducation= false isLetterboxEducationEnabled= true isLetterboxDoubleTapEnabled= false eligibleForUserAspectRatioButton= false topActivityBoundsLetterboxed= false isFromLetterboxDoubleTap= false topActivityLetterboxVerticalPosition= -1 topActivityLetterboxHorizontalPosition= -1 topActivityLetterboxWidth=-1 topActivityLetterboxHeight=-1 topActivityAppBounds=Rect(0, 0 - 1080, 2400) isUserFullscreenOverrideEnabled=false isSystemFullscreenOverrideEnabled=false hasMinAspectRatioOverride=false topActivityLetterboxBounds=null cameraCompatTaskInfo=CameraCompatTaskInfo { cameraCompatMode=inactive0} topNonResizableActivityAspectRatio=-1.0} topActivityMainWindowFrame=null isAppBubble=false}, pipChange = null, remoteTransition = null, displayChange = null, requestedLocation = null, userChange = null, windowingLayerChange = null, flags = 16, debugId = 25 }
12-18 22:07:36.375 13531 13556 V WindowManager:     startWCT=WindowContainerTransaction { changes= {} hops= [] errorCallbackToken=null taskFragmentOrganizer=null }
12-18 22:07:36.376 13531 13556 V WindowManager:     info={id=25 t=CLOSE f=0x10 trk=0 r=[0@Point(0, 0)] c=[
12-18 22:07:36.376 13531 13556 V WindowManager:         {WCT{RemoteToken{17b0a45 Task{52cf72d #1 type=home}}} m=TO_FRONT f=SHOW_WALLPAPER|MOVE_TO_TOP leash=Surface(name=Task=1#471)/@0x510bfed sb=Rect(0, 0 - 1080, 2400) eb=Rect(0, 0 - 1080, 2400) epz=Point(1080, 2400) d=0 taskParent=-1 winMode=1 userId=0},
12-18 22:07:36.376 13531 13556 V WindowManager:         {WCT{RemoteToken{b58ac45 Task{253ae60 #22 type=standard A=10218:com.tomghdev.voco}}} m=CLOSE f=NONE leash=Surface(name=Task=22#691)/@0xfbbc8af sb=Rect(0, 0 - 1080, 2400) eb=Rect(0, 0 - 1080, 2400) epz=Point(1080, 2400) d=0 taskParent=-1 winMode=1 userId=0},
12-18 22:07:36.376 13531 13556 V WindowManager:         {m=TO_FRONT f=IS_WALLPAPER leash=Surface(name=WallpaperWindowToken{57a4bd0}#399)/@0x5ff7534 sb=Rect(0, 0 - 1080, 2400) eb=Rect(0, 0 - 1080, 2400) epz=Point(1080, 2400) d=0}
12-18 22:07:36.376 13531 13556 V WindowManager:     ]}
12-18 22:07:36.391 17674 17712 D Bubbles : onLocusVisibilityChanged=Overview|DISABLED visible=true taskId=1
12-18 22:07:36.392 17674 17684 V WindowManagerShell: onTransitionReady(transaction=58115202484782)
12-18 22:07:36.463 14214 14271 D QuickstepModelDelegate: notifyAppTargetEvent action=1 launchLocation=workspace/0/[-1,-1]/[1,1]
12-18 22:07:36.537 17674 17712 V WindowManagerShell: onTransitionReady (#25) android.os.BinderProxy@55ad691: {id=25 t=CLOSE f=0x10 trk=0 r=[0@Point(0, 0)] c=[
12-18 22:07:36.537 17674 17712 V WindowManagerShell:         {m=TO_FRONT f=SHOW_WALLPAPER|MOVE_TO_TOP leash=Surface(name=Task=1#471)/@0x4f351f7 sb=Rect(0, 0 - 1080, 2400) eb=Rect(0, 0 - 1080, 2400) epz=Point(1080, 2400) d=0 taskParent=-1 winMode=1 userId=0},
12-18 22:07:36.537 17674 17712 V WindowManagerShell:         {m=CLOSE f=NONE leash=Surface(name=Task=22#691)/@0xa9d5864 sb=Rect(0, 0 - 1080, 2400) eb=Rect(0, 0 - 1080, 2400) epz=Point(1080, 2400) d=0 taskParent=-1 winMode=1 userId=0},
12-18 22:07:36.537 17674 17712 V WindowManagerShell:         {m=TO_FRONT f=IS_WALLPAPER leash=Surface(name=WallpaperWindowToken{57a4bd0}#399)/@0x7454acd sb=Rect(0, 0 - 1080, 2400) eb=Rect(0, 0 - 1080, 2400) epz=Point(1080, 2400) d=0}
12-18 22:07:36.537 17674 17712 V WindowManagerShell:     ]}
12-18 22:07:36.537 17674 17712 V WindowManagerShell: Playing animation for (#25) android.os.BinderProxy@55ad691@0
12-18 22:07:36.537 17674 17712 V ShellRecents: RecentsTransitionHandler.startAnimation: no controller found
12-18 22:07:36.537 17674 17712 V WindowManagerShell: Transition doesn't have explicit remote, search filters for match for {id=25 t=CLOSE f=0x10 trk=0 r=[0@Point(0, 0)] c=[{m=TO_FRONT f=SHOW_WALLPAPER|MOVE_TO_TOP leash=Surface(name=Task=1#471)/@0x4f351f7 sb=Rect(0, 0 - 1080, 2400) eb=Rect(0, 0 - 1080, 2400) epz=Point(1080, 2400) d=0 taskParent=-1 winMode=1 userId=0},{m=CLOSE f=NONE leash=Surface(name=Task=22#691)/@0xa9d5864 sb=Rect(0, 0 - 1080, 2400) eb=Rect(0, 0 - 1080, 2400) epz=Point(1080, 2400) d=0 taskParent=-1 winMode=1 userId=0},{m=TO_FRONT f=IS_WALLPAPER leash=Surface(name=WallpaperWindowToken{57a4bd0}#399)/@0x7454acd sb=Rect(0, 0 - 1080, 2400) eb=Rect(0, 0 - 1080, 2400) epz=Point(1080, 2400) d=0}]}
12-18 22:07:36.537 17674 17712 V WindowManagerShell:  Checking filter Pair{{types=[] flags=0x0] notFlags=0x0 checks=[{atype=undefined independent=true modes=[CLOSE,TO_BACK] flags=IN_TASK_WITH_EMBEDDED_ACTIVITY mustBeTask=false order=ANY topActivity=null launchCookie=null taskFragmentToken=android.os.BinderProxy@6730948 windowingMode=undefined isCrossDisplayMove=false}]} RemoteTransition { remoteTransition = android.window.IRemoteTransition$Stub$Proxy@17f13e1, appThread = android.app.IApplicationThread$Stub$Proxy@c303506, debugName = overlayBackTransition }}
12-18 22:07:36.537 17674 17712 V WindowManagerShell:  Checking filter Pair{{types=[] flags=0x0] notFlags=0x0 checks=[{atype=dream independent=true modes=[OPEN,TO_FRONT] flags=NONE mustBeTask=false order=ANY topActivity=null launchCookie=null windowingMode=undefined isCrossDisplayMove=false},{atype=home independent=true modes=[CLOSE,TO_BACK] flags=NONE mustBeTask=false order=ANY topActivity=null launchCookie=null windowingMode=undefined isCrossDisplayMove=false}]} RemoteTransition { remoteTransition = android.window.IRemoteTransition$Stub$Proxy@95297c7, appThread = android.app.IApplicationThread$Stub$Proxy@d5371f4, debugName = LauncherToDream }}
12-18 22:07:36.537 17674 17712 V WindowManagerShell:  Checking filter Pair{{types=[] flags=0x0] notFlags=0x100 checks=[{atype=home independent=true modes=[OPEN,TO_FRONT] flags=NONE mustBeTask=false order=TOP topActivity=ComponentInfo{com.google.android.apps.nexuslauncher/com.google.android.apps.nexuslauncher.NexusLauncherActivity} launchCookie=null windowingMode=undefined isCrossDisplayMove=false},{atype=standard independent=true modes=[CLOSE,TO_BACK] flags=NONE mustBeTask=false order=ANY topActivity=null launchCookie=null windowingMode=undefined isCrossDisplayMove=false},{NOT atype=undefined independent=true modes=[] flags=NONE mustBeTask=true order=ANY topActivity=null launchCookie=null customAnim=true windowingMode=undefined isCrossDisplayMove=false}]} RemoteTransition { remoteTransition = android.window.IRemoteTransition$Stub$Proxy@ff80d1d, appThread = android.app.IApplicationThread$Stub$Proxy@20a9b92, debugName = QuickstepLaunchHome }}
12-18 22:07:36.538 17674 17712 D RemoteTransitionHandler: Found filterPair{{types=[] flags=0x0] notFlags=0x100 checks=[{atype=home independent=true modes=[OPEN,TO_FRONT] flags=NONE mustBeTask=false order=TOP topActivity=ComponentInfo{com.google.android.apps.nexuslauncher/com.google.android.apps.nexuslauncher.NexusLauncherActivity} launchCookie=null windowingMode=undefined isCrossDisplayMove=false},{atype=standard independent=true modes=[CLOSE,TO_BACK] flags=NONE mustBeTask=false order=ANY topActivity=null launchCookie=null windowingMode=undefined isCrossDisplayMove=false},{NOT atype=undefined independent=true modes=[] flags=NONE mustBeTask=true order=ANY topActivity=null launchCookie=null customAnim=true windowingMode=undefined isCrossDisplayMove=false}]} RemoteTransition { remoteTransition = android.window.IRemoteTransition$Stub$Proxy@ff80d1d, appThread = android.app.IApplicationThread$Stub$Proxy@20a9b92, debugName = QuickstepLaunchHome }}
12-18 22:07:36.538 17674 17712 V WindowManagerShell:  Delegate animation for (#25) to RemoteTransition { remoteTransition = android.window.IRemoteTransition$Stub$Proxy@ff80d1d, appThread = android.app.IApplicationThread$Stub$Proxy@20a9b92, debugName = QuickstepLaunchHome }
12-18 22:07:36.571 17674 17712 V WindowManagerShell:  animated by com.android.wm.shell.transition.RemoteTransitionHandler@2fb7d18
12-18 22:07:36.603 14214 14214 D LauncherStateManager: StateManager.createAtomicAnimation: fromState: Normal, toState: Normal, partial trace:
12-18 22:07:36.603 14214 14214 D LauncherStateManager: 	at com.android.quickstep.util.ScalingWorkspaceRevealAnim.<init>(go/retraceme 7101499b44b219b757f6885b35ae099b24fc769225595efcaaacae5b0f94500b:54)
12-18 22:07:36.603 14214 14214 D LauncherStateManager: 	at com.android.launcher3.QuickstepTransitionManager.createWallpaperOpenAnimations(go/retraceme 7101499b44b219b757f6885b35ae099b24fc769225595efcaaacae5b0f94500b:537)
12-18 22:07:36.603 14214 14214 D LauncherStateManager: 	at com.android.launcher3.QuickstepTransitionManager$WallpaperOpenLauncherAnimationRunner.onAnimationStart(go/retraceme 7101499b44b219b757f6885b35ae099b24fc769225595efcaaacae5b0f94500b:96)
12-18 22:07:36.605 14214 14214 D AllAppsTransitionController: shouldProtectHeader: false skipScrim: true state: Normal stateManager.getState(): Normal
12-18 22:07:36.605 14214 14214 D KeyboardInsetsHandler: removePendingImeController: pendingImeController=null
12-18 22:07:36.607 14214 14214 V BaseDepthController: Applying blur: 0 to Surface(name=com.google.android.apps.nexuslauncher/com.google.android.apps.nexuslauncher.NexusLauncherActivity#566)/@0x474e5b7 applyImmediately: false
12-18 22:07:36.608 14214 14214 D BaseDepthController: shouldBlurWorkspace: false targetState: Normal currentStableState: Normal mCurrentBlur: 0 mLauncher.getDepthBlurTargets(): [com.android.launcher3.Workspace{b2b721b V.ED..... ......ID 0,0-1080,2400 #7f0a049d app:id/workspace}, com.android.launcher3.Hotseat{a25ffb8 V.ED..... ........ 0,1905-1080,2400 #7f0a01ee app:id/hotseat}]
12-18 22:07:36.608 14214 14214 V BaseDepthController: Applying blur: 0 to Surface(name=com.google.android.apps.nexuslauncher/com.google.android.apps.nexuslauncher.NexusLauncherActivity#566)/@0x474e5b7 applyImmediately: false
12-18 22:07:36.609 14214 14214 D BaseDepthController: shouldBlurWorkspace: false targetState: Normal currentStableState: Normal mCurrentBlur: 0 mLauncher.getDepthBlurTargets(): [com.android.launcher3.Workspace{b2b721b V.ED..... ......ID 0,0-1080,2400 #7f0a049d app:id/workspace}, com.android.launcher3.Hotseat{a25ffb8 V.ED..... ........ 0,1905-1080,2400 #7f0a01ee app:id/hotseat}]
12-18 22:07:36.613 14214 14214 D LauncherStateManager: StateManager.cancelAnimation: animation ongoing: false, partial trace:
12-18 22:07:36.613 14214 14214 D LauncherStateManager: 	at com.android.launcher3.statemanager.StateManager.setCurrentAnimation(go/retraceme 7101499b44b219b757f6885b35ae099b24fc769225595efcaaacae5b0f94500b:18)
12-18 22:07:36.613 14214 14214 D LauncherStateManager: 	at com.android.launcher3.QuickstepTransitionManager.createWallpaperOpenAnimations(go/retraceme 7101499b44b219b757f6885b35ae099b24fc769225595efcaaacae5b0f94500b:646)
12-18 22:07:36.613 14214 14214 D LauncherStateManager: 	at com.android.launcher3.QuickstepTransitionManager$WallpaperOpenLauncherAnimationRunner.onAnimationStart(go/retraceme 7101499b44b219b757f6885b35ae099b24fc769225595efcaaacae5b0f94500b:96)
12-18 22:07:36.613 14214 14214 D b/311077782: LauncherAnimationRunner.setAnimation
12-18 22:07:36.613 14214 14214 V BaseDepthController: Applying blur: 0 to Surface(name=com.google.android.apps.nexuslauncher/com.google.android.apps.nexuslauncher.NexusLauncherActivity#566)/@0x474e5b7 applyImmediately: false
12-18 22:07:36.613 14214 14214 D BaseDepthController: shouldBlurWorkspace: false targetState: Normal currentStableState: Normal mCurrentBlur: 0 mLauncher.getDepthBlurTargets(): [com.android.launcher3.Workspace{b2b721b V.ED..... ......ID 0,0-1080,2400 #7f0a049d app:id/workspace}, com.android.launcher3.Hotseat{a25ffb8 V.ED..... ......ID 0,1905-1080,2400 #7f0a01ee app:id/hotseat}]
12-18 22:07:36.613 14214 14214 V BaseDepthController: Applying blur: 0 to Surface(name=com.google.android.apps.nexuslauncher/com.google.android.apps.nexuslauncher.NexusLauncherActivity#566)/@0x474e5b7 applyImmediately: false
12-18 22:07:36.613 14214 14214 D BaseDepthController: shouldBlurWorkspace: false targetState: Normal currentStableState: Normal mCurrentBlur: 0 mLauncher.getDepthBlurTargets(): [com.android.launcher3.Workspace{b2b721b V.ED..... ......ID 0,0-1080,2400 #7f0a049d app:id/workspace}, com.android.launcher3.Hotseat{a25ffb8 V.ED..... ......ID 0,1905-1080,2400 #7f0a01ee app:id/hotseat}]
12-18 22:07:36.613 14214 14214 V BaseDepthController: Applying blur: 0 to Surface(name=com.google.android.apps.nexuslauncher/com.google.android.apps.nexuslauncher.NexusLauncherActivity#566)/@0x474e5b7 applyImmediately: false
12-18 22:07:36.614 14214 14214 D BaseDepthController: shouldBlurWorkspace: false targetState: Normal currentStableState: Normal mCurrentBlur: 0 mLauncher.getDepthBlurTargets(): [com.android.launcher3.Workspace{b2b721b V.ED..... ......ID 0,0-1080,2400 #7f0a049d app:id/workspace}, com.android.launcher3.Hotseat{a25ffb8 V.ED..... ......ID 0,1905-1080,2400 #7f0a01ee app:id/hotseat}]
12-18 22:07:36.614 14214 14214 V BaseDepthController: Applying blur: 0 to Surface(name=com.google.android.apps.nexuslauncher/com.google.android.apps.nexuslauncher.NexusLauncherActivity#566)/@0x474e5b7 applyImmediately: false
12-18 22:07:36.614 14214 14214 D BaseDepthController: shouldBlurWorkspace: false targetState: Normal currentStableState: Normal mCurrentBlur: 0 mLauncher.getDepthBlurTargets(): [com.android.launcher3.Workspace{b2b721b V.ED..... ......ID 0,0-1080,2400 #7f0a049d app:id/workspace}, com.android.launcher3.Hotseat{a25ffb8 V.ED..... ......ID 0,1905-1080,2400 #7f0a01ee app:id/hotseat}]
12-18 22:07:36.614 14214 14214 V BaseDepthController: Applying blur: 0 to Surface(name=com.google.android.apps.nexuslauncher/com.google.android.apps.nexuslauncher.NexusLauncherActivity#566)/@0x474e5b7 applyImmediately: false
12-18 22:07:36.614 14214 14214 D BaseDepthController: shouldBlurWorkspace: false targetState: Normal currentStableState: Normal mCurrentBlur: 0 mLauncher.getDepthBlurTargets(): [com.android.launcher3.Workspace{b2b721b V.ED..... ......ID 0,0-1080,2400 #7f0a049d app:id/workspace}, com.android.launcher3.Hotseat{a25ffb8 V.ED..... ......ID 0,1905-1080,2400 #7f0a01ee app:id/hotseat}]
12-18 22:07:36.623 14214 14214 D BaseActivity: Launcher flags updated: [state_started|state_resumed|state_deferred_resumed|state_window_focused|state_user_active] +[state_window_focused]
12-18 22:07:36.625 13531 13772 I ImeTracker: com.google.android.apps.nexuslauncher:8b50148f: onRequestHide at ORIGIN_SERVER reason HIDE_SAME_WINDOW_FOCUSED_WITHOUT_EDITOR fromUser false
12-18 22:07:36.637 14214 14214 V BaseDepthController: Applying blur: 0 to Surface(name=com.google.android.apps.nexuslauncher/com.google.android.apps.nexuslauncher.NexusLauncherActivity#566)/@0x474e5b7 applyImmediately: false
12-18 22:07:36.638 14214 14214 D BaseDepthController: shouldBlurWorkspace: false targetState: Normal currentStableState: Normal mCurrentBlur: 0 mLauncher.getDepthBlurTargets(): [com.android.launcher3.Workspace{b2b721b V.ED..... ........ 0,0-1080,2400 #7f0a049d app:id/workspace}, com.android.launcher3.Hotseat{a25ffb8 V.ED..... .......D 0,1905-1080,2400 #7f0a01ee app:id/hotseat}]
12-18 22:07:36.644 14214 14214 D InsetsController: hide(ime())
12-18 22:07:36.644 14214 14214 I ImeTracker: com.google.android.apps.nexuslauncher:8b50148f: onCancelled at PHASE_CLIENT_ALREADY_HIDDEN
12-18 22:07:36.649 14214 14214 V BaseDepthController: Applying blur: 0 to Surface(name=com.google.android.apps.nexuslauncher/com.google.android.apps.nexuslauncher.NexusLauncherActivity#566)/@0x474e5b7 applyImmediately: false
12-18 22:07:36.659 14214 14214 D BaseDepthController: shouldBlurWorkspace: false targetState: Normal currentStableState: Normal mCurrentBlur: 0 mLauncher.getDepthBlurTargets(): [com.android.launcher3.Workspace{b2b721b V.ED..... ........ 0,0-1080,2400 #7f0a049d app:id/workspace}, com.android.launcher3.Hotseat{a25ffb8 V.ED..... .......D 0,1905-1080,2400 #7f0a01ee app:id/hotseat}]
12-18 22:07:36.666   496 14189 I RanchuHwc: logCompositionFallbackIfChanged: layer 76 CompositionType fallback from 2 to 1
12-18 22:07:36.666   496 14189 I RanchuHwc: logCompositionFallbackIfChanged: layer 77 CompositionType fallback from 2 to 1
12-18 22:07:36.684 16259 16259 I GoogleInputMethodService: GoogleInputMethodService.onFinishInput():2057 
12-18 22:07:36.687 16259 16259 I Module  : DeviceLockedStatusModuleProvider$Module.updateDeviceLockedStatus():100 repeatCheckTimes = 0, locked = false
12-18 22:07:36.689 16259 16259 I GoogleInputMethodService: GoogleInputMethodService.onStartInput():1318 onStartInput(EditorInfo{EditorInfo{packageName=com.google.android.apps.nexuslauncher, inputType=0, inputTypeString=NULL, enableLearning=false, autoCorrection=false, autoComplete=false, imeOptions=0, privateImeOptions=null, actionName=UNSPECIFIED, actionLabel=null, initialSelStart=-1, initialSelEnd=-1, initialCapsMode=0, label=null, fieldId=0, fieldName=null, extras=null, hintText=null, hintLocales=[]}}, false)
12-18 22:07:36.693 16259 16259 I Module  : DeviceLockedStatusModuleProvider$Module.updateDeviceLockedStatus():100 repeatCheckTimes = 1, locked = false
12-18 22:07:36.695 13531 15615 W PackageConfigPersister: App-specific configuration not found for packageName: com.google.android.apps.nexuslauncher and userId: 0
12-18 22:07:36.704 14214 14214 V BaseDepthController: Applying blur: 0 to Surface(name=com.google.android.apps.nexuslauncher/com.google.android.apps.nexuslauncher.NexusLauncherActivity#566)/@0x474e5b7 applyImmediately: false
12-18 22:07:36.704 14214 14214 D BaseDepthController: shouldBlurWorkspace: false targetState: Normal currentStableState: Normal mCurrentBlur: 0 mLauncher.getDepthBlurTargets(): [com.android.launcher3.Workspace{b2b721b V.ED..... ........ 0,0-1080,2400 #7f0a049d app:id/workspace}, com.android.launcher3.Hotseat{a25ffb8 V.ED..... ........ 0,1905-1080,2400 #7f0a01ee app:id/hotseat}]
12-18 22:07:36.711 15908 18187 W GLSUser : [AppCertManager] Exception while requesting key: 
12-18 22:07:36.711 15908 18187 W GLSUser : java.util.concurrent.ExecutionException: cpif: Parse Proto Exception with response code 400
12-18 22:07:36.711 15908 18187 W GLSUser : 	at gsde.j(:com.google.android.gms@254732035@25.47.32 (260400-838947801):21)
12-18 22:07:36.711 15908 18187 W GLSUser : 	at gsdn.u(:com.google.android.gms@254732035@25.47.32 (260400-838947801):71)
12-18 22:07:36.711 15908 18187 W GLSUser : 	at ajbe.b(:com.google.android.gms@254732035@25.47.32 (260400-838947801):439)
12-18 22:07:36.711 15908 18187 W GLSUser : 	at ajbc.a(:com.google.android.gms@254732035@25.47.32 (260400-838947801):67)
12-18 22:07:36.711 15908 18187 W GLSUser : 	at ajay.a(:com.google.android.gms@254732035@25.47.32 (260400-838947801):3)
12-18 22:07:36.711 15908 18187 W GLSUser : 	at ajba.a(:com.google.android.gms@254732035@25.47.32 (260400-838947801):58)
12-18 22:07:36.711 15908 18187 W GLSUser : 	at ajba.b(:com.google.android.gms@254732035@25.47.32 (260400-838947801):21)
12-18 22:07:36.711 15908 18187 W GLSUser : 	at aiyh.f(:com.google.android.gms@254732035@25.47.32 (260400-838947801):10)
12-18 22:07:36.711 15908 18187 W GLSUser : 	at coag.fB(:com.google.android.gms@254732035@25.47.32 (260400-838947801):1)
12-18 22:07:36.711 15908 18187 W GLSUser : 	at coak.run(:com.google.android.gms@254732035@25.47.32 (260400-838947801):118)
12-18 22:07:36.711 15908 18187 W GLSUser : 	at gjql.run(:com.google.android.gms@254732035@25.47.32 (260400-838947801):19)
12-18 22:07:36.711 15908 18187 W GLSUser : 	at bden.c(:com.google.android.gms@254732035@25.47.32 (260400-838947801):50)
12-18 22:07:36.711 15908 18187 W GLSUser : 	at bden.run(:com.google.android.gms@254732035@25.47.32 (260400-838947801):73)
12-18 22:07:36.711 15908 18187 W GLSUser : 	at java.util.concurrent.ThreadPoolExecutor.runWorker(ThreadPoolExecutor.java:1154)
12-18 22:07:36.711 15908 18187 W GLSUser : 	at java.util.concurrent.ThreadPoolExecutor$Worker.run(ThreadPoolExecutor.java:652)
12-18 22:07:36.711 15908 18187 W GLSUser : 	at bdke.run(:com.google.android.gms@254732035@25.47.32 (260400-838947801):8)
12-18 22:07:36.711 15908 18187 W GLSUser : 	at java.lang.Thread.run(Thread.java:1563)
12-18 22:07:36.711 15908 18187 W GLSUser : Caused by: cpif: Parse Proto Exception with response code 400
12-18 22:07:36.711 15908 18187 W GLSUser : 	at cpji.e(:com.google.android.gms@254732035@25.47.32 (260400-838947801):71)
12-18 22:07:36.711 15908 18187 W GLSUser : 	at cplu.d(:com.google.android.gms@254732035@25.47.32 (260400-838947801):18)
12-18 22:07:36.711 15908 18187 W GLSUser : 	at cpml.onSucceeded(:com.google.android.gms@254732035@25.47.32 (260400-838947801):9)
12-18 22:07:36.711 15908 18187 W GLSUser : 	at m1.ne.onSucceeded(:com.google.android.gms.dynamite_cronetdynamite@254732035@25.47.32 (260400-0):3)
12-18 22:07:36.711 15908 18187 W GLSUser : 	at m1.lx.run(:com.google.android.gms.dynamite_cronetdynamite@254732035@25.47.32 (260400-0):21)
12-18 22:07:36.711 15908 18187 W GLSUser : 	at m1.lr.run(:com.google.android.gms.dynamite_cronetdynamite@254732035@25.47.32 (260400-0):31)
12-18 22:07:36.711 15908 18187 W GLSUser : 	... 6 more
12-18 22:07:36.711 15908 18187 W GLSUser : Caused by: hmmn: Protocol message contained an invalid tag (zero).
12-18 22:07:36.711 15908 18187 W GLSUser : 	at hmjn.k(:com.google.android.gms@254732035@25.47.32 (260400-838947801):43)
12-18 22:07:36.711 15908 18187 W GLSUser : 	at hmnl.c(:com.google.android.gms@254732035@25.47.32 (260400-838947801):399)
12-18 22:07:36.711 15908 18187 W GLSUser : 	at hmnl.i(:com.google.android.gms@254732035@25.47.32 (260400-838947801):8)
12-18 22:07:36.711 15908 18187 W GLSUser : 	at hmlr.y(:com.google.android.gms@254732035@25.47.32 (260400-838947801):23)
12-18 22:07:36.711 15908 18187 W GLSUser : 	at hmlm.g(:com.google.android.gms@254732035@25.47.32 (260400-838947801):3)
12-18 22:07:36.711 15908 18187 W GLSUser : 	at hmjj.e(:com.google.android.gms@254732035@25.47.32 (260400-838947801):1)
12-18 22:07:36.711 15908 18187 W GLSUser : 	at hmjj.d(:com.google.android.gms@254732035@25.47.32 (260400-838947801):3)
12-18 22:07:36.711 15908 18187 W GLSUser : 	at hmjj.p(:com.google.android.gms@254732035@25.47.32 (260400-838947801):1)
12-18 22:07:36.711 15908 18187 W GLSUser : 	at cpji.g(:com.google.android.gms@254732035@25.47.32 (260400-838947801):69)
12-18 22:07:36.711 15908 18187 W GLSUser : 	at cpji.e(:com.google.android.gms@254732035@25.47.32 (260400-838947801):11)
12-18 22:07:36.711 15908 18187 W GLSUser : 	... 11 more
12-18 22:07:36.720 14214 14214 V BaseDepthController: Applying blur: 0 to Surface(name=com.google.android.apps.nexuslauncher/com.google.android.apps.nexuslauncher.NexusLauncherActivity#566)/@0x474e5b7 applyImmediately: false
12-18 22:07:36.720 14214 14214 D BaseDepthController: shouldBlurWorkspace: false targetState: Normal currentStableState: Normal mCurrentBlur: 0 mLauncher.getDepthBlurTargets(): [com.android.launcher3.Workspace{b2b721b V.ED..... ........ 0,0-1080,2400 #7f0a049d app:id/workspace}, com.android.launcher3.Hotseat{a25ffb8 V.ED..... ........ 0,1905-1080,2400 #7f0a01ee app:id/hotseat}]
12-18 22:07:36.720 15908 18187 W GLSUser : [DeviceKeyStore] Cannot load key: Device key file not found.
12-18 22:07:36.728 15908 18194 W GLSUser : [DeviceKeyStore] Cannot load key: Device key file not found.
12-18 22:07:36.730 15908 18194 W GLSUser : [DeviceKeyStore] Cannot load key: Device key file not found.
12-18 22:07:36.741 14214 14214 V BaseDepthController: Applying blur: 0 to Surface(name=com.google.android.apps.nexuslauncher/com.google.android.apps.nexuslauncher.NexusLauncherActivity#566)/@0x474e5b7 applyImmediately: false
12-18 22:07:36.741 14214 14214 D BaseDepthController: shouldBlurWorkspace: false targetState: Normal currentStableState: Normal mCurrentBlur: 0 mLauncher.getDepthBlurTargets(): [com.android.launcher3.Workspace{b2b721b V.ED..... ........ 0,0-1080,2400 #7f0a049d app:id/workspace}, com.android.launcher3.Hotseat{a25ffb8 V.ED..... ........ 0,1905-1080,2400 #7f0a01ee app:id/hotseat}]
12-18 22:07:36.756 14214 14214 V BaseDepthController: Applying blur: 0 to Surface(name=com.google.android.apps.nexuslauncher/com.google.android.apps.nexuslauncher.NexusLauncherActivity#566)/@0x474e5b7 applyImmediately: false
12-18 22:07:36.756 14214 14214 D BaseDepthController: shouldBlurWorkspace: false targetState: Normal currentStableState: Normal mCurrentBlur: 0 mLauncher.getDepthBlurTargets(): [com.android.launcher3.Workspace{b2b721b V.ED..... ........ 0,0-1080,2400 #7f0a049d app:id/workspace}, com.android.launcher3.Hotseat{a25ffb8 V.ED..... ........ 0,1905-1080,2400 #7f0a01ee app:id/hotseat}]
12-18 22:07:36.769 14214 14214 V BaseDepthController: Applying blur: 0 to Surface(name=com.google.android.apps.nexuslauncher/com.google.android.apps.nexuslauncher.NexusLauncherActivity#566)/@0x474e5b7 applyImmediately: false
12-18 22:07:36.770 14214 14214 D BaseDepthController: shouldBlurWorkspace: false targetState: Normal currentStableState: Normal mCurrentBlur: 0 mLauncher.getDepthBlurTargets(): [com.android.launcher3.Workspace{b2b721b V.ED..... ........ 0,0-1080,2400 #7f0a049d app:id/workspace}, com.android.launcher3.Hotseat{a25ffb8 V.ED..... ........ 0,1905-1080,2400 #7f0a01ee app:id/hotseat}]
12-18 22:07:36.787 14214 14214 V BaseDepthController: Applying blur: 0 to Surface(name=com.google.android.apps.nexuslauncher/com.google.android.apps.nexuslauncher.NexusLauncherActivity#566)/@0x474e5b7 applyImmediately: false
12-18 22:07:36.787 14214 14214 D BaseDepthController: shouldBlurWorkspace: false targetState: Normal currentStableState: Normal mCurrentBlur: 0 mLauncher.getDepthBlurTargets(): [com.android.launcher3.Workspace{b2b721b V.ED..... ........ 0,0-1080,2400 #7f0a049d app:id/workspace}, com.android.launcher3.Hotseat{a25ffb8 V.ED..... ........ 0,1905-1080,2400 #7f0a01ee app:id/hotseat}]
12-18 22:07:36.821 14214 14214 V BaseDepthController: Applying blur: 0 to Surface(name=com.google.android.apps.nexuslauncher/com.google.android.apps.nexuslauncher.NexusLauncherActivity#566)/@0x474e5b7 applyImmediately: false
12-18 22:07:36.821 14214 14214 D BaseDepthController: setEarlyWakeup: true
12-18 22:07:36.821 14214 14214 D BaseDepthController: shouldBlurWorkspace: false targetState: Normal currentStableState: Normal mCurrentBlur: 0 mLauncher.getDepthBlurTargets(): [com.android.launcher3.Workspace{b2b721b V.ED..... ........ 0,0-1080,2400 #7f0a049d app:id/workspace}, com.android.launcher3.Hotseat{a25ffb8 V.ED..... .......D 0,1905-1080,2400 #7f0a01ee app:id/hotseat}]
12-18 22:07:36.838 14214 14214 V BaseDepthController: Applying blur: 0 to Surface(name=com.google.android.apps.nexuslauncher/com.google.android.apps.nexuslauncher.NexusLauncherActivity#566)/@0x474e5b7 applyImmediately: false
12-18 22:07:36.838 14214 14214 D BaseDepthController: shouldBlurWorkspace: false targetState: Normal currentStableState: Normal mCurrentBlur: 0 mLauncher.getDepthBlurTargets(): [com.android.launcher3.Workspace{b2b721b V.ED..... ........ 0,0-1080,2400 #7f0a049d app:id/workspace}, com.android.launcher3.Hotseat{a25ffb8 V.ED..... ........ 0,1905-1080,2400 #7f0a01ee app:id/hotseat}]
12-18 22:07:36.851 15908 18224 W Conscrypt: Could not set socket write timeout: java.net.SocketException: Socket closed
12-18 22:07:36.852 15908 18224 W Conscrypt: 	at com.google.android.gms.org.conscrypt.Platform.setSocketWriteTimeout(:com.google.android.gms@254732035@25.47.32 (260400-838947801):204)
12-18 22:07:36.852 15908 18224 W Conscrypt: 	at com.google.android.gms.org.conscrypt.ConscryptFileDescriptorSocket.setSoWriteTimeout(:com.google.android.gms@254732035@25.47.32 (260400-838947801):4)
12-18 22:07:36.862 14214 14214 V BaseDepthController: Applying blur: 0 to Surface(name=com.google.android.apps.nexuslauncher/com.google.android.apps.nexuslauncher.NexusLauncherActivity#566)/@0x474e5b7 applyImmediately: false
12-18 22:07:36.863 14214 14214 D BaseDepthController: shouldBlurWorkspace: false targetState: Normal currentStableState: Normal mCurrentBlur: 0 mLauncher.getDepthBlurTargets(): [com.android.launcher3.Workspace{b2b721b V.ED..... ........ 0,0-1080,2400 #7f0a049d app:id/workspace}, com.android.launcher3.Hotseat{a25ffb8 V.ED..... ........ 0,1905-1080,2400 #7f0a01ee app:id/hotseat}]
12-18 22:07:36.885 14214 14214 V BaseDepthController: Applying blur: 0 to Surface(name=com.google.android.apps.nexuslauncher/com.google.android.apps.nexuslauncher.NexusLauncherActivity#566)/@0x474e5b7 applyImmediately: false
12-18 22:07:36.885 14214 14214 D BaseDepthController: shouldBlurWorkspace: false targetState: Normal currentStableState: Normal mCurrentBlur: 0 mLauncher.getDepthBlurTargets(): [com.android.launcher3.Workspace{b2b721b V.ED..... ........ 0,0-1080,2400 #7f0a049d app:id/workspace}, com.android.launcher3.Hotseat{a25ffb8 V.ED..... ........ 0,1905-1080,2400 #7f0a01ee app:id/hotseat}]
12-18 22:07:36.902 14214 14214 V BaseDepthController: Applying blur: 0 to Surface(name=com.google.android.apps.nexuslauncher/com.google.android.apps.nexuslauncher.NexusLauncherActivity#566)/@0x474e5b7 applyImmediately: false
12-18 22:07:36.902 14214 14214 D BaseDepthController: shouldBlurWorkspace: false targetState: Normal currentStableState: Normal mCurrentBlur: 0 mLauncher.getDepthBlurTargets(): [com.android.launcher3.Workspace{b2b721b V.ED..... ........ 0,0-1080,2400 #7f0a049d app:id/workspace}, com.android.launcher3.Hotseat{a25ffb8 V.ED..... ........ 0,1905-1080,2400 #7f0a01ee app:id/hotseat}]
12-18 22:07:36.918 15908 18224 W Conscrypt: Could not set socket write timeout: java.net.SocketException: Socket closed
12-18 22:07:36.918 14214 14214 V BaseDepthController: Applying blur: 0 to Surface(name=com.google.android.apps.nexuslauncher/com.google.android.apps.nexuslauncher.NexusLauncherActivity#566)/@0x474e5b7 applyImmediately: false
12-18 22:07:36.918 14214 14214 D BaseDepthController: shouldBlurWorkspace: false targetState: Normal currentStableState: Normal mCurrentBlur: 0 mLauncher.getDepthBlurTargets(): [com.android.launcher3.Workspace{b2b721b V.ED..... ........ 0,0-1080,2400 #7f0a049d app:id/workspace}, com.android.launcher3.Hotseat{a25ffb8 V.ED..... ........ 0,1905-1080,2400 #7f0a01ee app:id/hotseat}]
12-18 22:07:36.919 15908 18224 W Conscrypt: 	at com.google.android.gms.org.conscrypt.Platform.setSocketWriteTimeout(:com.google.android.gms@254732035@25.47.32 (260400-838947801):204)
12-18 22:07:36.919 15908 18224 W Conscrypt: 	at com.google.android.gms.org.conscrypt.ConscryptFileDescriptorSocket.setSoWriteTimeout(:com.google.android.gms@254732035@25.47.32 (260400-838947801):4)
12-18 22:07:36.935 14214 14214 V BaseDepthController: Applying blur: 0 to Surface(name=com.google.android.apps.nexuslauncher/com.google.android.apps.nexuslauncher.NexusLauncherActivity#566)/@0x474e5b7 applyImmediately: false
12-18 22:07:36.935 14214 14214 D BaseDepthController: shouldBlurWorkspace: false targetState: Normal currentStableState: Normal mCurrentBlur: 0 mLauncher.getDepthBlurTargets(): [com.android.launcher3.Workspace{b2b721b V.ED..... ........ 0,0-1080,2400 #7f0a049d app:id/workspace}, com.android.launcher3.Hotseat{a25ffb8 V.ED..... ........ 0,1905-1080,2400 #7f0a01ee app:id/hotseat}]
12-18 22:07:36.956 14214 14214 V BaseDepthController: Applying blur: 0 to Surface(name=com.google.android.apps.nexuslauncher/com.google.android.apps.nexuslauncher.NexusLauncherActivity#566)/@0x474e5b7 applyImmediately: false
12-18 22:07:36.957 14214 14214 D BaseDepthController: shouldBlurWorkspace: false targetState: Normal currentStableState: Normal mCurrentBlur: 0 mLauncher.getDepthBlurTargets(): [com.android.launcher3.Workspace{b2b721b V.ED..... ........ 0,0-1080,2400 #7f0a049d app:id/workspace}, com.android.launcher3.Hotseat{a25ffb8 V.ED..... ........ 0,1905-1080,2400 #7f0a01ee app:id/hotseat}]
12-18 22:07:36.968 14214 14214 V BaseDepthController: Applying blur: 0 to Surface(name=com.google.android.apps.nexuslauncher/com.google.android.apps.nexuslauncher.NexusLauncherActivity#566)/@0x474e5b7 applyImmediately: false
12-18 22:07:36.969 14214 14214 D BaseDepthController: shouldBlurWorkspace: false targetState: Normal currentStableState: Normal mCurrentBlur: 0 mLauncher.getDepthBlurTargets(): [com.android.launcher3.Workspace{b2b721b V.ED..... ........ 0,0-1080,2400 #7f0a049d app:id/workspace}, com.android.launcher3.Hotseat{a25ffb8 V.ED..... ........ 0,1905-1080,2400 #7f0a01ee app:id/hotseat}]
12-18 22:07:36.987 14214 14214 V BaseDepthController: Applying blur: 0 to Surface(name=com.google.android.apps.nexuslauncher/com.google.android.apps.nexuslauncher.NexusLauncherActivity#566)/@0x474e5b7 applyImmediately: false
12-18 22:07:36.987 14214 14214 D BaseDepthController: shouldBlurWorkspace: false targetState: Normal currentStableState: Normal mCurrentBlur: 0 mLauncher.getDepthBlurTargets(): [com.android.launcher3.Workspace{b2b721b V.ED..... ........ 0,0-1080,2400 #7f0a049d app:id/workspace}, com.android.launcher3.Hotseat{a25ffb8 V.ED..... ........ 0,1905-1080,2400 #7f0a01ee app:id/hotseat}]
12-18 22:07:37.002 14214 14214 V BaseDepthController: Applying blur: 0 to Surface(name=com.google.android.apps.nexuslauncher/com.google.android.apps.nexuslauncher.NexusLauncherActivity#566)/@0x474e5b7 applyImmediately: false
12-18 22:07:37.002 14214 14214 D BaseDepthController: shouldBlurWorkspace: false targetState: Normal currentStableState: Normal mCurrentBlur: 0 mLauncher.getDepthBlurTargets(): [com.android.launcher3.Workspace{b2b721b V.ED..... ........ 0,0-1080,2400 #7f0a049d app:id/workspace}, com.android.launcher3.Hotseat{a25ffb8 V.ED..... ........ 0,1905-1080,2400 #7f0a01ee app:id/hotseat}]
12-18 22:07:37.009 14214 14219 I s.nexuslauncher: NativeAlloc concurrent mark compact GC freed 2623KB AllocSpace bytes, 8(416KB) LOS objects, 49% free, 7368KB/14MB, paused 1.096ms,3.967ms total 469.817ms
12-18 22:07:37.018 14214 14214 V BaseDepthController: Applying blur: 0 to Surface(name=com.google.android.apps.nexuslauncher/com.google.android.apps.nexuslauncher.NexusLauncherActivity#566)/@0x474e5b7 applyImmediately: false
12-18 22:07:37.018 14214 14214 D BaseDepthController: shouldBlurWorkspace: false targetState: Normal currentStableState: Normal mCurrentBlur: 0 mLauncher.getDepthBlurTargets(): [com.android.launcher3.Workspace{b2b721b V.ED..... ........ 0,0-1080,2400 #7f0a049d app:id/workspace}, com.android.launcher3.Hotseat{a25ffb8 V.ED..... ........ 0,1905-1080,2400 #7f0a01ee app:id/hotseat}]
12-18 22:07:37.037 14214 14222 W System  : A resource failed to call release. 
12-18 22:07:37.037 14214 14222 W System  : A resource failed to call release. 
12-18 22:07:37.037 14214 14222 W System  : A resource failed to call release. 
12-18 22:07:37.037 14214 14222 W System  : A resource failed to call release. 
12-18 22:07:37.038 14214 14222 W System  : A resource failed to call release. 
12-18 22:07:37.038 14214 14222 W System  : A resource failed to call release. 
12-18 22:07:37.038 14214 14214 V BaseDepthController: Applying blur: 0 to Surface(name=com.google.android.apps.nexuslauncher/com.google.android.apps.nexuslauncher.NexusLauncherActivity#566)/@0x474e5b7 applyImmediately: false
12-18 22:07:37.038 14214 14214 D BaseDepthController: shouldBlurWorkspace: false targetState: Normal currentStableState: Normal mCurrentBlur: 0 mLauncher.getDepthBlurTargets(): [com.android.launcher3.Workspace{b2b721b V.ED..... ........ 0,0-1080,2400 #7f0a049d app:id/workspace}, com.android.launcher3.Hotseat{a25ffb8 V.ED..... ........ 0,1905-1080,2400 #7f0a01ee app:id/hotseat}]
12-18 22:07:37.052 13455 13455 I Zygote  : Process 18169 exited due to signal 9 (Killed)
12-18 22:07:37.052 14214 14214 V BaseDepthController: Applying blur: 0 to Surface(name=com.google.android.apps.nexuslauncher/com.google.android.apps.nexuslauncher.NexusLauncherActivity#566)/@0x474e5b7 applyImmediately: false
12-18 22:07:37.052 14214 14214 D BaseDepthController: shouldBlurWorkspace: false targetState: Normal currentStableState: Normal mCurrentBlur: 0 mLauncher.getDepthBlurTargets(): [com.android.launcher3.Workspace{b2b721b V.ED..... ........ 0,0-1080,2400 #7f0a049d app:id/workspace}, com.android.launcher3.Hotseat{a25ffb8 V.ED..... ........ 0,1905-1080,2400 #7f0a01ee app:id/hotseat}]
12-18 22:07:37.053 13531 13546 I ActivityManager: Process com.tomghdev.voco (pid 18169) has died: prcp CRE 
12-18 22:07:37.054 13531 15227 I WindowManager: WIN DEATH: Window{e9a338c u0 com.tomghdev.voco/com.tomghdev.voco.MainActivity}
12-18 22:07:37.069 14214 14214 V BaseDepthController: Applying blur: 0 to Surface(name=com.google.android.apps.nexuslauncher/com.google.android.apps.nexuslauncher.NexusLauncherActivity#566)/@0x474e5b7 applyImmediately: false
12-18 22:07:37.069 14214 14214 D BaseDepthController: shouldBlurWorkspace: false targetState: Normal currentStableState: Normal mCurrentBlur: 0 mLauncher.getDepthBlurTargets(): [com.android.launcher3.Workspace{b2b721b V.ED..... ........ 0,0-1080,2400 #7f0a049d app:id/workspace}, com.android.launcher3.Hotseat{a25ffb8 V.ED..... ........ 0,1905-1080,2400 #7f0a01ee app:id/hotseat}]
12-18 22:07:37.078 13531 13546 E TransitionChain: Can't collect into a chain with no transition
12-18 22:07:37.082 13531 13546 E TransitionChain: Can't collect into a chain with no transition
12-18 22:07:37.085 14214 14214 V BaseDepthController: Applying blur: 0 to Surface(name=com.google.android.apps.nexuslauncher/com.google.android.apps.nexuslauncher.NexusLauncherActivity#566)/@0x474e5b7 applyImmediately: false
12-18 22:07:37.085 14214 14214 D BaseDepthController: shouldBlurWorkspace: false targetState: Normal currentStableState: Normal mCurrentBlur: 0 mLauncher.getDepthBlurTargets(): [com.android.launcher3.Workspace{b2b721b V.ED..... ........ 0,0-1080,2400 #7f0a049d app:id/workspace}, com.android.launcher3.Hotseat{a25ffb8 V.ED..... ........ 0,1905-1080,2400 #7f0a01ee app:id/hotseat}]
12-18 22:07:37.087 13531 13559 W ActivityManager: setHasOverlayUi called on unknown pid: 18169
12-18 22:07:37.087 13531 13822 D InetDiagMessage: Destroyed 0 sockets, proto=IPPROTO_TCP, family=AF_INET, states=14
12-18 22:07:37.087 13531 13822 D InetDiagMessage: Destroyed 0 sockets, proto=IPPROTO_TCP, family=AF_INET6, states=14
12-18 22:07:37.089 13531 13822 D InetDiagMessage: Destroyed live tcp sockets for uids={10218} in 10ms
12-18 22:07:37.089 13531 13822 D InetDiagMessage: Destroyed 0 sockets, proto=IPPROTO_TCP, family=AF_INET, states=14
12-18 22:07:37.090 13531 13822 D InetDiagMessage: Destroyed 0 sockets, proto=IPPROTO_TCP, family=AF_INET6, states=14
12-18 22:07:37.096 13457 13528 W libbinder.IPCThreadState: Sending oneway calls to frozen process.
12-18 22:07:37.096 13457 13528 W libbinder.IPCThreadState: Sending oneway calls to frozen process.
12-18 22:07:37.097 15908 17128 I cn_CronetUrlRequestContext: destroyNativeStreamLocked org.chromium.net.impl.CronetBidirectionalStream@f5911b3
12-18 22:07:37.098 13531 13822 D InetDiagMessage: Destroyed live tcp sockets for uids={20218} in 8ms
12-18 22:07:37.098 13531 13870 D BackgroundInstallControlService: Package event received: 0
12-18 22:07:37.101 14214 14214 V BaseDepthController: Applying blur: 0 to Surface(name=com.google.android.apps.nexuslauncher/com.google.android.apps.nexuslauncher.NexusLauncherActivity#566)/@0x474e5b7 applyImmediately: false
12-18 22:07:37.101 14214 14214 D BaseDepthController: shouldBlurWorkspace: false targetState: Normal currentStableState: Normal mCurrentBlur: 0 mLauncher.getDepthBlurTargets(): [com.android.launcher3.Workspace{b2b721b V.ED..... ........ 0,0-1080,2400 #7f0a049d app:id/workspace}, com.android.launcher3.Hotseat{a25ffb8 V.ED..... ........ 0,1905-1080,2400 #7f0a01ee app:id/hotseat}]
12-18 22:07:37.107 17674 17722 D WindowOnBackDispatcher: setTopOnBackInvokedCallback (unwrapped): null
12-18 22:07:37.111 13531 13904 W WindowManager: Failed looking up window session=Session{90d8531 17674:u0a10186} callers=com.android.server.wm.WindowManagerService.windowForClient:6763 com.android.server.wm.Session.setOnBackInvokedCallbackInfo:989 android.view.IWindowSession$Stub.onTransact:1084 
12-18 22:07:37.111 13531 13904 I WindowManager: setOnBackInvokedCallback(): No window state for package:com.android.systemui
12-18 22:07:37.118 14214 14214 V BaseDepthController: Applying blur: 0 to Surface(name=com.google.android.apps.nexuslauncher/com.google.android.apps.nexuslauncher.NexusLauncherActivity#566)/@0x474e5b7 applyImmediately: false
