12-18 22:07:28.273 15616 15886 I AiAiEcho: SmartspaceNotificationPredictor no parser can handle this notification or notification is invalid
12-18 22:07:28.413 13531 13870 D BackgroundInstallControlService: Package event received: 0
12-18 22:07:28.413 13531 13870 D BackgroundInstallControlService: Package event received: 0
12-18 22:07:28.413 13531 13870 D BackgroundInstallControlService: Package event received: 0
12-18 22:07:28.413 13531 13870 D BackgroundInstallControlService: Package event received: 0
12-18 22:07:28.830 13531 13816 I HalDevMgr: bestIfaceCreationProposal is null, requestIface=STA, existingIface=[name=wlan0 type=STA]
12-18 22:07:28.947 14032 18167 D android.hardware.gnss-service.ranchu: GnssHwListener:consume:87 sz=64
12-18 22:07:28.954 13801 13805 I artd    : GetBestInfo: odex next to the dex file (/data/app/~~TCt0WREUSANv1r6ZJzk6mQ==/com.google.android.gms-a1Qy08zQYjdnRKNiFAW7Jw==/oat/arm64/base.odex) is kOatUpToDate with filter 'speed-profile' executable 'false'
12-18 22:07:28.965 14032 18167 D android.hardware.gnss-service.ranchu: GnssHwListener:consume:87 sz=64
12-18 22:07:28.965 14032 18167 D android.hardware.gnss-service.ranchu: Gnss:onGnssLocationCb:311
12-18 22:07:28.965 14032 18167 D android.hardware.gnss-service.ranchu: Gnss:onGnssLocationCb:333
12-18 22:07:28.991 13801 13804 I artd    : GetBestInfo: odex next to the dex file (/data/app/~~TCt0WREUSANv1r6ZJzk6mQ==/com.google.android.gms-a1Qy08zQYjdnRKNiFAW7Jw==/oat/arm64/split_AdsDynamite_installtime.odex) is kOatUpToDate with filter 'speed' executable 'false'
12-18 22:07:28.992 15908 16224 D nativeloader: Load /data/app/~~TCt0WREUSANv1r6ZJzk6mQ==/com.google.android.gms-a1Qy08zQYjdnRKNiFAW7Jw==/base.apk!/lib/arm64-v8a/libinertial-anchor-jni.so using class loader ns clns-9 (caller=/data/app/~~TCt0WREUSANv1r6ZJzk6mQ==/com.google.android.gms-a1Qy08zQYjdnRKNiFAW7Jw==/base.apk!classes4.dex): ok
12-18 22:07:29.043 18169 18169 D nativeloader: Configuring clns-9 for other apk /data/app/~~q5SRSKDs2PNyym2ouUeyOA==/com.tomghdev.voco-58arUmjDoCcfLLW5oqe-NQ==/base.apk. target_sdk_version=36, uses_libraries=, library_path=/data/app/~~q5SRSKDs2PNyym2ouUeyOA==/com.tomghdev.voco-58arUmjDoCcfLLW5oqe-NQ==/lib/arm64:/data/app/~~q5SRSKDs2PNyym2ouUeyOA==/com.tomghdev.voco-58arUmjDoCcfLLW5oqe-NQ==/base.apk!/lib/arm64-v8a, permitted_path=/data:/mnt/expand:/data/user/0/com.tomghdev.voco
12-18 22:07:29.053 13801 13804 I artd    : GetBestInfo: odex next to the dex file (/data/app/~~TCt0WREUSANv1r6ZJzk6mQ==/com.google.android.gms-a1Qy08zQYjdnRKNiFAW7Jw==/oat/arm64/split_CronetDynamite_installtime.odex) is kOatUpToDate with filter 'speed-profile' executable 'false'
12-18 22:07:29.060 13801 13804 I artd    : GetBestInfo: odex next to the dex file (/data/app/~~TCt0WREUSANv1r6ZJzk6mQ==/com.google.android.gms-a1Qy08zQYjdnRKNiFAW7Jw==/oat/arm64/split_DynamiteLoader_installtime.odex) is kOatUpToDate with filter 'speed' executable 'false'
12-18 22:07:29.068 13801 13804 I artd    : GetBestInfo: odex next to the dex file (/data/app/~~TCt0WREUSANv1r6ZJzk6mQ==/com.google.android.gms-a1Qy08zQYjdnRKNiFAW7Jw==/oat/arm64/split_DynamiteModulesA_installtime.odex) is kOatUpToDate with filter 'speed' executable 'false'
12-18 22:07:29.097 13801 13804 I artd    : GetBestInfo: odex next to the dex file (/data/app/~~TCt0WREUSANv1r6ZJzk6mQ==/com.google.android.gms-a1Qy08zQYjdnRKNiFAW7Jw==/oat/arm64/split_DynamiteModulesC_installtime.odex) is kOatUpToDate with filter 'speed' executable 'false'
12-18 22:07:29.148 13801 13804 I artd    : GetBestInfo: odex next to the dex file (/data/app/~~TCt0WREUSANv1r6ZJzk6mQ==/com.google.android.gms-a1Qy08zQYjdnRKNiFAW7Jw==/oat/arm64/split_GoogleCertificates_installtime.odex) is kOatUpToDate with filter 'speed' executable 'false'
12-18 22:07:29.166 13531 14531 E JavaBinder: *** Uncaught remote exception! Exceptions are not yet supported across processes. Client PID 15908 UID 10147.
12-18 22:07:29.166 13531 14531 E JavaBinder: java.lang.RuntimeException: android.os.RemoteException: Couldn't get targetSdkVersion for package com.android.accelerometergraph
12-18 22:07:29.166 13531 14531 E JavaBinder: 	at android.os.Parcel.writeException(Parcel.java:3140)
12-18 22:07:29.166 13531 14531 E JavaBinder: 	at android.os.Binder.execTransactInternal(Binder.java:1502)
12-18 22:07:29.166 13531 14531 E JavaBinder: 	at android.os.Binder.execTransact(Binder.java:1418)
12-18 22:07:29.166 13531 14531 E JavaBinder: Caused by: android.os.RemoteException: Couldn't get targetSdkVersion for package com.android.accelerometergraph
12-18 22:07:29.166 13531 14531 E JavaBinder: 	at com.android.server.pm.PackageManagerNative.getTargetSdkVersionForPackage(PackageManagerNative.java:179)
12-18 22:07:29.166 13531 14531 E JavaBinder: 	at android.content.pm.IPackageManagerNative$Stub.onTransact(IPackageManagerNative.java:340)
12-18 22:07:29.166 13531 14531 E JavaBinder: 	at android.os.Binder.execTransactInternal(Binder.java:1478)
12-18 22:07:29.166 13531 14531 E JavaBinder: 	... 1 more
12-18 22:07:29.185 13801 13804 I artd    : GetBestInfo: odex next to the dex file (/data/app/~~TCt0WREUSANv1r6ZJzk6mQ==/com.google.android.gms-a1Qy08zQYjdnRKNiFAW7Jw==/oat/arm64/split_MapsDynamite_installtime.odex) is kOatUpToDate with filter 'speed' executable 'false'
12-18 22:07:29.213 18169 18169 V GraphicsEnvironment: Currently set values for:
12-18 22:07:29.213 18169 18169 V GraphicsEnvironment:   angle_gl_driver_selection_pkgs=[]
12-18 22:07:29.213 18169 18169 V GraphicsEnvironment:   angle_gl_driver_selection_values=[]
12-18 22:07:29.213 18169 18169 V GraphicsEnvironment: com.tomghdev.voco is not listed in per-application setting
12-18 22:07:29.213 18169 18169 V GraphicsEnvironment: ANGLE allowlist from config: com.dreamgames.royalmatch com.dts.freefiremax com.dxx.firenow com.gramgames.mergedragons com.ludo.king com.mojang.minecraftpe com.my.defense com.nintendo.zaka com.os.airforce com.playrix.fishdomdd.gplay io.teslatech.callbreak jp.konami.prospia net.peakgames.toonblast
12-18 22:07:29.213 18169 18169 V GraphicsEnvironment: No special selections for ANGLE, returning default driver choice
12-18 22:07:29.213 18169 18169 V GraphicsEnvironment: Neither updatable production driver nor prerelease driver is supported.
12-18 22:07:29.278 15908 17879 I GmsCoreXrpcWrapper: (REDACTED) Returning a channel provider with trafficStatsTag=%d trafficStatsUid=%d
12-18 22:07:29.281 13801 13804 I artd    : GetBestInfo: odex next to the dex file (/data/app/~~TCt0WREUSANv1r6ZJzk6mQ==/com.google.android.gms-a1Qy08zQYjdnRKNiFAW7Jw==/oat/arm64/split_MeasurementDynamite_installtime.odex) is kOatUpToDate with filter 'speed' executable 'false'
12-18 22:07:29.328 13801 13804 I artd    : GetBestInfo: vdex next to the dex file (/data/user/0/com.google.android.gms/app_dg_cache/981325FE712DE8A8AB83655EBBCFB0558EA27BAD/oat/arm64/the.vdex) is kOatUpToDate with filter 'verify' executable 'false'
12-18 22:07:29.331 13801 13804 I artd    : GetBestInfo: /data/user_de/0/com.google.android.gms/app_chimera/m/00000001/CronetDynamite.apk has no usable artifacts
12-18 22:07:29.332 13801 13805 I artd    : GetBestInfo: /data/user_de/0/com.google.android.gms/app_chimera/m/00000002/DynamiteLoader.apk has no usable artifacts
12-18 22:07:29.333 13801 13805 I artd    : GetBestInfo: /data/user_de/0/com.google.android.gms/app_chimera/m/0000000b/dl-TfliteDynamiteDynamite.integ_243930802100400.apk has no usable artifacts
12-18 22:07:29.344 13801 13804 I artd    : GetBestInfo: /data/user_de/0/com.google.android.gms/app_chimera/m/00000005/GoogleCertificates.apk has no usable artifacts
12-18 22:07:29.350 13801 13804 W artd    : Could not get dex checksums for location /data/app/~~ljFPUmcFvKBB3g5sSCWbKw==/com.google.android.gms-Im9KHeNObUZnKEFRFXC_Ww==/base.apk, fd=-1
12-18 22:07:29.364 13801 13804 I artd    : GetBestInfo: /data/user_de/0/com.google.android.gms/app_chimera/m/00000012/dl-MlkitOcrCommon.optional_254732100400.apk has no usable artifacts
12-18 22:07:29.390 13801 13804 W artd    : Could not get dex checksums for location /data/app/~~ljFPUmcFvKBB3g5sSCWbKw==/com.google.android.gms-Im9KHeNObUZnKEFRFXC_Ww==/base.apk, fd=-1
12-18 22:07:29.402 13801 13804 W artd    : Could not get dex checksums for location /data/app/~~ljFPUmcFvKBB3g5sSCWbKw==/com.google.android.gms-Im9KHeNObUZnKEFRFXC_Ww==/base.apk, fd=-1
12-18 22:07:29.473 13801 13805 I artd    : GetBestInfo: /data/user_de/0/com.google.android.gms/app_chimera/m/00000016/dl-PlayCloudSearch.optional_254732100000.apk has no usable artifacts
12-18 22:07:29.511 13801 13805 W artd    : Could not get dex checksums for location /data/app/~~ljFPUmcFvKBB3g5sSCWbKw==/com.google.android.gms-Im9KHeNObUZnKEFRFXC_Ww==/base.apk, fd=-1
12-18 22:07:29.513 13801 13804 W artd    : Could not get dex checksums for location /data/app/~~ljFPUmcFvKBB3g5sSCWbKw==/com.google.android.gms-Im9KHeNObUZnKEFRFXC_Ww==/base.apk, fd=-1
12-18 22:07:29.525 13801 13803 I artd    : GetBestInfo: /data/user_de/0/com.google.android.gms/app_chimera/m/00000010/dl-MlkitBarcodeUi.optional_254732100400.apk has no usable artifacts
12-18 22:07:29.533 13801 13803 W artd    : Could not get dex checksums for location /data/app/~~ljFPUmcFvKBB3g5sSCWbKw==/com.google.android.gms-Im9KHeNObUZnKEFRFXC_Ww==/base.apk, fd=-1
12-18 22:07:29.549 18169 18169 W SoLoader: Initializing SoLoader: 0
12-18 22:07:29.549 18169 18169 W SoLoader: Recording new base apk path: /data/app/~~q5SRSKDs2PNyym2ouUeyOA==/com.tomghdev.voco-58arUmjDoCcfLLW5oqe-NQ==/base.apk
12-18 22:07:29.549 18169 18169 W SoLoader: Previously recorded 0 base apk paths.
12-18 22:07:29.550 18169 18169 I SoLoader: Preparing SO source: DirectorySoSource[root = /vendor/lib64 flags = 2]
12-18 22:07:29.550 18169 18169 I SoLoader: Preparing SO source: DirectorySoSource[root = /system/lib64 flags = 2]
12-18 22:07:29.550 18169 18169 I SoLoader: Preparing SO source: DirectApkSoSource[root = [/data/app/~~q5SRSKDs2PNyym2ouUeyOA==/com.tomghdev.voco-58arUmjDoCcfLLW5oqe-NQ==/base.apk!/lib/arm64-v8a]]
12-18 22:07:29.553 18169 18169 I SoLoader: Preparing SO source: ApplicationSoSource[DirectorySoSource[root = /data/app/~~q5SRSKDs2PNyym2ouUeyOA==/com.tomghdev.voco-58arUmjDoCcfLLW5oqe-NQ==/lib/arm64 flags = 0]]
12-18 22:07:29.553 18169 18169 I SoLoader: init finish: 4 SO sources prepared
12-18 22:07:29.553 18169 18169 W SoLoader: SoLoader initialized: 8
12-18 22:07:29.637 13801 13805 I artd    : GetBestInfo: vdex next to the dex file (/data/user/0/com.google.android.gms/app_dg_cache/BC758ED5E7D6BDB04AA7A99271131838E0308423/oat/arm64/the.vdex) is kOatUpToDate with filter 'verify' executable 'false'
12-18 22:07:29.639 18169 18169 D nativeloader: Load /data/app/~~q5SRSKDs2PNyym2ouUeyOA==/com.tomghdev.voco-58arUmjDoCcfLLW5oqe-NQ==/base.apk!/lib/arm64-v8a/libc++_shared.so using class loader ns clns-9 (caller=/data/app/~~q5SRSKDs2PNyym2ouUeyOA==/com.tomghdev.voco-58arUmjDoCcfLLW5oqe-NQ==/base.apk!classes3.dex): ok
12-18 22:07:29.657 18169 18169 D nativeloader: Load /data/app/~~q5SRSKDs2PNyym2ouUeyOA==/com.tomghdev.voco-58arUmjDoCcfLLW5oqe-NQ==/base.apk!/lib/arm64-v8a/libjsi.so using class loader ns clns-9 (caller=/data/app/~~q5SRSKDs2PNyym2ouUeyOA==/com.tomghdev.voco-58arUmjDoCcfLLW5oqe-NQ==/base.apk!classes3.dex): ok
12-18 22:07:29.676 13801 13805 I artd    : GetBestInfo: /data/user_de/0/com.google.android.gms/app_chimera/m/00000013/dl-VisionOcr.optional_254732100000.apk has no usable artifacts
12-18 22:07:29.677 13801 13805 W artd    : Could not get dex checksums for location /data/app/~~ljFPUmcFvKBB3g5sSCWbKw==/com.google.android.gms-Im9KHeNObUZnKEFRFXC_Ww==/base.apk, fd=-1
12-18 22:07:29.678 13801 13805 W artd    : Could not get dex checksums for location /data/app/~~ljFPUmcFvKBB3g5sSCWbKw==/com.google.android.gms-Im9KHeNObUZnKEFRFXC_Ww==/base.apk, fd=-1
12-18 22:07:29.683 13801 13805 W artd    : Could not get dex checksums for location /data/app/~~fQmKSnLB3za7FNubmGpQkQ==/com.android.vending-H-eZGuQgujfAE5AwvBMNDA==/base.apk, fd=-1
12-18 22:07:29.695 18169 18169 D nativeloader: Load /data/app/~~q5SRSKDs2PNyym2ouUeyOA==/com.tomghdev.voco-58arUmjDoCcfLLW5oqe-NQ==/base.apk!/lib/arm64-v8a/libfbjni.so using class loader ns clns-9 (caller=/data/app/~~q5SRSKDs2PNyym2ouUeyOA==/com.tomghdev.voco-58arUmjDoCcfLLW5oqe-NQ==/base.apk!classes3.dex): ok
12-18 22:07:29.711 13801 13805 I artd    : GetBestInfo: /data/user_de/0/com.google.android.gms/app_chimera/m/00000014/dl-Appsearch.optional_254732100400.apk has no usable artifacts
12-18 22:07:29.722 13801 13805 W artd    : Could not get dex checksums for location /data/app/~~ljFPUmcFvKBB3g5sSCWbKw==/com.google.android.gms-Im9KHeNObUZnKEFRFXC_Ww==/base.apk, fd=-1
12-18 22:07:29.825 18169 18169 D nativeloader: Load /data/app/~~q5SRSKDs2PNyym2ouUeyOA==/com.tomghdev.voco-58arUmjDoCcfLLW5oqe-NQ==/base.apk!/lib/arm64-v8a/libreactnative.so using class loader ns clns-9 (caller=/data/app/~~q5SRSKDs2PNyym2ouUeyOA==/com.tomghdev.voco-58arUmjDoCcfLLW5oqe-NQ==/base.apk!classes3.dex): ok
12-18 22:07:29.825 18169 18169 D jni_lib_merge: Entering merged library JNI_OnLoad.
12-18 22:07:29.825 18169 18169 D jni_lib_merge: Preparing 12 pre-merged libs (including stub)
12-18 22:07:29.825 18169 18169 D jni_lib_merge: Preparing to register libfabricjni_so.  onload_func: 0x6ec4ad1edc
12-18 22:07:29.825 18169 18169 D jni_lib_merge: Preparing to register libreact_devsupportjni_so.  onload_func: 0x6ec4ba2f40
12-18 22:07:29.825 18169 18169 D jni_lib_merge: Preparing to register libreact_featureflagsjni_so.  onload_func: 0x6ec4bb59f8
12-18 22:07:29.825 18169 18169 D jni_lib_merge: Preparing to register libreact_newarchdefaults_so.  onload_func: 0x6ec4bdae30
12-18 22:07:29.825 18169 18169 D jni_lib_merge: Preparing to register libreactnativeblob_so.  onload_func: 0x6ec4c6d5b0
12-18 22:07:29.825 18169 18169 D jni_lib_merge: Preparing to register libreactnativejni_so.  onload_func: 0x6ec4c87b24
12-18 22:07:29.825 18169 18169 D jni_lib_merge: Preparing to register libreactnativejni_common_so.  onload_func: 0x6ec4c8e458
12-18 22:07:29.825 18169 18169 D jni_lib_merge: Preparing to register librninstance_so.  onload_func: 0x6ec4caa070
12-18 22:07:29.825 18169 18169 D jni_lib_merge: Preparing to register libturbomodulejsijni_so.  onload_func: 0x6ec4d421a4
12-18 22:07:29.825 18169 18169 D jni_lib_merge: Preparing to register libuimanagerjni_so.  onload_func: 0x6ec4d497e0
12-18 22:07:29.825 18169 18169 D jni_lib_merge: Preparing to register libyoga_so.  onload_func: 0x6ec4d50da4
12-18 22:07:29.825 18169 18169 D jni_lib_merge: About to register 11 actual methods.
12-18 22:07:29.871 18169 18169 D nativeloader: Load /data/app/~~q5SRSKDs2PNyym2ouUeyOA==/com.tomghdev.voco-58arUmjDoCcfLLW5oqe-NQ==/base.apk!/lib/arm64-v8a/libreact_codegen_rnscreens.so using class loader ns clns-9 (caller=/data/app/~~q5SRSKDs2PNyym2ouUeyOA==/com.tomghdev.voco-58arUmjDoCcfLLW5oqe-NQ==/base.apk!classes3.dex): ok
12-18 22:07:29.871 18169 18169 D jni_lib_merge: Entering merged library JNI_OnLoad.
12-18 22:07:29.871 18169 18169 D jni_lib_merge: Preparing 12 pre-merged libs (including stub)
12-18 22:07:29.871 18169 18169 D jni_lib_merge: Preparing to register libfabricjni_so.  onload_func: 0x6ec4ad1edc
12-18 22:07:29.871 18169 18169 D jni_lib_merge: Preparing to register libreact_devsupportjni_so.  onload_func: 0x6ec4ba2f40
12-18 22:07:29.871 18169 18169 D jni_lib_merge: Preparing to register libreact_featureflagsjni_so.  onload_func: 0x6ec4bb59f8
12-18 22:07:29.871 18169 18169 D jni_lib_merge: Preparing to register libreact_newarchdefaults_so.  onload_func: 0x6ec4bdae30
12-18 22:07:29.871 18169 18169 D jni_lib_merge: Preparing to register libreactnativeblob_so.  onload_func: 0x6ec4c6d5b0
12-18 22:07:29.871 18169 18169 D jni_lib_merge: Preparing to register libreactnativejni_so.  onload_func: 0x6ec4c87b24
12-18 22:07:29.871 18169 18169 D jni_lib_merge: Preparing to register libreactnativejni_common_so.  onload_func: 0x6ec4c8e458
12-18 22:07:29.871 18169 18169 D jni_lib_merge: Preparing to register librninstance_so.  onload_func: 0x6ec4caa070
12-18 22:07:29.871 18169 18169 D jni_lib_merge: Preparing to register libturbomodulejsijni_so.  onload_func: 0x6ec4d421a4
12-18 22:07:29.871 18169 18169 D jni_lib_merge: Preparing to register libuimanagerjni_so.  onload_func: 0x6ec4d497e0
12-18 22:07:29.871 18169 18169 D jni_lib_merge: Preparing to register libyoga_so.  onload_func: 0x6ec4d50da4
12-18 22:07:29.871 18169 18169 D jni_lib_merge: About to register 11 actual methods.
12-18 22:07:29.899 18169 18169 D nativeloader: Load /data/app/~~q5SRSKDs2PNyym2ouUeyOA==/com.tomghdev.voco-58arUmjDoCcfLLW5oqe-NQ==/base.apk!/lib/arm64-v8a/libreact_codegen_safeareacontext.so using class loader ns clns-9 (caller=/data/app/~~q5SRSKDs2PNyym2ouUeyOA==/com.tomghdev.voco-58arUmjDoCcfLLW5oqe-NQ==/base.apk!classes3.dex): ok
12-18 22:07:29.940 14032 18167 D android.hardware.gnss-service.ranchu: GnssHwListener:consume:87 sz=64
12-18 22:07:29.945 18169 18169 D nativeloader: Load /data/app/~~q5SRSKDs2PNyym2ouUeyOA==/com.tomghdev.voco-58arUmjDoCcfLLW5oqe-NQ==/base.apk!/lib/arm64-v8a/libappmodules.so using class loader ns clns-9 (caller=/data/app/~~q5SRSKDs2PNyym2ouUeyOA==/com.tomghdev.voco-58arUmjDoCcfLLW5oqe-NQ==/base.apk!classes3.dex): ok
12-18 22:07:29.984 13531 15904 W libbinder.Binder: Binder transaction to android.content.pm.IPackageManager code 1598311760 took 2389ms. Data bytes: 80 Reply bytes: 4 Flags: 16
12-18 22:07:30.069 14032 18167 D android.hardware.gnss-service.ranchu: GnssHwListener:consume:87 sz=64
12-18 22:07:30.069 14032 18167 D android.hardware.gnss-service.ranchu: Gnss:onGnssLocationCb:311
12-18 22:07:30.069 14032 18167 D android.hardware.gnss-service.ranchu: Gnss:onGnssLocationCb:333
12-18 22:07:30.080 18169 18169 D DesktopExperienceFlags: Toggle override initialized to: false
12-18 22:07:30.083 18169 18169 W org.webrtc.Logging: HardwareVideoEncoderFactory: No shared EglBase.Context.  Encoders will not use texture mode.
12-18 22:07:30.085 18169 18169 D AudioSystem: onNewServiceWithAdapter: media.audio_flinger service obtained 0xb40000705ca1daa0
12-18 22:07:30.087 18169 18169 D AudioSystem: getService: IAudioFlingerService retrieved: 0xb40000713ca8d6f0  IAudioFlinger cached: 0xb40000705ca1daa0
12-18 22:07:30.092 18169 18169 I org.webrtc.Logging: WebRtcAudioManagerExternal: Running emulator, overriding sample rate to 8 kHz.
12-18 22:07:30.092 18169 18169 I org.webrtc.Logging: WebRtcAudioManagerExternal: Running emulator, overriding sample rate to 8 kHz.
12-18 22:07:30.092 18169 18169 E org.webrtc.Logging: JavaAudioDeviceModule: HW AEC not supported
12-18 22:07:30.092 18169 18169 E org.webrtc.Logging: JavaAudioDeviceModule: HW NS not supported
12-18 22:07:30.092 18169 18169 I org.webrtc.Logging: JavaAudioDeviceModule: createAudioDeviceModule
12-18 22:07:30.092 18169 18169 I org.webrtc.Logging: JavaAudioDeviceModule: HW NS will not be used.
12-18 22:07:30.092 18169 18169 I org.webrtc.Logging: JavaAudioDeviceModule: HW AEC will not be used.
12-18 22:07:30.093 18169 18169 I org.webrtc.Logging: WebRtcAudioEffectsExternal: ctor@[name=main, id=2]
12-18 22:07:30.093 18169 18169 I org.webrtc.Logging: WebRtcAudioRecordExternal: ctor@[name=main, id=2]
12-18 22:07:30.093 18169 18169 I org.webrtc.Logging: WebRtcAudioTrackExternal: ctor@[name=main, id=2]
12-18 22:07:30.148 13531 14531 W ActivityManager: Slow operation: 55ms so far, now at finishAttachApplicationInner: after mServices.attachApplicationLocked
12-18 22:07:30.148 13531 14531 W ActivityManager: Slow operation: 55ms so far, now at finishAttachApplicationInner: after dispatching broadcasts
12-18 22:07:30.155 18169 18169 I Choreographer: Skipped 37 frames!  The application may be doing too much work on its main thread.
12-18 22:07:30.183 18169 18190 I DisplayManager: Choreographer implicitly registered for the refresh rate.
12-18 22:07:30.189 13531 13870 D BackgroundInstallControlService: Package event received: 0
12-18 22:07:30.189 13531 13870 D BackgroundInstallControlService: Package event received: 0
12-18 22:07:30.362 18169 18169 D AppCompatDelegate: Checking for metadata for AppLocalesMetadataHolderService : Service not found
12-18 22:07:30.401 18169 18169 E ashmem  : Pinning is deprecated since Android Q. Please use trim or other methods.
12-18 22:07:30.461 15908 16224 I FusedLocation: (REDACTED) location delivery to %s blocked - too fast
12-18 22:07:30.461 15908 16224 I FusedLocation: (REDACTED) location delivery to %s blocked - too fast
12-18 22:07:30.578 15908 17454 I FusedLocation: (REDACTED) stationary throttling engaged @%s
12-18 22:07:30.649 15908 16224 I FusedLocation: (REDACTED) location delivery to %s blocked - too fast
12-18 22:07:30.650 15908 16224 I FusedLocation: (REDACTED) location delivery to %s blocked - too fast
12-18 22:07:30.665 15908 16224 W Looper  : Looper already prepared for this thread with a different value for the LOOPER_PREPARE_ALLOW_NON_CALLBACKS option.
12-18 22:07:30.686 18169 18190 I GFXSTREAM: [eglDisplay.cpp(297)] Opening libGLESv1_CM_emulation.so
12-18 22:07:30.687 18169 18190 I GFXSTREAM: [eglDisplay.cpp(297)] Opening libGLESv2_emulation.so
12-18 22:07:30.760 15908 16224 I FusedLocation: (REDACTED) location delivery to %s blocked - too fast
12-18 22:07:30.760 15908 16224 I FusedLocation: (REDACTED) location delivery to %s blocked - too fast
12-18 22:07:30.761 15908 17025 W PersonalSafety: LastLocation was null: no distance computed [CONTEXT service_id=310 ]
12-18 22:07:30.791 18169 18169 D CompatChangeReporter: Compat change id reported: 377864165; UID 10218; state: ENABLED
12-18 22:07:30.792 18169 18169 D DesktopModeFlags: Toggle override initialized to: OVERRIDE_UNSET
12-18 22:07:30.890 18169 18190 W HWUI    : Failed to choose config with EGL_SWAP_BEHAVIOR_PRESERVED, retrying without...
12-18 22:07:30.895 18169 18190 W HWUI    : Failed to initialize 101010-2 format, error = EGL_SUCCESS
12-18 22:07:30.953 14032 18167 D android.hardware.gnss-service.ranchu: GnssHwListener:consume:87 sz=64
12-18 22:07:31.014 14032 18167 D android.hardware.gnss-service.ranchu: GnssHwListener:consume:87 sz=64
12-18 22:07:31.014 14032 18167 D android.hardware.gnss-service.ranchu: Gnss:onGnssLocationCb:311
12-18 22:07:31.014 14032 18167 D android.hardware.gnss-service.ranchu: Gnss:onGnssLocationCb:333
12-18 22:07:31.029 18169 18169 W unknown:BridgelessReact: ReactHost{0}.startSurface(surfaceId = 0): Schedule
12-18 22:07:31.029 18169 18169 W unknown:BridgelessReact: ReactHost{0}.attachSurface(surfaceId = 0)
12-18 22:07:31.058 18169 18169 W WindowOnBackDispatcher: OnBackInvokedCallback is not enabled for the application.
12-18 22:07:31.058 18169 18169 W WindowOnBackDispatcher: Set 'android:enableOnBackInvokedCallback="true"' in the application manifest.
12-18 22:07:31.068 18169 18196 W unknown:BridgelessReact: ReactHost{0}.getOrCreateReactInstanceTask()
12-18 22:07:31.069 18169 18196 W unknown:BridgelessReact: ReactHost{0}.getOrCreateReactInstanceTask(): Start
12-18 22:07:31.092 18169 18196 W unknown:BridgelessReact: ReactHost{0}.getJSBundleLoader()
12-18 22:07:31.092 18169 18196 W unknown:BridgelessReact: ReactHost{0}.getOrCreateReactContext(): Creating BridgelessReactContext
12-18 22:07:31.093 18169 18196 W unknown:BridgelessReact: ReactHost{0}.getOrCreateReactInstanceTask(): Creating ReactInstance
12-18 22:07:31.148 18169 18169 W unknown:BridgelessReact: ReactHost{0}.onHostResume(activity)
12-18 22:07:31.148 18169 18169 W unknown:BridgelessReact: ReactContext.onHostResume()
12-18 22:07:31.277 14032 18167 D android.hardware.gnss-service.ranchu: GnssHwConn:workerThread:119
12-18 22:07:31.310 15908 18192 I FusedOrientationManager: Unregistering orientation client. [CONTEXT service_id=6 ]
12-18 22:07:31.415 18169 18196 D nativeloader: Load /data/app/~~q5SRSKDs2PNyym2ouUeyOA==/com.tomghdev.voco-58arUmjDoCcfLLW5oqe-NQ==/base.apk!/lib/arm64-v8a/libhermes.so using class loader ns clns-9 (caller=/data/app/~~q5SRSKDs2PNyym2ouUeyOA==/com.tomghdev.voco-58arUmjDoCcfLLW5oqe-NQ==/base.apk!classes3.dex): ok
12-18 22:07:31.418 18169 18169 W HWUI    : Unknown dataspace 0
12-18 22:07:31.418 13531 13556 W AlarmManager: Unrecognized alarm listener com.android.server.location.gnss.GnssLocationProvider$$ExternalSyntheticLambda14@1643867
12-18 22:07:31.419 13531 13556 W AlarmManager: Unrecognized alarm listener com.android.server.location.gnss.GnssLocationProvider$$ExternalSyntheticLambda13@7859614
12-18 22:07:31.419 13531 13556 W Looper  : Slow dispatch took 276ms android.fg app=system_server main=false group=FOREGROUND h=android.os.Handler c=com.android.server.location.provider.AbstractLocationProvider$Controller$$ExternalSyntheticLambda1@5a06160 m=0
12-18 22:07:31.425 13531 13556 W Looper  : Slow delivery took 283ms android.fg app=system_server main=false group=FOREGROUND h=android.os.Handler c=com.android.server.location.provider.LocationProviderManager$$ExternalSyntheticLambda14@334e619 m=0
12-18 22:07:31.428 18169 18196 D nativeloader: Load /data/app/~~q5SRSKDs2PNyym2ouUeyOA==/com.tomghdev.voco-58arUmjDoCcfLLW5oqe-NQ==/base.apk!/lib/arm64-v8a/libhermestooling.so using class loader ns clns-9 (caller=/data/app/~~q5SRSKDs2PNyym2ouUeyOA==/com.tomghdev.voco-58arUmjDoCcfLLW5oqe-NQ==/base.apk!classes3.dex): ok
12-18 22:07:31.435 18169 18196 D jni_lib_merge: Entering merged library JNI_OnLoad.
12-18 22:07:31.435 18169 18196 D jni_lib_merge: Preparing 4 pre-merged libs (including stub)
12-18 22:07:31.436 18169 18196 D jni_lib_merge: Preparing to register libhermes_executor_so.  onload_func: 0x6ec20a54b0
12-18 22:07:31.436 18169 18196 D jni_lib_merge: Preparing to register libhermesinstancejni_so.  onload_func: 0x6ec20ac900
12-18 22:07:31.436 18169 18196 D jni_lib_merge: Preparing to register libjsijniprofiler_so.  onload_func: 0x6ec20ad0ec
12-18 22:07:31.436 18169 18196 D jni_lib_merge: About to register 3 actual methods.
12-18 22:07:31.541 18169 18169 D VRI[MainActivity]: WindowInsets changed: 1080x2400 statusBars:[0,63,0,0] navigationBars:[0,0,0,63] mandatorySystemGestures:[0,63,0,84] 
12-18 22:07:31.543 18169 18169 D WindowOnBackDispatcher: setTopOnBackInvokedCallback (unwrapped): android.view.ViewRootImpl$$ExternalSyntheticLambda12@452711e
12-18 22:07:31.584 13531 13557 W Looper  : Slow dispatch took 251ms android.ui app=system_server main=false group=TOP_APP h=com.android.server.am.ActivityManagerService$UiHandler c=com.android.server.am.UidObserverController$$ExternalSyntheticLambda0@d6370a9 m=0
12-18 22:07:31.593 18169 18196 I org.webrtc.Logging: NativeLibrary: Loading native library: jingle_peerconnection_so
12-18 22:07:31.593 18169 18196 I org.webrtc.Logging: LibraryLoader: Loading library: jingle_peerconnection_so
12-18 22:07:31.620 18169 18196 D nativeloader: Load /data/app/~~q5SRSKDs2PNyym2ouUeyOA==/com.tomghdev.voco-58arUmjDoCcfLLW5oqe-NQ==/base.apk!/lib/arm64-v8a/libjingle_peerconnection_so.so using class loader ns clns-9 (caller=/data/app/~~q5SRSKDs2PNyym2ouUeyOA==/com.tomghdev.voco-58arUmjDoCcfLLW5oqe-NQ==/base.apk!classes4.dex): ok
12-18 22:07:31.621 18169 18196 I org.webrtc.Logging: PeerConnectionFactory: PeerConnectionFactory was initialized without an injected Loggable. Any existing Loggable will be deleted.
12-18 22:07:31.624 18169 18196 D com.oney.WebRTCModule.WebRTCModule: Using video encoder factory: com.livekit.reactnative.video.CustomVideoEncoderFactory
12-18 22:07:31.624 18169 18196 D com.oney.WebRTCModule.WebRTCModule: Using video decoder factory: com.livekit.reactnative.video.CustomVideoDecoderFactory
12-18 22:07:31.624 18169 18196 D AudioSystem: onNewService: media.audio_policy service obtained 0xb40000713ca1df30
12-18 22:07:31.628 13531 15615 D CoreBackPreview: Window{e9a338c u0 com.tomghdev.voco/com.tomghdev.voco.MainActivity}: Setting back callback OnBackInvokedCallbackInfo{mCallback=android.window.IOnBackInvokedCallback$Stub$Proxy@34169db, mPriority=0, mIsAnimationCallback=false, mOverrideBehavior=0}
12-18 22:07:31.760 18169 18169 D nativeloader: Load libstats_jni.so using APEX ns com_android_os_statsd for caller /apex/com.android.os.statsd/javalib/framework-statsd.jar: ok
12-18 22:07:31.790 15908 16224 I FusedLocation: (REDACTED) location delivery to %s blocked - too fast
12-18 22:07:31.790 15908 16224 I FusedLocation: (REDACTED) location delivery to %s blocked - too fast
12-18 22:07:31.809 18169 18196 D AudioSystem: getService: IAudioPolicyService retrieved: 0xb40000713ca1df30  cached: 0xb40000713ca1df30
12-18 22:07:32.076 13531 13816 I HalDevMgr: bestIfaceCreationProposal is null, requestIface=STA, existingIface=[name=wlan0 type=STA]
12-18 22:07:32.107 15908 15908 D BoundBrokerSvc: onBind: Intent { act=com.google.android.gms.auth.service.START xflg=0x4 pkg=com.google.android.gms }
12-18 22:07:32.108 15908 15908 D BoundBrokerSvc: Loading bound service for intent: Intent { act=com.google.android.gms.auth.service.START xflg=0x4 pkg=com.google.android.gms }
12-18 22:07:32.109 15908 18194 I GmsCoreVoilaTileGrpc: (REDACTED) grpc compression enabled: %s
12-18 22:07:32.469 15908 17025 W PersonalSafety: Ble scanner not running, ignore location update [CONTEXT service_id=310 ]
12-18 22:07:32.479 15908 18187 W GLSUser : [DeviceKeyStore] Cannot load key: Device key file not found.
12-18 22:07:32.505 13531 13556 W Looper  : Drained
12-18 22:07:32.566 15908 15939 I FontLog : (REDACTED) Received query %s, URI %s
12-18 22:07:32.566 15908 15939 I FontLog : (REDACTED) Query [%s] resolved to %s
12-18 22:07:32.581 15908 15939 I FontLog : (REDACTED) Fetch %s end status %s
12-18 22:07:32.585 15908 15937 I FontLog : (REDACTED) Pulling font file for id = %d, cache size = %d
12-18 22:07:32.587 18169 18206 I HWUI    : Using FreeType backend (prop=Auto)
12-18 22:07:32.602 15908 18194 E iiah    : *~*~*~ Previous channel {0} was garbage collected without being shut down! ~*~*~*
12-18 22:07:32.602 15908 18194 E iiah    :     Make sure to call shutdown()/shutdownNow()
12-18 22:07:32.602 15908 18194 E iiah    : java.lang.RuntimeException: ManagedChannel allocation site
12-18 22:07:32.602 15908 18194 E iiah    : 	at iiag.<init>(:com.google.android.gms@254732035@25.47.32 (260400-838947801):21)
12-18 22:07:32.602 15908 18194 E iiah    : 	at iiah.<init>(:com.google.android.gms@254732035@25.47.32 (260400-838947801):10)
12-18 22:07:32.602 15908 18194 E iiah    : 	at iiaf.a(:com.google.android.gms@254732035@25.47.32 (260400-838947801):250)
12-18 22:07:32.602 15908 18194 E iiah    : 	at ihkm.a(:com.google.android.gms@254732035@25.47.32 (260400-838947801):5)
12-18 22:07:32.602 15908 18194 E iiah    : 	at bcyk.a(:com.google.android.gms@254732035@25.47.32 (260400-838947801):85)
12-18 22:07:32.602 15908 18194 E iiah    : 	at bcyb.u(:com.google.android.gms@254732035@25.47.32 (260400-838947801):119)
12-18 22:07:32.602 15908 18194 E iiah    : 	at bcyb.H(:com.google.android.gms@254732035@25.47.32 (260400-838947801):5)
12-18 22:07:32.602 15908 18194 E iiah    : 	at exkb.a(:com.google.android.gms@254732035@25.47.32 (260400-838947801):45)
12-18 22:07:32.602 15908 18194 E iiah    : 	at exjg.c(:com.google.android.gms@254732035@25.47.32 (260400-838947801):20)
12-18 22:07:32.602 15908 18194 E iiah    : 	at exjg.a(:com.google.android.gms@254732035@25.47.32 (260400-838947801):3)
12-18 22:07:32.602 15908 18194 E iiah    : 	at axhp.run(:com.google.android.gms@254732035@25.47.32 (260400-838947801):5)
12-18 22:07:32.602 15908 18194 E iiah    : 	at bden.c(:com.google.android.gms@254732035@25.47.32 (260400-838947801):50)
12-18 22:07:32.602 15908 18194 E iiah    : 	at bden.run(:com.google.android.gms@254732035@25.47.32 (260400-838947801):73)
12-18 22:07:32.602 15908 18194 E iiah    : 	at java.util.concurrent.ThreadPoolExecutor.runWorker(ThreadPoolExecutor.java:1154)
12-18 22:07:32.602 15908 18194 E iiah    : 	at java.util.concurrent.ThreadPoolExecutor$Worker.run(ThreadPoolExecutor.java:652)
12-18 22:07:32.602 15908 18194 E iiah    : 	at bdke.run(:com.google.android.gms@254732035@25.47.32 (260400-838947801):8)
12-18 22:07:32.602 15908 18194 E iiah    : 	at java.lang.Thread.run(Thread.java:1563)
12-18 22:07:32.628 15908 15937 I FontLog : (REDACTED) Pulling font file for id = %d, cache size = %d
12-18 22:07:32.650 15148 15240 D SatelliteController: iisInCarrierRoamingNbIotNtn: satellite is disabled
12-18 22:07:32.651 15148 15240 D SatelliteController: getCarrierRoamingNtnConnectType: Falling back to global carrier config connect type: 0
12-18 22:07:32.734 13531 14774 D ActivityManager: sync unfroze 16929 com.google.android.gms.unstable for 6
12-18 22:07:32.783 13531 13870 D BackgroundInstallControlService: Package event received: 0
12-18 22:07:32.985 18169 18209 I org.webrtc.Logging: EglBase14Impl: Using OpenGL ES version 2
12-18 22:07:33.014 18169 18207 I org.webrtc.Logging: PeerConnectionFactory: onNetworkThreadReady
12-18 22:07:33.016 18169 18208 I org.webrtc.Logging: PeerConnectionFactory: onWorkerThreadReady
12-18 22:07:33.016 18169 18209 I org.webrtc.Logging: PeerConnectionFactory: onSignalingThreadReady
12-18 22:07:33.065 18169 18196 I ExpoModulesCore:  AppContext was initialized
12-18 22:07:33.114 16929 17038 W Looper  : Slow delivery took 283443ms android.bg app=com.google.android.gms.unstable main=false group=FOREGROUND h=android.database.sqlite.SQLiteConnectionPool$IdleConnectionHandler c=null m=0
12-18 22:07:33.175 13531 13904 W ProcessStats: Tracking association SourceState{9886a9a com.google.android.gms/10147 BTop #2361} whose proc state 2 is better than process ProcessState{e7429b4 com.google.android.gms.unstable/10147 pkg=com.google.android.gms} proc state 14 (24 skipped)
12-18 22:07:33.214 18169 18196 W unknown:BridgelessReact: ReactHost{0}.getOrCreateReactInstanceTask(): Loading JS Bundle
12-18 22:07:33.238 18169 18196 W unknown:BridgelessReact: ReactHost{0}.getOrCreateReactInstanceTask(): Calling DevSupportManagerBase.onNewReactContextCreated(reactContext)
12-18 22:07:33.238 18169 18196 W unknown:BridgelessReact: ReactHost{0}.startSurface(surfaceId = 0): Execute
12-18 22:07:33.271 18169 18169 W unknown:BridgelessReact: ReactContext.onHostResume()
12-18 22:07:33.271 18169 18169 W unknown:BridgelessReact: ReactHost{0}.getOrCreateReactInstanceTask(): Executing ReactInstanceEventListeners
12-18 22:07:33.376 18169 18197 D nativeloader: Load /data/app/~~q5SRSKDs2PNyym2ouUeyOA==/com.tomghdev.voco-58arUmjDoCcfLLW5oqe-NQ==/base.apk!/lib/arm64-v8a/libexpo-modules-core.so using class loader ns clns-9 (caller=/data/app/~~q5SRSKDs2PNyym2ouUeyOA==/com.tomghdev.voco-58arUmjDoCcfLLW5oqe-NQ==/base.apk!classes3.dex): ok
12-18 22:07:33.515 13531 13559 W ActivityTaskManager: Launch timeout has expired, giving up wake lock!
12-18 22:07:33.630 18169 18197 W unknown:ViewManagerPropertyUpdater: Could not find generated setter for class com.th3rdwave.safeareacontext.SafeAreaProviderManager
12-18 22:07:33.650 18169 18197 W unknown:ViewManagerPropertyUpdater: Could not find generated setter for class com.facebook.react.uimanager.LayoutShadowNode
12-18 22:07:33.651 18169 18197 W unknown:ViewManagerPropertyUpdater: Could not find generated setter for class com.swmansion.rnscreens.SearchBarManager
12-18 22:07:33.652 18169 18197 W unknown:ViewManagerPropertyUpdater: Could not find generated setter for class com.swmansion.rnscreens.ScreenFooterManager
12-18 22:07:33.702 18169 18197 W unknown:ViewManagerPropertyUpdater: Could not find generated setter for class com.swmansion.rnscreens.gamma.tabs.TabScreenViewManager
12-18 22:07:33.710 18169 18197 W unknown:ViewManagerPropertyUpdater: Could not find generated setter for class expo.modules.kotlin.views.GroupViewManagerWrapper
12-18 22:07:33.710 18169 18197 W unknown:ViewManagerPropertyUpdater: Could not find generated setter for class com.swmansion.rnscreens.ScreenContainerViewManager
12-18 22:07:33.713 18169 18197 W unknown:ViewManagerPropertyUpdater: Could not find generated setter for class com.swmansion.rnscreens.gamma.tabs.TabsHostViewManager
12-18 22:07:33.714 18169 18197 W unknown:ViewManagerPropertyUpdater: Could not find generated setter for class com.swmansion.rnscreens.ModalScreenViewManager
12-18 22:07:33.715 18169 18197 W unknown:ViewManagerPropertyUpdater: Could not find generated setter for class com.swmansion.rnscreens.ScreenStackHeaderConfigViewManager
12-18 22:07:33.718 18169 18197 W unknown:ViewManagerPropertyUpdater: Could not find generated setter for class com.oney.WebRTCModule.RTCVideoViewManager
12-18 22:07:33.719 18169 18197 W unknown:ViewManagerPropertyUpdater: Could not find generated setter for class com.swmansion.rnscreens.ScreenContentWrapperManager
12-18 22:07:33.719 18169 18197 W unknown:ViewManagerPropertyUpdater: Could not find generated setter for class com.th3rdwave.safeareacontext.SafeAreaViewManager
12-18 22:07:33.719 18169 18197 W unknown:ViewManagerPropertyUpdater: Could not find generated setter for class com.th3rdwave.safeareacontext.SafeAreaViewShadowNode
12-18 22:07:33.719 18169 18197 W unknown:ViewManagerPropertyUpdater: Could not find generated setter for class com.swmansion.rnscreens.ScreenViewManager
12-18 22:07:33.719 18169 18197 W unknown:ViewManagerPropertyUpdater: Could not find generated setter for class expo.modules.kotlin.views.SimpleViewManagerWrapper
12-18 22:07:33.720 18169 18197 W unknown:ViewManagerPropertyUpdater: Could not find generated setter for class com.reactnativegooglesignin.RNGoogleSigninButtonViewManager
12-18 22:07:33.720 18169 18197 W unknown:ViewManagerPropertyUpdater: Could not find generated setter for class com.swmansion.rnscreens.ScreenStackHeaderSubviewManager
12-18 22:07:33.720 18169 18197 W unknown:ViewManagerPropertyUpdater: Could not find generated setter for class com.swmansion.rnscreens.ScreenStackViewManager
12-18 22:07:33.755 18169 18197 W unknown:ViewManagerPropertyUpdater: Could not find generated setter for class com.swmansion.gesturehandler.react.RNGestureHandlerButtonViewManager
12-18 22:07:33.831 18169 18197 W unknown:ViewManagerPropertyUpdater: Could not find generated setter for class com.facebook.react.views.safeareaview.ReactSafeAreaViewManager
12-18 22:07:33.831 18169 18197 W unknown:ViewManagerPropertyUpdater: Could not find generated setter for class com.facebook.react.views.safeareaview.ReactSafeAreaViewShadowNode
12-18 22:07:33.848 18169 18197 W unknown:ViewManagerPropertyUpdater: Could not find generated setter for class com.facebook.react.views.modal.ReactModalHostManager
12-18 22:07:33.885 18169 18197 W unknown:ViewManagerPropertyUpdater: Could not find generated setter for class com.facebook.react.views.text.frescosupport.FrescoBasedReactTextInlineImageViewManager
12-18 22:07:33.890 18169 18197 W unknown:ViewManagerPropertyUpdater: Could not find generated setter for class com.facebook.react.views.text.frescosupport.FrescoBasedReactTextInlineImageShadowNode
12-18 22:07:33.907 18169 18197 W unknown:ViewManagerPropertyUpdater: Could not find generated setter for class com.facebook.react.views.progressbar.ReactProgressBarViewManager
12-18 22:07:33.917 18169 18197 W unknown:ViewManagerPropertyUpdater: Could not find generated setter for class com.facebook.react.views.progressbar.ProgressBarShadowNode
12-18 22:07:33.918 18169 18197 W unknown:ViewManagerPropertyUpdater: Could not find generated setter for class com.facebook.react.views.scroll.ReactHorizontalScrollViewManager
12-18 22:07:33.919 18169 18197 W unknown:ViewManagerPropertyUpdater: Could not find generated setter for class com.facebook.react.views.image.ReactImageManager
12-18 22:07:33.921 18169 18197 W unknown:ViewManagerPropertyUpdater: Could not find generated setter for class com.facebook.react.views.text.ReactTextViewManager
12-18 22:07:33.969 18169 18197 W unknown:ViewManagerPropertyUpdater: Could not find generated setter for class com.facebook.react.views.text.ReactTextShadowNode
12-18 22:07:33.975 18169 18197 W unknown:ViewManagerPropertyUpdater: Could not find generated setter for class com.facebook.react.views.scroll.ReactHorizontalScrollContainerViewManager
12-18 22:07:33.979 18169 18197 W unknown:ViewManagerPropertyUpdater: Could not find generated setter for class com.facebook.react.views.unimplementedview.ReactUnimplementedViewManager
12-18 22:07:33.984 18169 18197 W unknown:ViewManagerPropertyUpdater: Could not find generated setter for class com.facebook.react.views.scroll.ReactScrollViewManager
12-18 22:07:33.987 18169 18197 W unknown:ViewManagerPropertyUpdater: Could not find generated setter for class com.facebook.react.views.view.ReactViewManager
12-18 22:07:33.996 18169 18197 W unknown:ViewManagerPropertyUpdater: Could not find generated setter for class com.facebook.react.views.drawer.ReactDrawerLayoutManager
12-18 22:07:34.003 18169 18197 W unknown:ViewManagerPropertyUpdater: Could not find generated setter for class com.facebook.react.views.switchview.ReactSwitchManager
12-18 22:07:34.003 18169 18197 W unknown:ViewManagerPropertyUpdater: Could not find generated setter for class com.facebook.react.views.switchview.ReactSwitchShadowNode
12-18 22:07:34.004 18169 18197 W unknown:ViewManagerPropertyUpdater: Could not find generated setter for class com.facebook.react.views.text.ReactVirtualTextViewManager
12-18 22:07:34.004 18169 18197 W unknown:ViewManagerPropertyUpdater: Could not find generated setter for class com.facebook.react.views.text.ReactVirtualTextShadowNode
12-18 22:07:34.008 18169 18197 W unknown:ViewManagerPropertyUpdater: Could not find generated setter for class com.facebook.react.views.swiperefresh.SwipeRefreshLayoutManager
12-18 22:07:34.069 18169 18197 W unknown:ViewManagerPropertyUpdater: Could not find generated setter for class com.facebook.react.views.text.ReactRawTextManager
12-18 22:07:34.084 18169 18197 W unknown:ViewManagerPropertyUpdater: Could not find generated setter for class com.facebook.react.views.text.ReactRawTextShadowNode
12-18 22:07:34.087 18169 18197 W unknown:ViewManagerPropertyUpdater: Could not find generated setter for class com.facebook.react.views.textinput.ReactTextInputManager
12-18 22:07:34.101 18169 18197 W unknown:ViewManagerPropertyUpdater: Could not find generated setter for class com.facebook.react.views.textinput.ReactTextInputShadowNode
12-18 22:07:34.262 18169 18197 W unknown:ViewManagerPropertyUpdater: Could not find generated setter for class com.swmansion.gesturehandler.react.RNGestureHandlerRootViewManager
12-18 22:07:34.336 18169 18197 W BridgelessReactContext: [WARNING] Bridgeless doesn't support CatalystInstance. Accessing an API that's not part of the new architecture is not encouraged usage.
12-18 22:07:34.383 18169 18197 I ExpoModulesCore:  JSI interop was installed
12-18 22:07:34.390 18169 18197 I ExpoModulesCore:  Constants were exported
12-18 22:07:34.508 16929 17036 W TracingHelper: Mismatched RequestContext found for module CORE. Module id from RequestContext is MODULEID_UNKNOWN [CONTEXT service_id=259 ratelimit_count=100000 ]
12-18 22:07:34.547 13531 15904 D FileUtils: Rounded bytes from 2067193856 to 4000000000
12-18 22:07:34.628 18169 18197 D nativeloader: Load /data/app/~~q5SRSKDs2PNyym2ouUeyOA==/com.tomghdev.voco-58arUmjDoCcfLLW5oqe-NQ==/base.apk!/lib/arm64-v8a/librnscreens.so using class loader ns clns-9 (caller=/data/app/~~q5SRSKDs2PNyym2ouUeyOA==/com.tomghdev.voco-58arUmjDoCcfLLW5oqe-NQ==/base.apk!classes4.dex): ok
12-18 22:07:34.651 18169 18197 I ReactNativeJS: Running "main"
12-18 22:07:34.736 18169 18197 I ReactNativeJS: [CodePush] The CodePush module doesn't appear to be properly installed. Please double-check that everything is setup correctly.
12-18 22:07:34.823 16929 18212 W libc    : Access denied finding property "persist.adb.tls_server.enable"
12-18 22:07:34.855 18169 18197 D nativeloader: Load /data/app/~~q5SRSKDs2PNyym2ouUeyOA==/com.tomghdev.voco-58arUmjDoCcfLLW5oqe-NQ==/base.apk!/lib/arm64-v8a/libworklets.so using class loader ns clns-9 (caller=/data/app/~~q5SRSKDs2PNyym2ouUeyOA==/com.tomghdev.voco-58arUmjDoCcfLLW5oqe-NQ==/base.apk!classes3.dex): ok
12-18 22:07:34.886 16929 18212 W libbinder.Binder: Binder transaction to com.google.android.gms.droidguard.internal.IDroidGuardHandle code 5 took 1511ms. Data bytes: 336 Reply bytes: 16 Flags: 16
12-18 22:07:34.917 18169 18197 D nativeloader: Load /data/app/~~q5SRSKDs2PNyym2ouUeyOA==/com.tomghdev.voco-58arUmjDoCcfLLW5oqe-NQ==/base.apk!/lib/arm64-v8a/libreanimated.so using class loader ns clns-9 (caller=/data/app/~~q5SRSKDs2PNyym2ouUeyOA==/com.tomghdev.voco-58arUmjDoCcfLLW5oqe-NQ==/base.apk!classes3.dex): ok
12-18 22:07:35.135 13531 13816 I HalDevMgr: bestIfaceCreationProposal is null, requestIface=STA, existingIface=[name=wlan0 type=STA]
12-18 22:07:35.195 15908 15908 D BoundBrokerSvc: onRebind: Intent { act=com.google.android.gms.libs.gmscorelogger.service.START dat=chimera-action:/... xflg=0x4 cmp=com.google.android.gms/.chimera.PersistentDirectBootAwareApiService }
12-18 22:07:35.352 18169 18197 E ReactNativeJS: [TypeError: Cannot read property 'CheckFrequency' of undefined]
12-18 22:07:35.373 18169 18198 W unknown:BridgelessReact: ReactHost{0}.handleHostException(message = "TypeError: Cannot read property 'CheckFrequency' of undefined, stack:
12-18 22:07:35.373 18169 18198 W unknown:BridgelessReact: anonymous@1:1550297
12-18 22:07:35.373 18169 18198 W unknown:BridgelessReact: loadModuleImplementation@1:54979
12-18 22:07:35.373 18169 18198 W unknown:BridgelessReact: guardedLoadModule@1:54458
12-18 22:07:35.373 18169 18198 W unknown:BridgelessReact: metroRequire@1:54012
12-18 22:07:35.373 18169 18198 W unknown:BridgelessReact: get@1:814291
12-18 22:07:35.373 18169 18198 W unknown:BridgelessReact: metroContext@1:814185
12-18 22:07:35.373 18169 18198 W unknown:BridgelessReact: loadRoute@1:1106219
12-18 22:07:35.373 18169 18198 W unknown:BridgelessReact: getLayoutNode@1:1108362
12-18 22:07:35.373 18169 18198 W unknown:BridgelessReact: _loop3@1:1106111
12-18 22:07:35.373 18169 18198 W unknown:BridgelessReact: getDirectoryTree@1:1103894
12-18 22:07:35.373 18169 18198 W unknown:BridgelessReact: getRoutes@1:1102879
12-18 22:07:35.373 18169 18198 W unknown:BridgelessReact: getRoutes@1:1101875
12-18 22:07:35.373 18169 18198 W unknown:BridgelessReact: useStore@1:1073476
12-18 22:07:35.373 18169 18198 W unknown:BridgelessReact: ContextNavigator@1:1140284
12-18 22:07:35.373 18169 18198 W unknown:BridgelessReact: renderWithHooks@1:242879
12-18 22:07:35.373 18169 18198 W unknown:BridgelessReact: updateFunctionComponent@1:261666
12-18 22:07:35.373 18169 18198 W unknown:BridgelessReact: beginWork@1:269516
12-18 22:07:35.373 18169 18198 W unknown:BridgelessReact: performUnitOfWork@1:288192
12-18 22:07:35.373 18169 18198 W unknown:BridgelessReact: workLoopSync@1:287200
12-18 22:07:35.373 18169 18198 W unknown:BridgelessReact: renderRootSync@1:287032
12-18 22:07:35.373 18169 18198 W unknown:BridgelessReact: performWorkOnRoot@1:284456
12-18 22:07:35.373 18169 18198 W unknown:BridgelessReact: performWorkOnRootViaSchedulerTask@1:238341
12-18 22:07:35.373 18169 18198 W unknown:BridgelessReact: ")
12-18 22:07:35.384 18169 18197 E ReactNativeJS: [TypeError: Cannot read property 'CheckFrequency' of undefined]
--------- beginning of crash
12-18 22:07:35.390 18169 18198 E AndroidRuntime: FATAL EXCEPTION: mqt_v_native
12-18 22:07:35.390 18169 18198 E AndroidRuntime: Process: com.tomghdev.voco, PID: 18169
12-18 22:07:35.390 18169 18198 E AndroidRuntime: com.facebook.react.common.JavascriptException: TypeError: Cannot read property 'CheckFrequency' of undefined, stack:
12-18 22:07:35.390 18169 18198 E AndroidRuntime: anonymous@1:1550297
12-18 22:07:35.390 18169 18198 E AndroidRuntime: loadModuleImplementation@1:54979
12-18 22:07:35.390 18169 18198 E AndroidRuntime: guardedLoadModule@1:54458
12-18 22:07:35.390 18169 18198 E AndroidRuntime: metroRequire@1:54012
12-18 22:07:35.390 18169 18198 E AndroidRuntime: get@1:814291
12-18 22:07:35.390 18169 18198 E AndroidRuntime: metroContext@1:814185
12-18 22:07:35.390 18169 18198 E AndroidRuntime: loadRoute@1:1106219
12-18 22:07:35.390 18169 18198 E AndroidRuntime: getLayoutNode@1:1108362
12-18 22:07:35.390 18169 18198 E AndroidRuntime: _loop3@1:1106111
12-18 22:07:35.390 18169 18198 E AndroidRuntime: getDirectoryTree@1:1103894
12-18 22:07:35.390 18169 18198 E AndroidRuntime: getRoutes@1:1102879
12-18 22:07:35.390 18169 18198 E AndroidRuntime: getRoutes@1:1101875
12-18 22:07:35.390 18169 18198 E AndroidRuntime: useStore@1:1073476
12-18 22:07:35.390 18169 18198 E AndroidRuntime: ContextNavigator@1:1140284
12-18 22:07:35.390 18169 18198 E AndroidRuntime: renderWithHooks@1:242879
12-18 22:07:35.390 18169 18198 E AndroidRuntime: updateFunctionComponent@1:261666
12-18 22:07:35.390 18169 18198 E AndroidRuntime: beginWork@1:269516
12-18 22:07:35.390 18169 18198 E AndroidRuntime: performUnitOfWork@1:288192
12-18 22:07:35.390 18169 18198 E AndroidRuntime: workLoopSync@1:287200
12-18 22:07:35.390 18169 18198 E AndroidRuntime: renderRootSync@1:287032
12-18 22:07:35.390 18169 18198 E AndroidRuntime: performWorkOnRoot@1:284456
12-18 22:07:35.390 18169 18198 E AndroidRuntime: performWorkOnRootViaSchedulerTask@1:238341
12-18 22:07:35.390 18169 18198 E AndroidRuntime: 
12-18 22:07:35.390 18169 18198 E AndroidRuntime: 	at com.facebook.react.modules.core.ExceptionsManagerModule.reportException(ExceptionsManagerModule.kt:52)
12-18 22:07:35.390 18169 18198 E AndroidRuntime: 	at com.facebook.jni.NativeRunnable.run(Native Method)
12-18 22:07:35.390 18169 18198 E AndroidRuntime: 	at android.os.Handler.handleCallback(Handler.java:1070)
12-18 22:07:35.390 18169 18198 E AndroidRuntime: 	at android.os.Handler.dispatchMessage(Handler.java:125)
12-18 22:07:35.390 18169 18198 E AndroidRuntime: 	at com.facebook.react.bridge.queue.MessageQueueThreadHandler.dispatchMessage(MessageQueueThreadHandler.kt:21)
12-18 22:07:35.390 18169 18198 E AndroidRuntime: 	at android.os.Looper.dispatchMessage(Looper.java:333)
12-18 22:07:35.390 18169 18198 E AndroidRuntime: 	at android.os.Looper.loopOnce(Looper.java:263)
12-18 22:07:35.390 18169 18198 E AndroidRuntime: 	at android.os.Looper.loop(Looper.java:367)
