--------- beginning of main
12-18 22:07:17.639 18148 18148 W libbinder.BackendUnifiedServiceManager: Thread Pool max thread count is 0. Cannot cache binder as linkToDeath cannot be implemented. serviceName: package
12-18 22:07:18.398 13801 13801 I artd    : GetBestInfo: odex next to the dex file (/data/app/~~TCt0WREUSANv1r6ZJzk6mQ==/com.google.android.gms-a1Qy08zQYjdnRKNiFAW7Jw==/oat/arm64/base.odex) is kOatUpToDate with filter 'speed-profile' executable 'false'
12-18 22:07:18.402 13801 13801 I artd    : GetBestInfo: odex next to the dex file (/data/app/~~TCt0WREUSANv1r6ZJzk6mQ==/com.google.android.gms-a1Qy08zQYjdnRKNiFAW7Jw==/oat/arm64/split_AdsDynamite_installtime.odex) is kOatUpToDate with filter 'speed' executable 'false'
12-18 22:07:18.411 13801 13801 I artd    : GetBestInfo: odex next to the dex file (/data/app/~~TCt0WREUSANv1r6ZJzk6mQ==/com.google.android.gms-a1Qy08zQYjdnRKNiFAW7Jw==/oat/arm64/split_CronetDynamite_installtime.odex) is kOatUpToDate with filter 'speed-profile' executable 'false'
12-18 22:07:18.436 13801 13801 I artd    : GetBestInfo: odex next to the dex file (/data/app/~~TCt0WREUSANv1r6ZJzk6mQ==/com.google.android.gms-a1Qy08zQYjdnRKNiFAW7Jw==/oat/arm64/split_DynamiteLoader_installtime.odex) is kOatUpToDate with filter 'speed' executable 'false'
12-18 22:07:18.493 13801 17178 I artd    : GetBestInfo: odex next to the dex file (/data/app/~~TCt0WREUSANv1r6ZJzk6mQ==/com.google.android.gms-a1Qy08zQYjdnRKNiFAW7Jw==/oat/arm64/split_DynamiteModulesA_installtime.odex) is kOatUpToDate with filter 'speed' executable 'false'
12-18 22:07:18.504 13801 13801 I artd    : GetBestInfo: odex next to the dex file (/data/app/~~TCt0WREUSANv1r6ZJzk6mQ==/com.google.android.gms-a1Qy08zQYjdnRKNiFAW7Jw==/oat/arm64/split_DynamiteModulesC_installtime.odex) is kOatUpToDate with filter 'speed' executable 'false'
12-18 22:07:18.510 13801 17178 I artd    : GetBestInfo: odex next to the dex file (/data/app/~~TCt0WREUSANv1r6ZJzk6mQ==/com.google.android.gms-a1Qy08zQYjdnRKNiFAW7Jw==/oat/arm64/split_GoogleCertificates_installtime.odex) is kOatUpToDate with filter 'speed' executable 'false'
12-18 22:07:18.519 13801 13801 I artd    : GetBestInfo: odex next to the dex file (/data/app/~~TCt0WREUSANv1r6ZJzk6mQ==/com.google.android.gms-a1Qy08zQYjdnRKNiFAW7Jw==/oat/arm64/split_MapsDynamite_installtime.odex) is kOatUpToDate with filter 'speed' executable 'false'
12-18 22:07:18.638 13801 17178 I artd    : GetBestInfo: odex next to the dex file (/data/app/~~TCt0WREUSANv1r6ZJzk6mQ==/com.google.android.gms-a1Qy08zQYjdnRKNiFAW7Jw==/oat/arm64/split_MeasurementDynamite_installtime.odex) is kOatUpToDate with filter 'speed' executable 'false'
12-18 22:07:18.642 13801 13801 I artd    : GetBestInfo: vdex next to the dex file (/data/user/0/com.google.android.gms/app_dg_cache/981325FE712DE8A8AB83655EBBCFB0558EA27BAD/oat/arm64/the.vdex) is kOatUpToDate with filter 'verify' executable 'false'
12-18 22:07:18.642 13801 13801 I artd    : GetBestInfo: /data/user_de/0/com.google.android.gms/app_chimera/m/00000001/CronetDynamite.apk has no usable artifacts
12-18 22:07:18.643 13801 13801 I artd    : GetBestInfo: /data/user_de/0/com.google.android.gms/app_chimera/m/00000002/DynamiteLoader.apk has no usable artifacts
12-18 22:07:18.643 13801 13805 I artd    : GetBestInfo: /data/user_de/0/com.google.android.gms/app_chimera/m/0000000b/dl-TfliteDynamiteDynamite.integ_243930802100400.apk has no usable artifacts
12-18 22:07:18.644 13801 13801 I artd    : GetBestInfo: /data/user_de/0/com.google.android.gms/app_chimera/m/00000005/GoogleCertificates.apk has no usable artifacts
12-18 22:07:18.644 13801 13801 W artd    : Could not get dex checksums for location /data/app/~~ljFPUmcFvKBB3g5sSCWbKw==/com.google.android.gms-Im9KHeNObUZnKEFRFXC_Ww==/base.apk, fd=-1
12-18 22:07:18.645 13801 13803 I artd    : GetBestInfo: /data/user_de/0/com.google.android.gms/app_chimera/m/00000012/dl-MlkitOcrCommon.optional_254732100400.apk has no usable artifacts
12-18 22:07:18.646 13801 13805 W artd    : Could not get dex checksums for location /data/app/~~ljFPUmcFvKBB3g5sSCWbKw==/com.google.android.gms-Im9KHeNObUZnKEFRFXC_Ww==/base.apk, fd=-1
12-18 22:07:18.646 13801 13801 W artd    : Could not get dex checksums for location /data/app/~~ljFPUmcFvKBB3g5sSCWbKw==/com.google.android.gms-Im9KHeNObUZnKEFRFXC_Ww==/base.apk, fd=-1
12-18 22:07:18.648 13801 17177 I artd    : GetBestInfo: /data/user_de/0/com.google.android.gms/app_chimera/m/00000016/dl-PlayCloudSearch.optional_254732100000.apk has no usable artifacts
12-18 22:07:18.649 13801 13803 W artd    : Could not get dex checksums for location /data/app/~~ljFPUmcFvKBB3g5sSCWbKw==/com.google.android.gms-Im9KHeNObUZnKEFRFXC_Ww==/base.apk, fd=-1
12-18 22:07:18.651 13801 13805 W artd    : Could not get dex checksums for location /data/app/~~ljFPUmcFvKBB3g5sSCWbKw==/com.google.android.gms-Im9KHeNObUZnKEFRFXC_Ww==/base.apk, fd=-1
12-18 22:07:18.654 13801 13801 I artd    : GetBestInfo: /data/user_de/0/com.google.android.gms/app_chimera/m/00000010/dl-MlkitBarcodeUi.optional_254732100400.apk has no usable artifacts
12-18 22:07:18.656 13801 13804 W artd    : Could not get dex checksums for location /data/app/~~ljFPUmcFvKBB3g5sSCWbKw==/com.google.android.gms-Im9KHeNObUZnKEFRFXC_Ww==/base.apk, fd=-1
12-18 22:07:18.660 13801 13805 I artd    : GetBestInfo: vdex next to the dex file (/data/user/0/com.google.android.gms/app_dg_cache/BC758ED5E7D6BDB04AA7A99271131838E0308423/oat/arm64/the.vdex) is kOatUpToDate with filter 'verify' executable 'false'
12-18 22:07:18.689 13801 13804 I artd    : GetBestInfo: /data/user_de/0/com.google.android.gms/app_chimera/m/00000013/dl-VisionOcr.optional_254732100000.apk has no usable artifacts
12-18 22:07:18.692 13801 13804 W artd    : Could not get dex checksums for location /data/app/~~ljFPUmcFvKBB3g5sSCWbKw==/com.google.android.gms-Im9KHeNObUZnKEFRFXC_Ww==/base.apk, fd=-1
12-18 22:07:18.703 13801 13804 W artd    : Could not get dex checksums for location /data/app/~~ljFPUmcFvKBB3g5sSCWbKw==/com.google.android.gms-Im9KHeNObUZnKEFRFXC_Ww==/base.apk, fd=-1
12-18 22:07:18.704 13801 13804 W artd    : Could not get dex checksums for location /data/app/~~fQmKSnLB3za7FNubmGpQkQ==/com.android.vending-H-eZGuQgujfAE5AwvBMNDA==/base.apk, fd=-1
12-18 22:07:18.712 13801 13804 I artd    : GetBestInfo: /data/user_de/0/com.google.android.gms/app_chimera/m/00000014/dl-Appsearch.optional_254732100400.apk has no usable artifacts
12-18 22:07:18.713 13801 13804 W artd    : Could not get dex checksums for location /data/app/~~ljFPUmcFvKBB3g5sSCWbKw==/com.google.android.gms-Im9KHeNObUZnKEFRFXC_Ww==/base.apk, fd=-1
12-18 22:07:18.793 13531 14081 W libbinder.Binder: Binder transaction to android.content.pm.IPackageManager code 1598311760 took 1153ms. Data bytes: 80 Reply bytes: 4 Flags: 16
12-18 22:07:18.986 13531 13816 I HalDevMgr: bestIfaceCreationProposal is null, requestIface=STA, existingIface=[name=wlan0 type=STA]
12-18 22:07:19.355 18151 18151 D AndroidRuntime: >>>>>> START com.android.internal.os.RuntimeInit uid 2000 <<<<<<
12-18 22:07:19.439 18151 18151 I AndroidRuntime: Using default boot image
12-18 22:07:19.440 18151 18151 I AndroidRuntime: Leaving lock profiling enabled
12-18 22:07:19.448 18151 18151 I app_process: Using CollectorTypeCMC GC.
12-18 22:07:20.222 18151 18151 D nativeloader: InitDefaultPublicLibraries for_preload=1: libandroid.so:libaaudio.so:libamidi.so:libbinder_ndk.so:libc.so:libcamera2ndk.so:libdl.so:libEGL.so:libGLESv1_CM.so:libGLESv2.so:libGLESv3.so:libicu.so:libicui18n.so:libicuuc.so:libjnigraphics.so:liblog.so:libmediandk.so:libm.so:libnativehelper.so:libnativewindow.so:libOpenMAXAL.so:libOpenSLES.so:libRS.so:libstdc++.so:libsync.so:libvulkan.so:libwebviewchromium_plat_support.so:libz.so
12-18 22:07:20.560 18151 18151 D nativeloader: Load libicu_jni.so using APEX ns com_android_art for caller /apex/com.android.art/javalib/core-oj.jar: ok
12-18 22:07:20.560 18151 18151 D app_process: u_setTimeZoneFilesDirectory("/apex/com.android.tzdata/etc/tz/versioned/9/icu") succeeded. 
12-18 22:07:20.560 18151 18151 D app_process: I18n APEX ICU file found: /apex/com.android.i18n/etc/icu/icudt76l.dat
12-18 22:07:20.652 18151 18151 D nativeloader: Load libjavacore.so using APEX ns com_android_art for caller /apex/com.android.art/javalib/core-oj.jar: ok
12-18 22:07:20.687 18151 18151 D nativeloader: Load libopenjdk.so using APEX ns com_android_art for caller /apex/com.android.art/javalib/core-oj.jar: ok
12-18 22:07:20.709 18151 18151 I app_process: Priority-to-niceness mapping: 19, 16, 13, 10, 0, -2, -4, -5, -6, -8
12-18 22:07:20.827 18151 18151 D nativeloader: Load libframework-connectivity-tiramisu-jni.so using APEX ns com_android_tethering for caller /apex/com.android.tethering/javalib/framework-connectivity-t.jar: ok
12-18 22:07:20.828 18151 18151 D AndroidRuntime: Calling main entry com.android.commands.monkey.Monkey
12-18 22:07:20.843 18151 18151 D nativeloader: Load /system/lib64/libmonkey_jni.so using ns default for caller /system/framework/monkey.jar in same partition (is_bridged=0): ok
12-18 22:07:20.844 18151 18151 W Monkey  : args: [-p, com.tomghdev.voco, -c, android.intent.category.LAUNCHER, 1]
12-18 22:07:20.868 18151 18151 I AconfigPackage: android.media.swcodec.flags is mapped to com.android.media.swcodec
12-18 22:07:20.868 18151 18151 I AconfigPackage: com.android.permission.flags is mapped to com.android.permission
12-18 22:07:20.868 18151 18151 I AconfigPackage: com.android.permissioncontroller.flags is mapped to com.android.permission
12-18 22:07:20.868 18151 18151 I AconfigPackage: com.android.icu is mapped to com.android.i18n
12-18 22:07:20.868 18151 18151 I AconfigPackage: com.android.appsearch.flags is mapped to com.android.appsearch
12-18 22:07:20.869 18151 18151 I AconfigPackage: android.uprobestats.mainline.flags is mapped to com.android.uprobestats
12-18 22:07:20.869 18151 18151 I AconfigPackage: com.android.crashrecovery.flags is mapped to com.android.crashrecovery
12-18 22:07:20.869 18151 18151 I AconfigPackage: android.provider.flags is mapped to com.android.configinfrastructure
12-18 22:07:20.869 18151 18151 I AconfigPackage: com.android.server.deviceconfig is mapped to com.android.configinfrastructure
12-18 22:07:20.869 18151 18151 I AconfigPackage: com.android.art.flags is mapped to com.android.art
12-18 22:07:20.869 18151 18151 I AconfigPackage: com.android.art.rw.flags is mapped to com.android.art
12-18 22:07:20.869 18151 18151 I AconfigPackage: com.android.libcore is mapped to com.android.art
12-18 22:07:20.869 18151 18151 I AconfigPackage: com.android.telephony.flags is mapped to com.android.telephonycore
12-18 22:07:20.870 18151 18151 I AconfigPackage: com.android.media.extractor.flags is mapped to com.android.media
12-18 22:07:20.870 18151 18151 I AconfigPackage: com.android.media.mainline.flags is mapped to com.android.media
12-18 22:07:20.870 18151 18151 I AconfigPackage: com.android.wifi.flags is mapped to com.android.wifi
12-18 22:07:20.870 18151 18151 I AconfigPackage: com.android.org.conscrypt.flags is mapped to com.android.conscrypt
12-18 22:07:20.870 18151 18151 I AconfigPackage: com.android.org.conscrypt.net.flags is mapped to com.android.conscrypt
12-18 22:07:20.874 18151 18151 I AconfigPackage: com.android.healthfitness.flags is mapped to com.android.healthfitness
12-18 22:07:20.874 18151 18151 I AconfigPackage: com.android.ipsec.flags is mapped to com.android.ipsec
12-18 22:07:20.874 18151 18151 I AconfigPackage: com.android.nfc.module.flags is mapped to com.android.nfcservices
12-18 22:07:20.875 18151 18151 I AconfigPackage: com.android.adservices.ondevicepersonalization.flags is mapped to com.android.ondevicepersonalization
12-18 22:07:20.875 18151 18151 I AconfigPackage: com.android.adbd.flags is mapped to com.android.adbd
12-18 22:07:20.876 18151 18151 I AconfigPackage: com.android.bluetooth.flags is mapped to com.android.bt
12-18 22:07:20.876 18151 18151 I AconfigPackage: com.android.devicelock.flags is mapped to com.android.devicelock
12-18 22:07:20.876 18151 18151 I AconfigPackage: android.os.profiling is mapped to com.android.profiling
12-18 22:07:20.876 18151 18151 I AconfigPackage: android.os.profiling.anomaly.flags is mapped to com.android.profiling
12-18 22:07:20.877 18151 18151 I AconfigPackage: com.android.os.statsd.flags is mapped to com.android.os.statsd
12-18 22:07:20.877 18151 18151 I AconfigPackage: com.android.rkpd.flags is mapped to com.android.rkpd
12-18 22:07:20.877 18151 18151 I AconfigPackage: com.android.cellbroadcastreceiver.flags is mapped to com.android.cellbroadcast
12-18 22:07:20.877 18151 18151 I AconfigPackage: com.android.adservices.flags is mapped to com.android.adservices
12-18 22:07:20.877 18151 18151 I AconfigPackage: com.android.sdksandbox.flags is mapped to com.android.adservices
12-18 22:07:20.877 18151 18151 I AconfigPackage: com.android.uwb.flags is mapped to com.android.uwb
12-18 22:07:20.877 18151 18151 I AconfigPackage: com.android.ranging.flags is mapped to com.android.uwb
12-18 22:07:20.878 18151 18151 I AconfigPackage: android.graphics.pdf.flags is mapped to com.android.mediaprovider
12-18 22:07:20.878 18151 18151 I AconfigPackage: com.android.providers.media.flags is mapped to com.android.mediaprovider
12-18 22:07:20.878 18151 18151 I AconfigPackage: android.graphics.pdf.flags.readonly is mapped to com.android.mediaprovider
12-18 22:07:20.883 18151 18151 I AconfigPackage: com.android.tethering.mainline.beta is mapped to com.android.tethering
12-18 22:07:20.883 18151 18151 I AconfigPackage: android.net.http is mapped to com.android.tethering
12-18 22:07:20.883 18151 18151 I AconfigPackage: com.android.tethering.readonly.flags is mapped to com.android.tethering
12-18 22:07:20.883 18151 18151 I AconfigPackage: android.net.vcn is mapped to com.android.tethering
12-18 22:07:20.883 18151 18151 I AconfigPackage: com.android.net.flags is mapped to com.android.tethering
12-18 22:07:20.883 18151 18151 I AconfigPackage: com.android.tethering.beta.test is mapped to com.android.tethering
12-18 22:07:20.883 18151 18151 I AconfigPackage: com.android.nearby.flags is mapped to com.android.tethering
12-18 22:07:20.883 18151 18151 I AconfigPackage: com.android.net.ct.flags is mapped to com.android.tethering
12-18 22:07:20.883 18151 18151 I AconfigPackage: com.android.net.thread.flags is mapped to com.android.tethering
12-18 22:07:20.883 18151 18151 I AconfigPackage: com.android.system.virtualmachine.flags is mapped to com.android.virt
12-18 22:07:20.883 18151 18151 E FeatureFlagsImplExport: android.os.flagging.AconfigStorageReadException: ERROR_PACKAGE_NOT_FOUND: package android.xr cannot be found on the device
12-18 22:07:21.684 17674 17674 I Choreographer: Skipped 31 frames!  The application may be doing too much work on its main thread.
12-18 22:07:21.732 18151 18151 W Monkey  :  arg: "-p"
12-18 22:07:21.732 18151 18151 W Monkey  :  arg: "com.tomghdev.voco"
12-18 22:07:21.732 18151 18151 W Monkey  :  arg: "-c"
12-18 22:07:21.732 18151 18151 W Monkey  :  arg: "android.intent.category.LAUNCHER"
12-18 22:07:21.732 18151 18151 W Monkey  :  arg: "1"
12-18 22:07:21.770 13531 13766 D EventHub: No input device configuration file found for device 'Monkey touch'.
12-18 22:07:21.773 13531 13766 I EventHub: usingClockIoctl=true
12-18 22:07:21.817 18151 18151 W Monkey  : data="com.tomghdev.voco"
12-18 22:07:21.817 18151 18151 W Monkey  : data="android.intent.category.LAUNCHER"
12-18 22:07:21.844 17674 17783 I HWUI    : Davey! duration=780ms; Flags=0, FrameTimelineVsyncId=150523, IntendedVsync=5331784757038, Vsync=5331784757038, InputEventId=0, HandleInputStart=5331796606998, AnimationStart=5331796607998, PerformTraversalsStart=5331796608248, DrawStart=5332014709082, FrameDeadline=5331801423704, FrameStartTime=5331796573748, FrameInterval=16666666, WorkloadTarget=16666666, SyncQueued=5332015712832, SyncStart=5332015936373, IssueDrawCommandsStart=5332165813582, SwapBuffers=5332260162498, FrameCompleted=5332565905582, DequeueBufferDuration=19209, QueueBufferDuration=13059458, GpuCompleted=5332565583165, SwapBuffersCompleted=5332565905582, DisplayPresentTime=0, CommandSubmissionCompleted=5332260162498, 
12-18 22:07:21.855 13531 13766 I EventHub: New device: id=15, fd=599, path='/dev/input/event13', name='Monkey touch', classes=TOUCH | TOUCH_MT, configuration='', keyLayout='', keyCharacterMap='', builtinKeyboard=false, 
12-18 22:07:22.025 13531 13766 I InputReader: Device reconfigured: id=15, name='Monkey touch', size 1080x2400, orientation Rotation0, mode DIRECT, display id 0
12-18 22:07:22.159 13531 13766 I InputReader: Device added: id=15, eventHubId=15, name='Monkey touch', descriptor='e1fe28b90f915c7d1febbd52c1ef84b3c4cbed9f',sources=TOUCHSCREEN
--------- beginning of system
12-18 22:07:22.259 13531 13559 D WindowManager: Direct invocation of sendNewConfiguration: Display{#0 state=ON size=1080x2400 ROTATION_0}
12-18 22:07:22.323 13531 14081 W libbinder.Binder: Binder transaction to android.location.ILocationManager code 19 took 1155ms. Data bytes: 248 Reply bytes: 4 Flags: 16
12-18 22:07:22.355 13531 13559 W libbinder.IPCThreadState: Sending oneway calls to frozen process.
12-18 22:07:22.357 13531 13559 W libbinder.IPCThreadState: Sending oneway calls to frozen process.
12-18 22:07:22.585 16259 16259 I PkDeviceHelper: PkDeviceHelper.refreshDevices():93 refreshing devices
12-18 22:07:22.588 16259 16259 I PkDeviceHelper: PkDeviceHelper.addDevice():133 device qwerty2 added
12-18 22:07:22.589 13531 13816 I HalDevMgr: bestIfaceCreationProposal is null, requestIface=STA, existingIface=[name=wlan0 type=STA]
12-18 22:07:22.634 13531 13777 W ActivityManager: registerReceiverWithFeature: no app for null
12-18 22:07:22.662 16259 16259 W NotificationCenter: NotificationCenter$NotificationQueue.notifyPendingNotificationsOnExecutor():877 Heavy notify work detected on UI thread: [lom->jpv, lom->ngr] takes 99ms
12-18 22:07:22.669 15148 15240 D SatelliteController: iisInCarrierRoamingNbIotNtn: satellite is disabled
12-18 22:07:22.672 15148 15240 D SatelliteController: getCarrierRoamingNtnConnectType: Falling back to global carrier config connect type: 0
12-18 22:07:23.003 13531 14643 D OomAdjuster: Not killing cached processes
12-18 22:07:23.049 13531 13777 W ActivityTaskManager: callingPackage for (uid=2000, pid=18151) has no WPC
12-18 22:07:23.063 13531 13777 V WindowManager: DesktopModeLaunchParamsModifier: phase= 0 task=null activity=null display-area-from-current-params=null display-area-from-default-fallback=DefaultTaskDisplayArea@14468725 display-id=0 task-display-area-windowing-mode=1 suggested-display-area=DefaultTaskDisplayArea@14468725 task null, skipping
12-18 22:07:23.063 13531 13777 V WindowManager: TaskLaunchParamsModifier:phase=0 task=null activity=null display-area-from-current-params=null display-area-from-default-fallback=DefaultTaskDisplayArea@14468725 display-id=0 task-display-area-windowing-mode=1 suggested-display-area=DefaultTaskDisplayArea@14468725
12-18 22:07:23.073 14032 18167 D android.hardware.gnss-service.ranchu: GnssHwConn:workerThread:70
12-18 22:07:23.077 13531 13777 V GrammaticalInflectionUtils: AttributionSource: android.content.AttributionSource@4ad978bf does not have READ_SYSTEM_GRAMMATICAL_GENDER permission.
12-18 22:07:23.087 13531 13556 W Looper  : Slow dispatch took 368ms android.fg app=system_server main=false group=FOREGROUND h=android.os.Handler c=com.android.server.location.provider.AbstractLocationProvider$Controller$$ExternalSyntheticLambda1@48a4e1d m=0
12-18 22:07:23.135 13531 13556 W Looper  : Slow delivery took 447ms android.fg app=system_server main=false group=FOREGROUND h=android.os.Handler c=com.android.server.location.provider.LocationProviderManager$$ExternalSyntheticLambda14@bed9263 m=0
12-18 22:07:23.185 13531 13777 V WindowManager: DesktopModeLaunchParamsModifier: phase= 0 task=null activity=ActivityRecord{169756818 u0 com.tomghdev.voco/.MainActivity display-area-from-current-params=null display-area-from-default-fallback=DefaultTaskDisplayArea@14468725 display-id=0 task-display-area-windowing-mode=1 suggested-display-area=DefaultTaskDisplayArea@14468725 task null, skipping
12-18 22:07:23.185 13531 13777 V WindowManager: TaskLaunchParamsModifier:phase=0 task=null activity=ActivityRecord{169756818 u0 com.tomghdev.voco/.MainActivity t-1} display-area-from-current-params=null display-area-from-default-fallback=DefaultTaskDisplayArea@14468725 display-id=0 task-display-area-windowing-mode=1 suggested-display-area=DefaultTaskDisplayArea@14468725
12-18 22:07:23.185 13531 13777 V WindowManager: DesktopModeLaunchParamsModifier: phase= 3 task=null activity=ActivityRecord{169756818 u0 com.tomghdev.voco/.MainActivity t-1} display-area-from-current-params=null display-area-from-default-fallback=DefaultTaskDisplayArea@14468725 display-id=0 task-display-area-windowing-mode=1 suggested-display-area=DefaultTaskDisplayArea@14468725 task null, skipping
12-18 22:07:23.185 13531 13777 V WindowManager: TaskLaunchParamsModifier:phase=3 task=null activity=ActivityRecord{169756818 u0 com.tomghdev.voco/.MainActivity t-1} display-area-from-current-params=null display-area-from-default-fallback=DefaultTaskDisplayArea@14468725 display-id=0 task-display-area-windowing-mode=1 suggested-display-area=DefaultTaskDisplayArea@14468725 non-freeform-task-display-area display-area=DefaultTaskDisplayArea@14468725 skip-bounds-fullscreen
12-18 22:07:23.186 15908 16002 I FusedOrientationManager: Registering orientation client. [CONTEXT service_id=6 ]
12-18 22:07:23.219 13531 13777 V WindowManager: DesktopModeLaunchParamsModifier: phase= 3 task=Task{253ae60 #22 type=standard A=10218:com.tomghdev.voco} activity=ActivityRecord{169756818 u0 com.tomghdev.voco/.MainActivity t-1} display-from-task=0 display-id=0 task-display-area-windowing-mode=1 suggested-display-area=DefaultTaskDisplayArea@14468725 not entering desktop mode, skipping
12-18 22:07:23.221 13531 13777 V WindowManager: TaskLaunchParamsModifier:phase=3 task=Task{253ae60 #22 type=standard A=10218:com.tomghdev.voco} activity=ActivityRecord{169756818 u0 com.tomghdev.voco/.MainActivity t-1} display-from-task=0 display-id=0 task-display-area-windowing-mode=1 suggested-display-area=DefaultTaskDisplayArea@14468725 inherit-from-task=fullscreen non-freeform-task-display-area display-area=DefaultTaskDisplayArea@14468725 skip-bounds-fullscreen
12-18 22:07:23.261   545   611 I libbinder.BpBinder: onLastStrongRef automatically unlinking death recipients for descriptor: '(not cached)'
12-18 22:07:23.419 13457 17608 W libbinder.IPCThreadState: Sending oneway calls to frozen process.
12-18 22:07:23.420 13457 17608 W libbinder.IPCThreadState: Sending oneway calls to frozen process.
12-18 22:07:23.426 17674 17712 V WindowManagerShell: Transition requested (#24): android.os.BinderProxy@c416799 TransitionRequestInfo { type = OPEN, triggerTask = TaskInfo{userId=0 taskId=22 effectiveUid=10218 displayId=0 isRunning=true baseIntent=Intent { act=android.intent.action.MAIN cat=[android.intent.category.LAUNCHER] flg=0x10200000 cmp=com.tomghdev.voco/.MainActivity } baseActivity=ComponentInfo{com.tomghdev.voco/com.tomghdev.voco.MainActivity} topActivity=ComponentInfo{com.tomghdev.voco/com.tomghdev.voco.MainActivity} origActivity=null realActivity=ComponentInfo{com.tomghdev.voco/com.tomghdev.voco.MainActivity} numActivities=1 lastActiveTime=5334486 supportsMultiWindow=true resizeMode=1 isResizeable=true minWidth=-1 minHeight=-1 defaultMinSize=220 token=WCT{android.os.BinderProxy@ebfea5e} topActivityType=1 pictureInPictureParams=null shouldDockBigOverlays=false launchIntoPipHostTaskId=-1 lastParentTaskIdBeforePip=-1 displayCutoutSafeInsets=Rect(0, 0 - 0, 0) topActivityInfo=ActivityInfo{3d39e3f com.tomghdev.voco.MainActivity} launchCookies=[] positionInParent=Point(0, 0) parentTaskId=-1 isFocused=false isVisible=false isVisibleRequested=false isTopActivityNoDisplay=false isSleeping=false locusId=null displayAreaFeatureId=1 isTopActivityTransparent=false isActivityStackTransparent=false lastNonFullscreenBounds=null capturedLink=null capturedLinkTimestamp=0 requestedVisibleTypes=503 topActivityRequestOpenInBrowserEducationTimestamp=0 appCompatTaskInfo=AppCompatTaskInfo { topActivityInSizeCompat=false isLeafTask= true eligibleForLetterboxEducation= false isLetterboxEducationEnabled= true isLetterboxDoubleTapEnabled= false eligibleForUserAspectRatioButton= false topActivityBoundsLetterboxed= false isFromLetterboxDoubleTap= false topActivityLetterboxVerticalPosition= -1 topActivityLetterboxHorizontalPosition= -1 topActivityLetterboxWidth=-1 topActivityLetterboxHeight=-1 topActivityAppBounds=Rect(0, 0 - 1080, 2400) isUserFullscreenOverrideEnabled=false isSystemFullscreenOverrideEnabled=false hasMinAspectRatioOverride=false topActivityLetterboxBounds=null cameraCompatTaskInfo=CameraCompatTaskInfo { cameraCompatMode=inactive0} topNonResizableActivityAspectRatio=-1.0} topActivityMainWindowFrame=null isAppBubble=false}, pipChange = null, remoteTransition = null, displayChange = null, requestedLocation = null, userChange = null, windowingLayerChange = null, flags = 0, debugId = 24 }
12-18 22:07:23.428 17674 17712 D ShellSplitScreen: logExit: no-op, mLoggerSessionId is null
12-18 22:07:23.542 13531 13777 I ActivityTaskManager: START u0 {act=android.intent.action.MAIN cat=[android.intent.category.LAUNCHER] flg=0x10200000 cmp=com.tomghdev.voco/.MainActivity} with LAUNCH_SINGLE_TASK from uid 2000 (com.android.shell) (BAL_ALLOW_PERMISSION) result code=0
12-18 22:07:23.554 13531 13559 V GrammaticalInflectionUtils: AttributionSource: android.content.AttributionSource@4ad978bf does not have READ_SYSTEM_GRAMMATICAL_GENDER permission.
12-18 22:07:23.577 14214 14214 D BaseActivity: Launcher flags updated: [state_started|state_resumed|state_deferred_resumed|state_window_focused] -[state_user_active]
12-18 22:07:23.593 14214 14214 D BaseActivity: Launcher flags updated: [state_started|state_window_focused] -[state_resumed|state_deferred_resumed]
12-18 22:07:23.594 17674 17712 D WindowManagerShell: setLauncherKeepClearAreaHeight: visible=false, height=495
12-18 22:07:23.599 14214 14214 W SplitSelectStateCtor: Missing session instanceIds
12-18 22:07:23.599 14214 14214 D StatsLog: LAUNCHER_SPLIT_SELECTION_EXIT_INTERRUPTED
12-18 22:07:23.612 13531 13628 W ActivityManager: Slow operation: 58ms so far, now at startProcess: asking zygote to start proc
12-18 22:07:23.620 18151 18151 I Monkey  : Events injected: 1
12-18 22:07:23.656 17674 17722 D WindowOnBackDispatcher: setTopOnBackInvokedCallback (unwrapped): android.view.ViewRootImpl$$ExternalSyntheticLambda12@fa11637
12-18 22:07:23.954 14032 18167 D android.hardware.gnss-service.ranchu: GnssHwListener:consume:87 sz=64
12-18 22:07:23.968 13531 13556 W Looper  : Drained
12-18 22:07:24.043 13531 15904 V WindowManager: Defer transition id=24 for TaskFragmentTransaction=android.os.Binder@5b8eadb
12-18 22:07:24.044 13531 15904 V WindowManager: deferTransitionReady deferReadyDepth=1 stack=com.android.server.wm.TransitionController.deferTransitionReady:1061 com.android.server.wm.TaskFragmentOrganizerController$TaskFragmentOrganizerState.dispatchTransaction:517 com.android.server.wm.TaskFragmentOrganizerController.dispatchPendingEvents:1259 com.android.server.wm.TaskFragmentOrganizerController.dispatchPendingEvents:1228 com.android.server.wm.RootWindowContainer.performSurfacePlacement:777 
12-18 22:07:24.059 14214 14214 D RecentsView: onTaskDisplayChanged: 22, new displayId = 0
12-18 22:07:24.059 14214 14214 D b/417220811: invalidateLoadedTasks - previous requestLoadId: -1
12-18 22:07:24.060 14214 14214 D b/417220811: invalidateLoadedTasks - previous requestLoadId: -1
12-18 22:07:24.076 13531 14643 D CoreBackPreview: Window{f0623d5 u0 Splash Screen com.tomghdev.voco}: Setting back callback OnBackInvokedCallbackInfo{mCallback=android.window.IOnBackInvokedCallback$Stub$Proxy@7ace978, mPriority=0, mIsAnimationCallback=false, mOverrideBehavior=0}
12-18 22:07:24.142 14214 14214 D BaseActivity: Launcher flags updated: [state_started] -[state_window_focused]
12-18 22:07:24.222 13455 13455 D Zygote  : Forked child process 18169
12-18 22:07:24.251 13531 13628 W ActivityManager: Slow operation: 697ms so far, now at startProcess: returned from zygote!
12-18 22:07:24.344 13531 14643 V WindowManager: Continue transition id=24 for TaskFragmentTransaction=android.os.Binder@5b8eadb
12-18 22:07:24.345 13531 14643 V WindowManager: continueTransitionReady deferReadyDepth=0 stack=com.android.server.wm.TransitionController.continueTransitionReady:1071 com.android.server.wm.TaskFragmentOrganizerController$TaskFragmentOrganizerState.onTransactionFinished:546 com.android.server.wm.TaskFragmentOrganizerController.onTransactionHandled:740 android.window.ITaskFragmentOrganizerController$Stub.onTransact:225 android.os.Binder.execTransactInternal:1473 
12-18 22:07:24.345 13531 13628 W ActivityManager: Slow operation: 791ms so far, now at startProcess: done updating battery stats
12-18 22:07:24.345 13531 13628 W ActivityManager: Slow operation: 791ms so far, now at startProcess: building log message
12-18 22:07:24.345 13531 13628 I ActivityManager: Start proc 18169:com.tomghdev.voco/u0a218 for next-top-activity {com.tomghdev.voco/com.tomghdev.voco.MainActivity}
12-18 22:07:24.345 13531 13628 W ActivityManager: Slow operation: 791ms so far, now at startProcess: starting to update pids map
12-18 22:07:24.346 13531 13628 W ActivityManager: Slow operation: 791ms so far, now at startProcess: done updating pids map
12-18 22:07:24.361 13531 13870 D BackgroundInstallControlService: Package event received: 0
12-18 22:07:24.459 18169 18169 I Zygote  : Process 18169 created for com.tomghdev.voco
12-18 22:07:24.460 18169 18169 I m.tomghdev.voco: Using CollectorTypeCMC GC.
12-18 22:07:24.490 13531 13556 W Looper  : Slow dispatch took 236ms android.fg app=system_server main=false group=FOREGROUND h=android.os.Handler c=com.android.server.location.gnss.GnssLocationProvider$$ExternalSyntheticLambda23@9832524 m=0
12-18 22:07:24.514 18151 18151 I Monkey  : ## Network stats: elapsed time=1489ms (0ms mobile, 0ms wifi, 1489ms not connected)
12-18 22:07:24.527 18151 18151 I app_process: System.exit called, status: 0
12-18 22:07:24.527 18151 18151 I AndroidRuntime: VM exiting with result code 0.
12-18 22:07:24.654 14032 18167 D android.hardware.gnss-service.ranchu: GnssHwListener:consume:87 sz=64
12-18 22:07:24.656 14032 18167 D android.hardware.gnss-service.ranchu: Gnss:onGnssLocationCb:311
12-18 22:07:24.656 14032 18167 D android.hardware.gnss-service.ranchu: Gnss:onGnssLocationCb:321
12-18 22:07:24.928 14032 18167 D android.hardware.gnss-service.ranchu: GnssHwListener:consume:87 sz=64
12-18 22:07:25.028 13531 13557 W Looper  : Slow dispatch took 240ms android.ui app=system_server main=false group=TOP_APP h=android.os.Handler c=android.database.ContentObserver$$ExternalSyntheticLambda1@c009089 m=0
12-18 22:07:25.102 14214 14214 D b/417220811: invalidateLoadedTasks - previous requestLoadId: -1
12-18 22:07:25.163 14032 18167 D android.hardware.gnss-service.ranchu: GnssHwListener:consume:87 sz=64
12-18 22:07:25.163 14032 18167 D android.hardware.gnss-service.ranchu: Gnss:onGnssLocationCb:311
12-18 22:07:25.163 14032 18167 D android.hardware.gnss-service.ranchu: Gnss:onGnssLocationCb:321
12-18 22:07:25.173 17674 17722 I Choreographer: Skipped 90 frames!  The application may be doing too much work on its main thread.
12-18 22:07:25.174 18169 18169 D nativeloader: Load libframework-connectivity-tiramisu-jni.so using APEX ns com_android_tethering for caller /apex/com.android.tethering/javalib/framework-connectivity-t.jar: ok
12-18 22:07:25.381 13531 13766 I EventHub: Removing device '/dev/input/event13' due to inotify event
12-18 22:07:25.382 13531 13766 I EventHub: Removed device: path=/dev/input/event13 name=Monkey touch id=15 fd=599 classes=TOUCH | TOUCH_MT
12-18 22:07:25.388 13531 13766 I InputReader: Device removed: id=15, eventHubId=15, name='Monkey touch', descriptor='e1fe28b90f915c7d1febbd52c1ef84b3c4cbed9f', sources=TOUCHSCREEN
12-18 22:07:25.574 17674 18168 I HWUI    : Davey! duration=1553ms; Flags=1, FrameTimelineVsyncId=150610, IntendedVsync=5334534757939, Vsync=5334734757919, InputEventId=0, HandleInputStart=5334741816666, AnimationStart=5334741817291, PerformTraversalsStart=5334741867375, DrawStart=5335805671583, FrameDeadline=5334551424605, FrameStartTime=5334741666458, FrameInterval=16666665, WorkloadTarget=16666666, SyncQueued=5335806038792, SyncStart=5335832793000, IssueDrawCommandsStart=5335838154917, SwapBuffers=5335905588625, FrameCompleted=5336115385875, DequeueBufferDuration=9750, QueueBufferDuration=4753541, GpuCompleted=5336114833875, SwapBuffersCompleted=5336115385875, DisplayPresentTime=4575657221408423936, CommandSubmissionCompleted=5335905588625, 
12-18 22:07:25.970 14032 18167 D android.hardware.gnss-service.ranchu: GnssHwListener:consume:87 sz=64
12-18 22:07:26.108 17674 18168 W libbinder.Binder: Binder transaction to android.gui.ITransactionComposerListener code 1 took 1037ms. Data bytes: 448 Reply bytes: 0 Flags: 17
12-18 22:07:26.166 13531 13560 I Choreographer: Skipped 59 frames!  The application may be doing too much work on its main thread.
12-18 22:07:26.264 17674 17712 V ShellTaskOrganizer: Task appeared taskId=22 listener=FullscreenTaskListener
12-18 22:07:26.264 17674 17712 V ShellTaskOrganizer: Fullscreen Task Appeared: #22
12-18 22:07:26.266 14214 14214 D b/417220811: invalidateLoadedTasks - previous requestLoadId: -1
12-18 22:07:26.300 17674 17684 V WindowManagerShell: onTransitionReady(transaction=58115202484737)
12-18 22:07:26.301 17674 17712 V WindowManagerShell: onTransitionReady (#24) android.os.BinderProxy@c416799: {id=24 t=OPEN f=0x0 trk=0 r=[0@Point(0, 0)] c=[
12-18 22:07:26.301 17674 17712 V WindowManagerShell:         {m=OPEN f=NONE leash=Surface(name=Task=22#691)/@0x9b6952f sb=Rect(0, 0 - 1080, 2400) eb=Rect(0, 0 - 1080, 2400) epz=Point(1080, 2400) d=0 taskParent=-1 winMode=1 userId=0},
12-18 22:07:26.301 17674 17712 V WindowManagerShell:         {m=TO_BACK f=SHOW_WALLPAPER leash=Surface(name=Task=1#471)/@0x58c073c sb=Rect(0, 0 - 1080, 2400) eb=Rect(0, 0 - 1080, 2400) epz=Point(1080, 2400) d=0 taskParent=-1 winMode=1 userId=0},
12-18 22:07:26.301 17674 17712 V WindowManagerShell:         {m=TO_BACK f=IS_WALLPAPER leash=Surface(name=WallpaperWindowToken{57a4bd0}#399)/@0xb3b8cc5 sb=Rect(0, 0 - 1080, 2400) eb=Rect(0, 0 - 1080, 2400) epz=Point(1080, 2400) d=0}
12-18 22:07:26.301 17674 17712 V WindowManagerShell:     ]}
12-18 22:07:26.302 17674 17712 V WindowManagerShell: Playing animation for (#24) android.os.BinderProxy@c416799@0
12-18 22:07:26.304 17674 17712 V ShellRecents: RecentsTransitionHandler.startAnimation: no controller found
12-18 22:07:26.304 17674 17712 V WindowManagerShell: Transition doesn't have explicit remote, search filters for match for {id=24 t=OPEN f=0x0 trk=0 r=[0@Point(0, 0)] c=[{m=OPEN f=NONE leash=Surface(name=Task=22#691)/@0x9b6952f sb=Rect(0, 0 - 1080, 2400) eb=Rect(0, 0 - 1080, 2400) epz=Point(1080, 2400) d=0 taskParent=-1 winMode=1 userId=0},{m=TO_BACK f=SHOW_WALLPAPER leash=Surface(name=Task=1#471)/@0x58c073c sb=Rect(0, 0 - 1080, 2400) eb=Rect(0, 0 - 1080, 2400) epz=Point(1080, 2400) d=0 taskParent=-1 winMode=1 userId=0},{m=TO_BACK f=IS_WALLPAPER leash=Surface(name=WallpaperWindowToken{57a4bd0}#399)/@0xb3b8cc5 sb=Rect(0, 0 - 1080, 2400) eb=Rect(0, 0 - 1080, 2400) epz=Point(1080, 2400) d=0}]}
12-18 22:07:26.305 17674 17712 V WindowManagerShell:  Checking filter Pair{{types=[] flags=0x0] notFlags=0x0 checks=[{atype=undefined independent=true modes=[CLOSE,TO_BACK] flags=IN_TASK_WITH_EMBEDDED_ACTIVITY mustBeTask=false order=ANY topActivity=null launchCookie=null taskFragmentToken=android.os.BinderProxy@6730948 windowingMode=undefined isCrossDisplayMove=false}]} RemoteTransition { remoteTransition = android.window.IRemoteTransition$Stub$Proxy@17f13e1, appThread = android.app.IApplicationThread$Stub$Proxy@c303506, debugName = overlayBackTransition }}
12-18 22:07:26.305 17674 17712 V WindowManagerShell:  Checking filter Pair{{types=[] flags=0x0] notFlags=0x0 checks=[{atype=dream independent=true modes=[OPEN,TO_FRONT] flags=NONE mustBeTask=false order=ANY topActivity=null launchCookie=null windowingMode=undefined isCrossDisplayMove=false},{atype=home independent=true modes=[CLOSE,TO_BACK] flags=NONE mustBeTask=false order=ANY topActivity=null launchCookie=null windowingMode=undefined isCrossDisplayMove=false}]} RemoteTransition { remoteTransition = android.window.IRemoteTransition$Stub$Proxy@95297c7, appThread = android.app.IApplicationThread$Stub$Proxy@d5371f4, debugName = LauncherToDream }}
12-18 22:07:26.305 17674 17712 V WindowManagerShell:  Checking filter Pair{{types=[] flags=0x0] notFlags=0x100 checks=[{atype=home independent=true modes=[OPEN,TO_FRONT] flags=NONE mustBeTask=false order=TOP topActivity=ComponentInfo{com.google.android.apps.nexuslauncher/com.google.android.apps.nexuslauncher.NexusLauncherActivity} launchCookie=null windowingMode=undefined isCrossDisplayMove=false},{atype=standard independent=true modes=[CLOSE,TO_BACK] flags=NONE mustBeTask=false order=ANY topActivity=null launchCookie=null windowingMode=undefined isCrossDisplayMove=false},{NOT atype=undefined independent=true modes=[] flags=NONE mustBeTask=true order=ANY topActivity=null launchCookie=null customAnim=true windowingMode=undefined isCrossDisplayMove=false}]} RemoteTransition { remoteTransition = android.window.IRemoteTransition$Stub$Proxy@ff80d1d, appThread = android.app.IApplicationThread$Stub$Proxy@20a9b92, debugName = QuickstepLaunchHome }}
12-18 22:07:26.305 17674 17712 V WindowManagerShell:  Delegate animation for (#24) to null
12-18 22:07:26.305 17674 17712 V WindowManagerShell: start default transition animation, info = {id=24 t=OPEN f=0x0 trk=0 r=[0@Point(0, 0)] c=[{m=OPEN f=NONE leash=Surface(name=Task=22#691)/@0x9b6952f sb=Rect(0, 0 - 1080, 2400) eb=Rect(0, 0 - 1080, 2400) epz=Point(1080, 2400) d=0 taskParent=-1 winMode=1 userId=0},{m=TO_BACK f=SHOW_WALLPAPER leash=Surface(name=Task=1#471)/@0x58c073c sb=Rect(0, 0 - 1080, 2400) eb=Rect(0, 0 - 1080, 2400) epz=Point(1080, 2400) d=0 taskParent=-1 winMode=1 userId=0},{m=TO_BACK f=IS_WALLPAPER leash=Surface(name=WallpaperWindowToken{57a4bd0}#399)/@0xb3b8cc5 sb=Rect(0, 0 - 1080, 2400) eb=Rect(0, 0 - 1080, 2400) epz=Point(1080, 2400) d=0}]}
12-18 22:07:26.376 17674 17712 V WindowManagerShell: loadAnimation: anim=android.view.animation.AnimationSet@a1554b animAttr=0x13 type=OPEN isEntrance=false
12-18 22:07:26.377 17674 17712 V WindowManagerShell: loadAnimation: anim=android.view.animation.AnimationSet@fb05b28 animAttr=0x12 type=OPEN isEntrance=true
12-18 22:07:26.380 17674 17712 V WindowManagerShell:  animated by com.android.wm.shell.transition.DefaultTransitionHandler@755de13
12-18 22:07:26.414 13531 13559 D WindowManager: Direct invocation of sendNewConfiguration: Display{#0 state=ON size=1080x2400 ROTATION_0}
12-18 22:07:26.416 14032 18167 D android.hardware.gnss-service.ranchu: GnssHwListener:consume:87 sz=64
12-18 22:07:26.416 14032 18167 D android.hardware.gnss-service.ranchu: Gnss:onGnssLocationCb:311
12-18 22:07:26.416 14032 18167 D android.hardware.gnss-service.ranchu: Gnss:onGnssLocationCb:321
12-18 22:07:26.417 13531 13556 V WindowManager: Sent Transition (#24) createdAt=12-18 22:07:23.091 via request=TransitionRequestInfo { type = OPEN, triggerTask = TaskInfo{userId=0 taskId=22 effectiveUid=10218 displayId=0 isRunning=true baseIntent=Intent { act=android.intent.action.MAIN cat=[android.intent.category.LAUNCHER] flg=0x10200000 cmp=com.tomghdev.voco/.MainActivity } baseActivity=ComponentInfo{com.tomghdev.voco/com.tomghdev.voco.MainActivity} topActivity=ComponentInfo{com.tomghdev.voco/com.tomghdev.voco.MainActivity} origActivity=null realActivity=ComponentInfo{com.tomghdev.voco/com.tomghdev.voco.MainActivity} numActivities=1 lastActiveTime=5334486 supportsMultiWindow=true resizeMode=1 isResizeable=true minWidth=-1 minHeight=-1 defaultMinSize=220 token=WCT{RemoteToken{b58ac45 Task{253ae60 #22 type=standard A=10218:com.tomghdev.voco}}} topActivityType=1 pictureInPictureParams=null shouldDockBigOverlays=false launchIntoPipHostTaskId=-1 lastParentTaskIdBeforePip=-1 displayCutoutSafeInsets=Rect(0, 0 - 0, 0) topActivityInfo=ActivityInfo{b9c8f9a com.tomghdev.voco.MainActivity} launchCookies=[] positionInParent=Point(0, 0) parentTaskId=-1 isFocused=false isVisible=false isVisibleRequested=false isTopActivityNoDisplay=false isSleeping=false locusId=null displayAreaFeatureId=1 isTopActivityTransparent=false isActivityStackTransparent=false lastNonFullscreenBounds=null capturedLink=null capturedLinkTimestamp=0 requestedVisibleTypes=503 topActivityRequestOpenInBrowserEducationTimestamp=0 appCompatTaskInfo=AppCompatTaskInfo { topActivityInSizeCompat=false isLeafTask= true eligibleForLetterboxEducation= false isLetterboxEducationEnabled= true isLetterboxDoubleTapEnabled= false eligibleForUserAspectRatioButton= false topActivityBoundsLetterboxed= false isFromLetterboxDoubleTap= false topActivityLetterboxVerticalPosition= -1 topActivityLetterboxHorizontalPosition= -1 topActivityLetterboxWidth=-1 topActivityLetterboxHeight=-1 topActivityAppBounds=Rect(0, 0 - 1080, 2400) isUserFullscreenOverrideEnabled=false isSystemFullscreenOverrideEnabled=false hasMinAspectRatioOverride=false topActivityLetterboxBounds=null cameraCompatTaskInfo=CameraCompatTaskInfo { cameraCompatMode=inactive0} topNonResizableActivityAspectRatio=-1.0} topActivityMainWindowFrame=null isAppBubble=false}, pipChange = null, remoteTransition = null, displayChange = null, requestedLocation = null, userChange = null, windowingLayerChange = null, flags = 0, debugId = 24 }
12-18 22:07:26.418 13531 13556 V WindowManager:     startWCT=WindowContainerTransaction { changes= {} hops= [] errorCallbackToken=null taskFragmentOrganizer=null }
12-18 22:07:26.428 13531 13556 V WindowManager:     info={id=24 t=OPEN f=0x0 trk=0 r=[0@Point(0, 0)] c=[
12-18 22:07:26.428 13531 13556 V WindowManager:         {WCT{RemoteToken{b58ac45 Task{253ae60 #22 type=standard A=10218:com.tomghdev.voco}}} m=OPEN f=NONE leash=Surface(name=Task=22#691)/@0xfbbc8af sb=Rect(0, 0 - 1080, 2400) eb=Rect(0, 0 - 1080, 2400) epz=Point(1080, 2400) d=0 taskParent=-1 winMode=1 userId=0},
12-18 22:07:26.428 13531 13556 V WindowManager:         {WCT{RemoteToken{17b0a45 Task{52cf72d #1 type=home}}} m=TO_BACK f=SHOW_WALLPAPER leash=Surface(name=Task=1#471)/@0x510bfed sb=Rect(0, 0 - 1080, 2400) eb=Rect(0, 0 - 1080, 2400) epz=Point(1080, 2400) d=0 taskParent=-1 winMode=1 userId=0},
12-18 22:07:26.428 13531 13556 V WindowManager:         {m=TO_BACK f=IS_WALLPAPER leash=Surface(name=WallpaperWindowToken{57a4bd0}#399)/@0x5ff7534 sb=Rect(0, 0 - 1080, 2400) eb=Rect(0, 0 - 1080, 2400) epz=Point(1080, 2400) d=0}
12-18 22:07:26.428 13531 13556 V WindowManager:     ]}
12-18 22:07:26.498 13531 13556 W Looper  : Slow delivery took 217ms android.fg app=system_server main=false group=FOREGROUND h=android.os.Handler c=com.android.server.wm.TransitionController$Logger@8640cb m=0
12-18 22:07:26.502 13531 13556 W Looper  : Slow dispatch took 121ms android.fg app=system_server main=false group=FOREGROUND h=android.os.Handler c=com.android.server.wm.TransitionController$Logger@8640cb m=0
12-18 22:07:26.507 13531 13559 W libbinder.IPCThreadState: Sending oneway calls to frozen process.
12-18 22:07:26.507 13531 13559 W libbinder.IPCThreadState: Sending oneway calls to frozen process.
12-18 22:07:26.619 16259 16259 I PkDeviceHelper: PkDeviceHelper.refreshDevices():93 refreshing devices
12-18 22:07:26.620 16259 16259 I PkDeviceHelper: PkDeviceHelper.addDevice():133 device qwerty2 added
12-18 22:07:26.646 16259 16259 W NotificationCenter: NotificationCenter$NotificationQueue.notifyPendingNotificationsOnExecutor():877 Heavy notify work detected on UI thread: [lom->jpv, lom->ngr] takes 30ms
12-18 22:07:26.647 17674 17730 W Looper  : Slow dispatch took 2118ms SysUiBg app=com.android.systemui main=false group=TOP_APP h=android.os.Handler c=com.android.systemui.statusbar.policy.RotationLockControllerImpl$$ExternalSyntheticLambda0@14401d4 m=0
12-18 22:07:26.711 13531 13531 W Looper  : Slow dispatch took 191ms main app=system_server main=true group=FOREGROUND h=com.android.server.power.Notifier$NotifierHandler c=com.android.server.power.Notifier$$ExternalSyntheticLambda2@8e9a0a8 m=0
12-18 22:07:26.712 13531 13531 W Looper  : Slow delivery took 209ms main app=system_server main=true group=FOREGROUND h=com.android.server.power.Notifier$NotifierHandler c=com.android.server.power.Notifier$$ExternalSyntheticLambda2@45cc7c1 m=0
12-18 22:07:26.857 13531 13777 W ActivityManager: Slow operation: 354ms so far, now at attachApplicationLocked: immediately before bindApplication
12-18 22:07:26.862 13531 13777 W ActivityManager: Slow operation: 359ms so far, now at attachApplicationLocked: immediately after bindApplication
12-18 22:07:26.862 13531 13777 W ActivityManager: Slow operation: 359ms so far, now at attachApplicationLocked: after updateLruProcessLocked
12-18 22:07:26.879 13531 13777 W ActivityManager: Slow operation: 376ms so far, now at attachApplicationLocked: after updateOomAdjLocked
12-18 22:07:26.920 14032 18167 D android.hardware.gnss-service.ranchu: GnssHwListener:consume:87 sz=64
12-18 22:07:26.926 14032 18167 D android.hardware.gnss-service.ranchu: GnssHwListener:consume:87 sz=64
12-18 22:07:26.926 14032 18167 D android.hardware.gnss-service.ranchu: Gnss:onGnssLocationCb:311
12-18 22:07:26.926 14032 18167 D android.hardware.gnss-service.ranchu: Gnss:onGnssLocationCb:333
12-18 22:07:26.927 17674 17712 V WindowManagerShell: Transition animation finished (aborted=false), notifying core (#24) android.os.BinderProxy@c416799@0
12-18 22:07:26.931 17674 17730 W Looper  : Slow delivery took 1895ms SysUiBg app=com.android.systemui main=false group=TOP_APP h=android.os.Handler c=com.android.systemui.navigationbar.gestural.EdgeBackGestureHandler$$ExternalSyntheticLambda4@7b8f7d m=0
12-18 22:07:26.940 13531 13531 W Looper  : Drained
12-18 22:07:26.964 13531 13556 V WindowManager: Finish Transition (#24): created at 12-18 22:07:23.091 collect-started=0.09ms request-sent=309.621ms started=472.487ms ready=2088.722ms sent=3061.79ms commit=371.822ms finished=3872.071ms
12-18 22:07:26.964 13531 13556 W Looper  : Drained
12-18 22:07:27.093 17674 17782 D WallpaperService: onVisibilityChanged(false): com.android.systemui.wallpapers.ImageWallpaper$CanvasEngine@15896e0
12-18 22:07:27.110 14214 14214 D VRI[NexusLauncherActivity]: visibilityChanged oldVisibility=true newVisibility=false
12-18 22:07:27.129 14214 14214 D NexusLauncherModelDelegate: notifySmartspaceEvent: SmartspaceTargetEvent{mSmartspaceTarget=null, mSmartspaceActionId='null', mEventType=7}
12-18 22:07:27.149 13531 13559 W PermissionService: getPermissionFlags: Unknown user -1
12-18 22:07:27.149 13531 13559 W PermissionService: getPermissionFlags: Unknown user -1
12-18 22:07:27.176 17674 17712 V WindowManagerShell: Track 0 became idle
12-18 22:07:27.176 17674 17712 V WindowManagerShell: All active transition animations finished
12-18 22:07:27.178 17674 17712 D Bubbles : onLocusVisibilityChanged=Overview|DISABLED visible=false taskId=1
12-18 22:07:27.274 13531 13870 D BackgroundInstallControlService: Package event received: 0
12-18 22:07:27.297 17674 17674 D NavigationModeController: getCurrentUserContext: contextUser=0 currentUser=0
12-18 22:07:27.391 13531 13531 W Looper  : Slow dispatch took 111ms main app=system_server main=true group=FOREGROUND h=com.android.server.power.Notifier$NotifierHandler c=com.android.server.power.Notifier$$ExternalSyntheticLambda2@eb8169e m=0
12-18 22:07:27.446 13531 13531 W Looper  : Slow delivery took 212ms main app=system_server main=true group=FOREGROUND h=com.android.server.notification.NotificationManagerService$WorkerHandler c=com.android.server.notification.NotificationManagerService$EnqueueNotificationRunnable@6f4694c m=0
12-18 22:07:27.481 13531 13556 E AppOps  : attributionTag UwbCountryCode not declared in manifest of android
12-18 22:07:27.484 13531 13556 W Looper  : Slow dispatch took 207ms android.fg app=system_server main=false group=FOREGROUND h=android.os.Handler c=com.android.server.location.gnss.GnssLocationProvider$$ExternalSyntheticLambda23@f8afeaa m=0
12-18 22:07:27.592 18181 18181 W libbinder.BackendUnifiedServiceManager: Thread Pool max thread count is 0. Cannot cache binder as linkToDeath cannot be implemented. serviceName: package
12-18 22:07:27.677 13531 13531 W Looper  : Slow dispatch took 111ms main app=system_server main=true group=FOREGROUND h=com.android.server.power.Notifier$NotifierHandler c=com.android.server.power.Notifier$$ExternalSyntheticLambda2@510e11 m=0
12-18 22:07:27.903 17674 17730 W Looper  : Drained
12-18 22:07:27.929 14032 18167 D android.hardware.gnss-service.ranchu: GnssHwListener:consume:87 sz=64
12-18 22:07:28.022 14032 18167 D android.hardware.gnss-service.ranchu: GnssHwListener:consume:87 sz=64
12-18 22:07:28.022 14032 18167 D android.hardware.gnss-service.ranchu: Gnss:onGnssLocationCb:311
12-18 22:07:28.022 14032 18167 D android.hardware.gnss-service.ranchu: Gnss:onGnssLocationCb:333
12-18 22:07:28.229 13531 14627 E TaskPersister: File error accessing recents directory (directory doesn't exist?).
12-18 22:07:28.258 13531 13531 W Looper  : Slow dispatch took 581ms main app=system_server main=true group=FOREGROUND h=com.android.server.notification.NotificationManagerService$WorkerHandler c=com.android.server.notification.NotificationManagerService$PostNotificationRunnable@8413c6f m=0
12-18 22:07:28.262 13531 13531 W Looper  : Drained
12-18 22:07:28.264 13531 13634 D OomAdjuster: Not killing cached processes
12-18 22:07:28.265 15616 15886 W AiAiEcho: LyftNotificationParser Ridesharing ETA not enabled
